../Drivers/STM32F4xx_HAL_Driver/Inc/stm32f4xx_ll_adc.h:2490:22:LL_ADC_REG_SetSequencerRanks	40	static,ignoring_inline_asm
../Drivers/STM32F4xx_HAL_Driver/Inc/stm32f4xx_ll_adc.h:3918:22:LL_ADC_REG_StartConversionSWStart	16	static
../Drivers/STM32F4xx_HAL_Driver/Inc/stm32f4xx_ll_adc.h:3986:26:LL_ADC_REG_ReadConversionData12	16	static
../Drivers/STM32F4xx_HAL_Driver/Inc/stm32f4xx_ll_adc.h:4287:26:LL_ADC_IsActiveFlag_EOCS	16	static
../Drivers/STM32F4xx_HAL_Driver/Inc/stm32f4xx_ll_adc.h:4340:22:LL_ADC_ClearFlag_EOCS	16	static
../Drivers/STM32F4xx_HAL_Driver/Inc/stm32f4xx_ll_tim.h:3182:22:LL_TIM_ClearFlag_UPDATE	16	static
/Users/j93es/workspace/c/line-tracer/DC_Tracer/Dc-Nucleo-Linetracer/External Library/Inc/custom_gpio.h:23:20:Custom_GPIO_Set	24	static
/Users/j93es/workspace/c/line-tracer/DC_Tracer/Dc-Nucleo-Linetracer/Main/Inc/sensor.h:57:26:ADC_Read	16	static,ignoring_inline_asm
/Users/j93es/workspace/c/line-tracer/DC_Tracer/Dc-Nucleo-Linetracer/Main/Inc/sensor.h:72:25:Sensor_ADC_Midian_Filter	16	static
/Users/j93es/workspace/c/line-tracer/DC_Tracer/Dc-Nucleo-Linetracer/Main/Inc/sensor.h:94:22:Make_Sensor_Raw_Vals	24	static
/Users/j93es/workspace/c/line-tracer/DC_Tracer/Dc-Nucleo-Linetracer/Main/Inc/sensor.h:107:22:Make_Sensor_Norm_Vals	16	static
/Users/j93es/workspace/c/line-tracer/DC_Tracer/Dc-Nucleo-Linetracer/Main/Inc/sensor.h:128:22:Make_Sensor_State	16	static
/Users/j93es/workspace/c/line-tracer/DC_Tracer/Dc-Nucleo-Linetracer/Main/Inc/sensor.h:142:23:Make_Voltage_Raw_Val	8	static
/Users/j93es/workspace/c/line-tracer/DC_Tracer/Dc-Nucleo-Linetracer/Main/Inc/sensor.h:149:22:Make_Battery_Voltage	24	static
/Users/j93es/workspace/c/line-tracer/DC_Tracer/Dc-Nucleo-Linetracer/Main/Inc/sensor.h:186:22:Position_Windowing	16	static
/Users/j93es/workspace/c/line-tracer/DC_Tracer/Dc-Nucleo-Linetracer/Main/Inc/sensor.h:198:22:Sum_Position_Val	16	static
/Users/j93es/workspace/c/line-tracer/DC_Tracer/Dc-Nucleo-Linetracer/Main/Inc/sensor.h:210:22:Make_Position_Val	4	static
/Users/j93es/workspace/c/line-tracer/DC_Tracer/Dc-Nucleo-Linetracer/Main/Inc/sensor.h:220:22:Sensor_TIM5_IRQ	8	static
/Users/j93es/workspace/c/line-tracer/DC_Tracer/Dc-Nucleo-Linetracer/Main/Inc/motor.h:41:23:Make_Target_Encoder_Value_L	16	static
/Users/j93es/workspace/c/line-tracer/DC_Tracer/Dc-Nucleo-Linetracer/Main/Inc/motor.h:62:25:Get_Current_Encoder_Value_L	4	static
/Users/j93es/workspace/c/line-tracer/DC_Tracer/Dc-Nucleo-Linetracer/Main/Inc/motor.h:68:23:Make_Target_Encoder_Value_R	16	static
/Users/j93es/workspace/c/line-tracer/DC_Tracer/Dc-Nucleo-Linetracer/Main/Inc/motor.h:89:25:Get_Current_Encoder_Value_R	4	static
/Users/j93es/workspace/c/line-tracer/DC_Tracer/Dc-Nucleo-Linetracer/Main/Inc/motor.h:101:23:Make_P_Term	24	static
/Users/j93es/workspace/c/line-tracer/DC_Tracer/Dc-Nucleo-Linetracer/Main/Inc/motor.h:109:25:Make_Error_Diff	32	static
/Users/j93es/workspace/c/line-tracer/DC_Tracer/Dc-Nucleo-Linetracer/Main/Inc/motor.h:118:23:Make_D_Term	24	static
/Users/j93es/workspace/c/line-tracer/DC_Tracer/Dc-Nucleo-Linetracer/Main/Inc/motor.h:126:23:Get_Duty_Ratio	24	static
/Users/j93es/workspace/c/line-tracer/DC_Tracer/Dc-Nucleo-Linetracer/Main/Inc/motor.h:135:26:Get_Level_CCR	24	static
/Users/j93es/workspace/c/line-tracer/DC_Tracer/Dc-Nucleo-Linetracer/Main/Inc/motor.h:150:22:Motor_CCR_Control	16	static
/Users/j93es/workspace/c/line-tracer/DC_Tracer/Dc-Nucleo-Linetracer/Main/Inc/motor.h:158:22:Motor_Direction_Control	16	static
/Users/j93es/workspace/c/line-tracer/DC_Tracer/Dc-Nucleo-Linetracer/Main/Inc/motor.h:173:22:Adjust_Encoder_Values_L	24	static
/Users/j93es/workspace/c/line-tracer/DC_Tracer/Dc-Nucleo-Linetracer/Main/Inc/motor.h:191:22:Adjust_Encoder_Values_R	24	static
/Users/j93es/workspace/c/line-tracer/DC_Tracer/Dc-Nucleo-Linetracer/Main/Inc/motor.h:217:22:Motor_Speed_Control	72	static
/Users/j93es/workspace/c/line-tracer/DC_Tracer/Dc-Nucleo-Linetracer/Main/Inc/drive_speed_ctrl.h:20:22:Drive_Speed_Accele_Control	4	static
/Users/j93es/workspace/c/line-tracer/DC_Tracer/Dc-Nucleo-Linetracer/Main/Inc/drive_speed_ctrl.h:129:22:Drive_TIM9_IRQ	8	static
../Core/Src/stm32f4xx_it.c:74:6:NMI_Handler	4	static
../Core/Src/stm32f4xx_it.c:88:6:HardFault_Handler	8	static
../Core/Src/stm32f4xx_it.c:104:6:MemManage_Handler	8	static
../Core/Src/stm32f4xx_it.c:120:6:BusFault_Handler	8	static
../Core/Src/stm32f4xx_it.c:136:6:UsageFault_Handler	8	static
../Core/Src/stm32f4xx_it.c:152:6:SVC_Handler	4	static
../Core/Src/stm32f4xx_it.c:165:6:DebugMon_Handler	4	static
../Core/Src/stm32f4xx_it.c:178:6:PendSV_Handler	4	static
../Core/Src/stm32f4xx_it.c:190:6:SysTick_Handler	4	static
../Core/Src/stm32f4xx_it.c:210:6:ADC_IRQHandler	4	static
../Core/Src/stm32f4xx_it.c:224:6:TIM1_BRK_TIM9_IRQHandler	8	static
../Core/Src/stm32f4xx_it.c:238:6:TIM5_IRQHandler	8	static
