../Drivers/STM32F4xx_HAL_Driver/Inc/stm32f4xx_ll_adc.h:2490:22:LL_ADC_REG_SetSequencerRanks	40	static,ignoring_inline_asm
../Drivers/STM32F4xx_HAL_Driver/Inc/stm32f4xx_ll_adc.h:3918:22:LL_ADC_REG_StartConversionSWStart	16	static
../Drivers/STM32F4xx_HAL_Driver/Inc/stm32f4xx_ll_adc.h:3986:26:LL_ADC_REG_ReadConversionData12	16	static
../Drivers/STM32F4xx_HAL_Driver/Inc/stm32f4xx_ll_adc.h:4287:26:LL_ADC_IsActiveFlag_EOCS	16	static
../Drivers/STM32F4xx_HAL_Driver/Inc/stm32f4xx_ll_adc.h:4340:22:LL_ADC_ClearFlag_EOCS	16	static
../Drivers/STM32F4xx_HAL_Driver/Inc/stm32f4xx_ll_tim.h:3182:22:LL_TIM_ClearFlag_UPDATE	16	static
/Users/j93es/workspace/imbedded/dc-linetracer/Dc-Nucleo-Linetracer/External Library/Inc/custom_gpio.h:23:20:Custom_GPIO_Set	24	static
/Users/j93es/workspace/imbedded/dc-linetracer/Dc-Nucleo-Linetracer/Main/Inc/sensor.h:56:26:ADC_Read	16	static,ignoring_inline_asm
/Users/j93es/workspace/imbedded/dc-linetracer/Dc-Nucleo-Linetracer/Main/Inc/sensor.h:72:22:Make_Sensor_Raw_Vals	32	static
/Users/j93es/workspace/imbedded/dc-linetracer/Dc-Nucleo-Linetracer/Main/Inc/sensor.h:149:22:Make_Sensor_Norm_Vals	16	static
/Users/j93es/workspace/imbedded/dc-linetracer/Dc-Nucleo-Linetracer/Main/Inc/sensor.h:172:22:Make_Sensor_State	24	static
/Users/j93es/workspace/imbedded/dc-linetracer/Dc-Nucleo-Linetracer/Main/Inc/sensor.h:188:23:Make_Voltage_Raw_Val	8	static
/Users/j93es/workspace/imbedded/dc-linetracer/Dc-Nucleo-Linetracer/Main/Inc/sensor.h:195:22:Make_Battery_Voltage	32	static
/Users/j93es/workspace/imbedded/dc-linetracer/Dc-Nucleo-Linetracer/Main/Inc/sensor.h:236:22:Sensor_TIM5_IRQ	8	static
/Users/j93es/workspace/imbedded/dc-linetracer/Dc-Nucleo-Linetracer/Main/Inc/motor.h:124:22:Motor_Speed_Control	88	static
/Users/j93es/workspace/imbedded/dc-linetracer/Dc-Nucleo-Linetracer/Main/Inc/drive_speed_cntl.h:23:22:Drive_Speed_Accele_Control	4	static
/Users/j93es/workspace/imbedded/dc-linetracer/Dc-Nucleo-Linetracer/Main/Inc/drive_speed_cntl.h:68:22:Make_Limited_Position	16	static
/Users/j93es/workspace/imbedded/dc-linetracer/Dc-Nucleo-Linetracer/Main/Inc/drive_speed_cntl.h:92:22:Make_Inline_Val	16	static
/Users/j93es/workspace/imbedded/dc-linetracer/Dc-Nucleo-Linetracer/Main/Inc/drive_speed_cntl.h:122:22:Drive_TIM9_IRQ	24	static
../Core/Src/stm32f4xx_it.c:74:6:NMI_Handler	4	static
../Core/Src/stm32f4xx_it.c:88:6:HardFault_Handler	8	static
../Core/Src/stm32f4xx_it.c:104:6:MemManage_Handler	8	static
../Core/Src/stm32f4xx_it.c:120:6:BusFault_Handler	8	static
../Core/Src/stm32f4xx_it.c:136:6:UsageFault_Handler	8	static
../Core/Src/stm32f4xx_it.c:152:6:SVC_Handler	4	static
../Core/Src/stm32f4xx_it.c:165:6:DebugMon_Handler	4	static
../Core/Src/stm32f4xx_it.c:178:6:PendSV_Handler	4	static
../Core/Src/stm32f4xx_it.c:190:6:SysTick_Handler	4	static
../Core/Src/stm32f4xx_it.c:210:6:TIM1_BRK_TIM9_IRQHandler	8	static
../Core/Src/stm32f4xx_it.c:224:6:TIM5_IRQHandler	8	static
