/Users/j93es/workspace/imbedded/dc-linetracer/latest/Dc-Nucleo-Linetracer/Main/Inc/mark.h:17:23:Mark_Masking_Init	4	static
../Main/Src/drive_preset.c:21:6:Drive_Optimize_Setting	88	static
../Main/Src/drive_preset.c:35:6:Pre_Drive_Setting	8	static
../Main/Src/drive_preset.c:51:6:Pre_Drive_Read_Map	8	static
../Main/Src/drive_preset.c:62:6:Pre_Drive_Second_Norm	8	static
../Main/Src/drive_preset.c:82:13:Adjust_First_Drive	120	static
../Main/Src/drive_preset.c:106:13:Adjust_Straight_Boost	176	static
../Main/Src/drive_preset.c:130:13:Adjust_Curve_Boost	48	static
../Main/Src/drive_preset.c:143:13:Adjust_Int_Val	24	static
../Main/Src/drive_preset.c:180:13:Adjust_Float_Val	32	static
../Main/Src/drive_preset.c:218:6:Pre_Drive_Var_Init	40	static
