/Users/j93es/workspace/c/line-tracer/DC_Tracer/Dc-Nucleo-Linetracer/External Library/Inc/custom_delay.h:20:22:Custom_Delay_us	16	static
/Users/j93es/workspace/c/line-tracer/DC_Tracer/Dc-Nucleo-Linetracer/External Library/Inc/custom_delay.h:28:22:Custom_Delay_ms	16	static
/Users/j93es/workspace/c/line-tracer/DC_Tracer/Dc-Nucleo-Linetracer/Main/Inc/drive_speed_ctrl.h:164:22:Drive_Fit_In	16	static
/Users/j93es/workspace/c/line-tracer/DC_Tracer/Dc-Nucleo-Linetracer/Main/Inc/drive_speed_ctrl.h:174:25:Is_Drive_End	16	static
/Users/j93es/workspace/c/line-tracer/DC_Tracer/Dc-Nucleo-Linetracer/Main/Inc/drive_state_machine.h:18:22:Mark_Masking	4	static
/Users/j93es/workspace/c/line-tracer/DC_Tracer/Dc-Nucleo-Linetracer/Main/Inc/drive_state_machine.h:30:22:Decision	16	static
/Users/j93es/workspace/c/line-tracer/DC_Tracer/Dc-Nucleo-Linetracer/Main/Inc/drive_state_machine.h:82:22:Drive_State_Machine	8	static
../Main/Src/first_drive.c:18:6:First_Drive	24	static
../Main/Src/first_drive.c:66:22:First_Drive_Ctrl	8	static
../Main/Src/first_drive.c:83:22:Set_First_Drive_Data	4	static
../Main/Src/first_drive.c:150:13:First_Drive_Data_Cntl	32	static
../Main/Src/first_drive.c:218:13:First_Drive_Data_Update_Cntl	32	static
../Main/Src/first_drive.c:262:6:Drive_Time_Attack_Get_Data	8	static
../Main/Src/first_drive.c:308:6:Drive_Time_Attack	48	static
