/Users/j93es/workspace/imbedded/dc-linetracer/latest/Dc-Nucleo-Linetracer/External Library/Inc/custom_delay.h:20:22:Custom_Delay_us	16	static
/Users/j93es/workspace/imbedded/dc-linetracer/latest/Dc-Nucleo-Linetracer/External Library/Inc/custom_delay.h:28:22:Custom_Delay_ms	16	static
/Users/j93es/workspace/imbedded/dc-linetracer/latest/Dc-Nucleo-Linetracer/Main/Inc/drive_speed_cntl.h:134:22:Drive_Fit_In	16	static
/Users/j93es/workspace/imbedded/dc-linetracer/latest/Dc-Nucleo-Linetracer/Main/Inc/drive_speed_cntl.h:144:25:Is_Drive_End	4	static
/Users/j93es/workspace/imbedded/dc-linetracer/latest/Dc-Nucleo-Linetracer/Main/Inc/mark.h:86:22:Mark_Masking	16	static
/Users/j93es/workspace/imbedded/dc-linetracer/latest/Dc-Nucleo-Linetracer/Main/Inc/mark.h:125:22:Mark_Accumming	16	static
/Users/j93es/workspace/imbedded/dc-linetracer/latest/Dc-Nucleo-Linetracer/Main/Inc/mark.h:160:22:Mark_Accumming_Reset	4	static
/Users/j93es/workspace/imbedded/dc-linetracer/latest/Dc-Nucleo-Linetracer/Main/Inc/mark.h:172:25:Is_Line_Out	4	static
/Users/j93es/workspace/imbedded/dc-linetracer/latest/Dc-Nucleo-Linetracer/Main/Inc/mark.h:184:25:Is_Passed_Marker	4	static
/Users/j93es/workspace/imbedded/dc-linetracer/latest/Dc-Nucleo-Linetracer/Main/Inc/mark.h:202:22:Mark_Decision	4	static
/Users/j93es/workspace/imbedded/dc-linetracer/latest/Dc-Nucleo-Linetracer/Main/Inc/mark.h:256:22:Mark	16	static
/Users/j93es/workspace/imbedded/dc-linetracer/latest/Dc-Nucleo-Linetracer/Main/Inc/positioning.h:14:22:Positioning	24	static
../Main/Src/first_drive.c:19:6:First_Drive	32	static
../Main/Src/first_drive.c:44:6:First_Drive_Read_Map	32	static
../Main/Src/first_drive.c:70:25:First_Driving	16	static
../Main/Src/first_drive.c:120:22:First_Drive_Cntl	8	static
../Main/Src/first_drive.c:197:22:Set_First_Drive_Data	4	static
../Main/Src/first_drive.c:231:13:First_Drive_Data_Cntl	64	static
../Main/Src/first_drive.c:320:13:First_Drive_Data_Update_Cntl	32	static
