/Users/j93es/workspace/imbedded/dc-linetracer/Dc-Nucleo-Linetracer/External Library/Inc/custom_delay.h:20:22:Custom_Delay_us	16	static
/Users/j93es/workspace/imbedded/dc-linetracer/Dc-Nucleo-Linetracer/External Library/Inc/custom_delay.h:28:22:Custom_Delay_ms	16	static
/Users/j93es/workspace/imbedded/dc-linetracer/Dc-Nucleo-Linetracer/Main/Inc/drive_speed_cntl.h:153:22:Drive_Fit_In	16	static
/Users/j93es/workspace/imbedded/dc-linetracer/Dc-Nucleo-Linetracer/Main/Inc/drive_speed_cntl.h:163:25:Is_Drive_End	4	static
/Users/j93es/workspace/imbedded/dc-linetracer/Dc-Nucleo-Linetracer/Main/Inc/mark.h:20:22:Mark_Masking	24	static
/Users/j93es/workspace/imbedded/dc-linetracer/Dc-Nucleo-Linetracer/Main/Inc/mark.h:47:22:Mark_Accumming	16	static
/Users/j93es/workspace/imbedded/dc-linetracer/Dc-Nucleo-Linetracer/Main/Inc/mark.h:83:22:Mark_Accumming_Reset	4	static
/Users/j93es/workspace/imbedded/dc-linetracer/Dc-Nucleo-Linetracer/Main/Inc/mark.h:95:25:Is_Line_Out	4	static
/Users/j93es/workspace/imbedded/dc-linetracer/Dc-Nucleo-Linetracer/Main/Inc/mark.h:107:25:Is_Passed_Marker	4	static
/Users/j93es/workspace/imbedded/dc-linetracer/Dc-Nucleo-Linetracer/Main/Inc/mark.h:125:22:Mark_Decision	4	static
/Users/j93es/workspace/imbedded/dc-linetracer/Dc-Nucleo-Linetracer/Main/Inc/mark.h:179:22:Mark	16	static
/Users/j93es/workspace/imbedded/dc-linetracer/Dc-Nucleo-Linetracer/Main/Inc/positioning.h:14:22:Position_Windowing	16	static
/Users/j93es/workspace/imbedded/dc-linetracer/Dc-Nucleo-Linetracer/Main/Inc/positioning.h:26:22:Sum_Position_Val	16	static
/Users/j93es/workspace/imbedded/dc-linetracer/Dc-Nucleo-Linetracer/Main/Inc/positioning.h:38:22:Make_Position_Val	4	static
/Users/j93es/workspace/imbedded/dc-linetracer/Dc-Nucleo-Linetracer/Main/Inc/positioning.h:47:22:Positioning	16	static
../Main/Src/first_drive.c:18:6:First_Drive	16	static
../Main/Src/first_drive.c:72:22:First_Drive_Cntl	8	static
../Main/Src/first_drive.c:151:22:Set_First_Drive_Data	4	static
../Main/Src/first_drive.c:179:13:First_Drive_Data_Cntl	32	static
../Main/Src/first_drive.c:247:13:First_Drive_Data_Update_Cntl	32	static
