C:/Users/j93es/Desktop/step_tracer_masterCode/Dc-Nucleo-Linetracer/External Library/Inc/custom_delay.h:20:22:Custom_Delay_us	16	static
C:/Users/j93es/Desktop/step_tracer_masterCode/Dc-Nucleo-Linetracer/External Library/Inc/custom_delay.h:28:22:Custom_Delay_ms	16	static
../Main/Src/first_drive.c:42:9:Get_Line_Sensor_Cnt	4	static
../Main/Src/first_drive.c:49:9:Get_Marker_Sensor_Cnt	4	static
../Main/Src/first_drive.c:57:6:First_Drive	24	static
../Main/Src/first_drive.c:108:6:Drive_State_Machine	8	static
../Main/Src/first_drive.c:217:6:Decision	16	static
../Main/Src/first_drive.c:272:6:Drive_Fit_In	16	static
../Main/Src/first_drive.c:282:9:Is_Drive_End	16	static
