../Drivers/STM32F4xx_HAL_Driver/Inc/stm32f4xx_ll_tim.h:1124:22:LL_TIM_EnableCounter	16	static
../Drivers/STM32F4xx_HAL_Driver/Inc/stm32f4xx_ll_tim.h:1135:22:LL_TIM_DisableCounter	16	static
../Drivers/STM32F4xx_HAL_Driver/Inc/stm32f4xx_ll_tim.h:1609:22:LL_TIM_CC_EnableChannel	16	static
../Drivers/STM32F4xx_HAL_Driver/Inc/stm32f4xx_ll_tim.h:1634:22:LL_TIM_CC_DisableChannel	16	static
../Drivers/STM32F4xx_HAL_Driver/Inc/stm32f4xx_ll_tim.h:2134:22:LL_TIM_OC_SetCompareCH2	16	static
/Users/j93es/workspace/imbedded/dc-linetracer/latest/Dc-Nucleo-Linetracer/External Library/Inc/custom_gpio.h:23:20:Custom_GPIO_Set	24	static
/Users/j93es/workspace/imbedded/dc-linetracer/latest/Dc-Nucleo-Linetracer/Main/Inc/mark.h:86:22:Mark_Masking	16	static
/Users/j93es/workspace/imbedded/dc-linetracer/latest/Dc-Nucleo-Linetracer/Main/Inc/mark.h:125:22:Mark_Accumming	16	static
/Users/j93es/workspace/imbedded/dc-linetracer/latest/Dc-Nucleo-Linetracer/Main/Inc/mark.h:160:22:Mark_Accumming_Reset	4	static
/Users/j93es/workspace/imbedded/dc-linetracer/latest/Dc-Nucleo-Linetracer/Main/Inc/mark.h:172:25:Is_Line_Out	4	static
/Users/j93es/workspace/imbedded/dc-linetracer/latest/Dc-Nucleo-Linetracer/Main/Inc/mark.h:184:25:Is_Passed_Marker	4	static
/Users/j93es/workspace/imbedded/dc-linetracer/latest/Dc-Nucleo-Linetracer/Main/Inc/mark.h:202:22:Mark_Decision	4	static
/Users/j93es/workspace/imbedded/dc-linetracer/latest/Dc-Nucleo-Linetracer/Main/Inc/mark.h:256:22:Mark	16	static
/Users/j93es/workspace/imbedded/dc-linetracer/latest/Dc-Nucleo-Linetracer/Main/Inc/positioning.h:14:22:Positioning	24	static
../Main/Src/linetracer_test.c:10:6:Switch_Test	16	static
../Main/Src/linetracer_test.c:49:6:Sensor_Test_Raw	48	static
../Main/Src/linetracer_test.c:75:6:Sensor_Test_Normalized	48	static
../Main/Src/linetracer_test.c:99:6:Sensor_Test_State	56	static
../Main/Src/linetracer_test.c:135:6:Battery_Test_Voltage	8	static
../Main/Src/linetracer_test.c:153:6:MotorR_Test_Duty	24	static
../Main/Src/linetracer_test.c:203:6:MotorL_Test_Duty	24	static
../Main/Src/linetracer_test.c:256:6:MotorL_Test_PD	24	static
../Main/Src/linetracer_test.c:306:6:MotorR_Test_PD	24	static
../Main/Src/linetracer_test.c:354:6:Motor_Test_Speed	16	static
../Main/Src/linetracer_test.c:406:6:Drive_Test_Position	16	static
../Main/Src/linetracer_test.c:438:6:Mark_Live_Test	56	static
