/Users/j93es/workspace/imbedded/dc-linetracer/latest/Dc-Nucleo-Linetracer/External Library/Inc/custom_delay.h:20:22:Custom_Delay_us	16	static
/Users/j93es/workspace/imbedded/dc-linetracer/latest/Dc-Nucleo-Linetracer/External Library/Inc/custom_delay.h:28:22:Custom_Delay_ms	16	static
/Users/j93es/workspace/imbedded/dc-linetracer/latest/Dc-Nucleo-Linetracer/Main/Inc/drive_speed_cntl.h:134:22:Drive_Fit_In	16	static
/Users/j93es/workspace/imbedded/dc-linetracer/latest/Dc-Nucleo-Linetracer/Main/Inc/drive_speed_cntl.h:144:25:Is_Drive_End	4	static
/Users/j93es/workspace/imbedded/dc-linetracer/latest/Dc-Nucleo-Linetracer/Main/Inc/inline_drive.h:8:22:Prepare_Inline	4	static
/Users/j93es/workspace/imbedded/dc-linetracer/latest/Dc-Nucleo-Linetracer/Main/Inc/inline_drive.h:28:22:Restore_Inline	4	static
/Users/j93es/workspace/imbedded/dc-linetracer/latest/Dc-Nucleo-Linetracer/Main/Inc/mark.h:86:22:Mark_Masking	24	static
/Users/j93es/workspace/imbedded/dc-linetracer/latest/Dc-Nucleo-Linetracer/Main/Inc/mark.h:117:22:Mark_Accumming	16	static
/Users/j93es/workspace/imbedded/dc-linetracer/latest/Dc-Nucleo-Linetracer/Main/Inc/mark.h:152:22:Mark_Accumming_Reset	4	static
/Users/j93es/workspace/imbedded/dc-linetracer/latest/Dc-Nucleo-Linetracer/Main/Inc/mark.h:164:25:Is_Line_Out	4	static
/Users/j93es/workspace/imbedded/dc-linetracer/latest/Dc-Nucleo-Linetracer/Main/Inc/mark.h:176:25:Is_Passed_Marker	4	static
/Users/j93es/workspace/imbedded/dc-linetracer/latest/Dc-Nucleo-Linetracer/Main/Inc/mark.h:194:22:Mark_Decision	4	static
/Users/j93es/workspace/imbedded/dc-linetracer/latest/Dc-Nucleo-Linetracer/Main/Inc/mark.h:248:22:Mark	16	static
/Users/j93es/workspace/imbedded/dc-linetracer/latest/Dc-Nucleo-Linetracer/Main/Inc/positioning.h:14:22:Positioning	24	static
/Users/j93es/workspace/imbedded/dc-linetracer/latest/Dc-Nucleo-Linetracer/Main/Inc/curve_boost.h:8:22:Curve_Boost	4	static
/Users/j93es/workspace/imbedded/dc-linetracer/latest/Dc-Nucleo-Linetracer/Main/Inc/straight_boost.h:10:22:Straight_Boost	4	static
../Main/Src/second_drive.c:18:6:Second_Drive	32	static
../Main/Src/second_drive.c:61:6:Second_Drive_Normal	32	static
../Main/Src/second_drive.c:102:25:Second_Driving	16	static
../Main/Src/second_drive.c:144:22:Second_Drive_Cntl	8	static
../Main/Src/second_drive.c:246:22:Set_Second_Drive_Data	4	static
