/Users/j93es/workspace/dc-linetracer/Dc-Nucleo-Linetracer/Main/Inc/drive_positioning.h:14:22:Position_Windowing	16	static
/Users/j93es/workspace/dc-linetracer/Dc-Nucleo-Linetracer/Main/Inc/drive_positioning.h:26:22:Sum_Position_Val	16	static
/Users/j93es/workspace/dc-linetracer/Dc-Nucleo-Linetracer/Main/Inc/drive_positioning.h:38:22:Make_Position_Val	4	static
/Users/j93es/workspace/dc-linetracer/Dc-Nucleo-Linetracer/Main/Inc/drive_positioning.h:47:22:Positioning	16	static
/Users/j93es/workspace/dc-linetracer/Dc-Nucleo-Linetracer/External Library/Inc/custom_delay.h:20:22:Custom_Delay_us	16	static
/Users/j93es/workspace/dc-linetracer/Dc-Nucleo-Linetracer/External Library/Inc/custom_delay.h:28:22:Custom_Delay_ms	16	static
/Users/j93es/workspace/dc-linetracer/Dc-Nucleo-Linetracer/Main/Inc/drive_speed_ctrl.h:159:22:Drive_Fit_In	16	static
/Users/j93es/workspace/dc-linetracer/Dc-Nucleo-Linetracer/Main/Inc/drive_speed_ctrl.h:169:25:Is_Drive_End	4	static
/Users/j93es/workspace/dc-linetracer/Dc-Nucleo-Linetracer/Main/Inc/drive_state_machine.h:20:22:Mark_Masking	24	static
/Users/j93es/workspace/dc-linetracer/Dc-Nucleo-Linetracer/Main/Inc/drive_state_machine.h:47:22:Mark_Accumming	16	static
/Users/j93es/workspace/dc-linetracer/Dc-Nucleo-Linetracer/Main/Inc/drive_state_machine.h:83:22:Mark_Accumming_Reset	4	static
/Users/j93es/workspace/dc-linetracer/Dc-Nucleo-Linetracer/Main/Inc/drive_state_machine.h:95:25:Is_Line_Out	4	static
/Users/j93es/workspace/dc-linetracer/Dc-Nucleo-Linetracer/Main/Inc/drive_state_machine.h:107:25:Is_Passed_Marker	4	static
/Users/j93es/workspace/dc-linetracer/Dc-Nucleo-Linetracer/Main/Inc/drive_state_machine.h:125:22:Decision	4	static
/Users/j93es/workspace/dc-linetracer/Dc-Nucleo-Linetracer/Main/Inc/drive_state_machine.h:181:22:Drive_State_Machine	16	static
../Main/Src/second_drive.c:19:6:Second_Drive	24	static
../Main/Src/second_drive.c:87:22:Second_Drive_Cntl	8	static
../Main/Src/second_drive.c:177:22:Set_Second_Drive_Data	4	static
../Main/Src/second_drive.c:332:22:Second_Drive_Straight_Boost_Cntl	16	static
../Main/Src/second_drive.c:444:22:Second_Drive_Curve_Inline_Cntl	4	static
