Archive member included to satisfy reference by file (symbol)

/Applications/STM32CubeIDE.app/Contents/Eclipse/plugins/com.st.stm32cube.ide.mcu.externaltools.gnu-tools-for-stm32.11.3.rel1.macos64_1.1.100.202310310803/tools/bin/../lib/gcc/arm-none-eabi/11.3.1/../../../../arm-none-eabi/lib/thumb/v7e-m+fp/hard/libc_nano.a(libc_a-exit.o)
                              /Applications/STM32CubeIDE.app/Contents/Eclipse/plugins/com.st.stm32cube.ide.mcu.externaltools.gnu-tools-for-stm32.11.3.rel1.macos64_1.1.100.202310310803/tools/bin/../lib/gcc/arm-none-eabi/11.3.1/../../../../arm-none-eabi/lib/thumb/v7e-m+fp/hard/crt0.o (exit)
/Applications/STM32CubeIDE.app/Contents/Eclipse/plugins/com.st.stm32cube.ide.mcu.externaltools.gnu-tools-for-stm32.11.3.rel1.macos64_1.1.100.202310310803/tools/bin/../lib/gcc/arm-none-eabi/11.3.1/../../../../arm-none-eabi/lib/thumb/v7e-m+fp/hard/libc_nano.a(libc_a-sprintf.o)
                              ./External Library/Src/custom_exception.o (sprintf)
/Applications/STM32CubeIDE.app/Contents/Eclipse/plugins/com.st.stm32cube.ide.mcu.externaltools.gnu-tools-for-stm32.11.3.rel1.macos64_1.1.100.202310310803/tools/bin/../lib/gcc/arm-none-eabi/11.3.1/../../../../arm-none-eabi/lib/thumb/v7e-m+fp/hard/libc_nano.a(libc_a-findfp.o)
                              /Applications/STM32CubeIDE.app/Contents/Eclipse/plugins/com.st.stm32cube.ide.mcu.externaltools.gnu-tools-for-stm32.11.3.rel1.macos64_1.1.100.202310310803/tools/bin/../lib/gcc/arm-none-eabi/11.3.1/../../../../arm-none-eabi/lib/thumb/v7e-m+fp/hard/libc_nano.a(libc_a-exit.o) (__stdio_exit_handler)
/Applications/STM32CubeIDE.app/Contents/Eclipse/plugins/com.st.stm32cube.ide.mcu.externaltools.gnu-tools-for-stm32.11.3.rel1.macos64_1.1.100.202310310803/tools/bin/../lib/gcc/arm-none-eabi/11.3.1/../../../../arm-none-eabi/lib/thumb/v7e-m+fp/hard/libc_nano.a(libc_a-fwalk.o)
                              /Applications/STM32CubeIDE.app/Contents/Eclipse/plugins/com.st.stm32cube.ide.mcu.externaltools.gnu-tools-for-stm32.11.3.rel1.macos64_1.1.100.202310310803/tools/bin/../lib/gcc/arm-none-eabi/11.3.1/../../../../arm-none-eabi/lib/thumb/v7e-m+fp/hard/libc_nano.a(libc_a-findfp.o) (_fwalk_sglue)
/Applications/STM32CubeIDE.app/Contents/Eclipse/plugins/com.st.stm32cube.ide.mcu.externaltools.gnu-tools-for-stm32.11.3.rel1.macos64_1.1.100.202310310803/tools/bin/../lib/gcc/arm-none-eabi/11.3.1/../../../../arm-none-eabi/lib/thumb/v7e-m+fp/hard/libc_nano.a(libc_a-vsprintf.o)
                              ./External Library/Src/custom_oled.o (vsprintf)
/Applications/STM32CubeIDE.app/Contents/Eclipse/plugins/com.st.stm32cube.ide.mcu.externaltools.gnu-tools-for-stm32.11.3.rel1.macos64_1.1.100.202310310803/tools/bin/../lib/gcc/arm-none-eabi/11.3.1/../../../../arm-none-eabi/lib/thumb/v7e-m+fp/hard/libc_nano.a(libc_a-memset.o)
                              /Applications/STM32CubeIDE.app/Contents/Eclipse/plugins/com.st.stm32cube.ide.mcu.externaltools.gnu-tools-for-stm32.11.3.rel1.macos64_1.1.100.202310310803/tools/bin/../lib/gcc/arm-none-eabi/11.3.1/../../../../arm-none-eabi/lib/thumb/v7e-m+fp/hard/crt0.o (memset)
/Applications/STM32CubeIDE.app/Contents/Eclipse/plugins/com.st.stm32cube.ide.mcu.externaltools.gnu-tools-for-stm32.11.3.rel1.macos64_1.1.100.202310310803/tools/bin/../lib/gcc/arm-none-eabi/11.3.1/../../../../arm-none-eabi/lib/thumb/v7e-m+fp/hard/libc_nano.a(libc_a-impure.o)
                              /Applications/STM32CubeIDE.app/Contents/Eclipse/plugins/com.st.stm32cube.ide.mcu.externaltools.gnu-tools-for-stm32.11.3.rel1.macos64_1.1.100.202310310803/tools/bin/../lib/gcc/arm-none-eabi/11.3.1/../../../../arm-none-eabi/lib/thumb/v7e-m+fp/hard/libc_nano.a(libc_a-sprintf.o) (_impure_ptr)
/Applications/STM32CubeIDE.app/Contents/Eclipse/plugins/com.st.stm32cube.ide.mcu.externaltools.gnu-tools-for-stm32.11.3.rel1.macos64_1.1.100.202310310803/tools/bin/../lib/gcc/arm-none-eabi/11.3.1/../../../../arm-none-eabi/lib/thumb/v7e-m+fp/hard/libc_nano.a(libc_a-errno.o)
                              ./Core/Src/syscalls.o (__errno)
/Applications/STM32CubeIDE.app/Contents/Eclipse/plugins/com.st.stm32cube.ide.mcu.externaltools.gnu-tools-for-stm32.11.3.rel1.macos64_1.1.100.202310310803/tools/bin/../lib/gcc/arm-none-eabi/11.3.1/../../../../arm-none-eabi/lib/thumb/v7e-m+fp/hard/libc_nano.a(libc_a-init.o)
                              /Applications/STM32CubeIDE.app/Contents/Eclipse/plugins/com.st.stm32cube.ide.mcu.externaltools.gnu-tools-for-stm32.11.3.rel1.macos64_1.1.100.202310310803/tools/bin/../lib/gcc/arm-none-eabi/11.3.1/../../../../arm-none-eabi/lib/thumb/v7e-m+fp/hard/crt0.o (__libc_init_array)
/Applications/STM32CubeIDE.app/Contents/Eclipse/plugins/com.st.stm32cube.ide.mcu.externaltools.gnu-tools-for-stm32.11.3.rel1.macos64_1.1.100.202310310803/tools/bin/../lib/gcc/arm-none-eabi/11.3.1/../../../../arm-none-eabi/lib/thumb/v7e-m+fp/hard/libc_nano.a(libc_a-lock.o)
[...]
Memory Configuration

Name             Origin             Length             Attributes
RAM              0x0000000020000000 0x0000000000020000 xrw
FLASH            0x0000000008000000 0x0000000000080000 xr
*default*        0x0000000000000000 0xffffffffffffffff

Linker script and memory map

LOAD /Applications/STM32CubeIDE.app/Contents/Eclipse/plugins/com.st.stm32cube.ide.mcu.externaltools.gnu-tools-for-stm32.11.3.rel1.macos64_1.1.100.202310310803/tools/bin/../lib/gcc/arm-none-eabi/11.3.1/thumb/v7e-m+fp/hard/crti.o
LOAD /Applications/STM32CubeIDE.app/Contents/Eclipse/plugins/com.st.stm32cube.ide.mcu.externaltools.gnu-tools-for-stm32.11.3.rel1.macos64_1.1.100.202310310803/tools/bin/../lib/gcc/arm-none-eabi/11.3.1/thumb/v7e-m+fp/hard/crtbegin.o
LOAD /Applications/STM32CubeIDE.app/Contents/Eclipse/plugins/com.st.stm32cube.ide.mcu.externaltools.gnu-tools-for-stm32.11.3.rel1.macos64_1.1.100.202310310803/tools/bin/../lib/gcc/arm-none-eabi/11.3.1/../../../../arm-none-eabi/lib/thumb/v7e-m+fp/hard/crt0.o
LOAD ./Core/Src/main.o
LOAD ./Core/Src/stm32f4xx_it.o
LOAD ./Core/Src/syscalls.o
LOAD ./Core/Src/sysmem.o
LOAD ./Core/Src/system_stm32f4xx.o
LOAD ./Core/Startup/startup_stm32f411retx.o
LOAD ./Drivers/STM32F4xx_HAL_Driver/Src/stm32f4xx_ll_adc.o
LOAD ./Drivers/STM32F4xx_HAL_Driver/Src/stm32f4xx_ll_dma.o
LOAD ./Drivers/STM32F4xx_HAL_Driver/Src/stm32f4xx_ll_exti.o
LOAD ./Drivers/STM32F4xx_HAL_Driver/Src/stm32f4xx_ll_gpio.o
LOAD ./Drivers/STM32F4xx_HAL_Driver/Src/stm32f4xx_ll_i2c.o
LOAD ./Drivers/STM32F4xx_HAL_Driver/Src/stm32f4xx_ll_rcc.o
LOAD ./Drivers/STM32F4xx_HAL_Driver/Src/stm32f4xx_ll_spi.o
LOAD ./Drivers/STM32F4xx_HAL_Driver/Src/stm32f4xx_ll_tim.o
LOAD ./Drivers/STM32F4xx_HAL_Driver/Src/stm32f4xx_ll_usart.o
LOAD ./Drivers/STM32F4xx_HAL_Driver/Src/stm32f4xx_ll_utils.o
LOAD ./External Library/Src/custom_exception.o
LOAD ./External Library/Src/custom_filesystem.o
LOAD ./External Library/Src/custom_flash.o
LOAD ./External Library/Src/custom_oled.o
LOAD ./External Library/Src/custom_switch.o
LOAD ./Main/Src/drive_data_tools.o
LOAD ./Main/Src/drive_def_var.o
LOAD ./Main/Src/drive_preset.o
LOAD ./Main/Src/first_drive.o
LOAD ./Main/Src/init.o
LOAD ./Main/Src/linetracer_test.o
LOAD ./Main/Src/motor.o
LOAD ./Main/Src/second_drive.o
LOAD ./Main/Src/sensor.o
START GROUP
LOAD /Applications/STM32CubeIDE.app/Contents/Eclipse/plugins/com.st.stm32cube.ide.mcu.externaltools.gnu-tools-for-stm32.11.3.rel1.macos64_1.1.100.202310310803/tools/bin/../lib/gcc/arm-none-eabi/11.3.1/../../../../arm-none-eabi/lib/thumb/v7e-m+fp/hard/libc_nano.a
LOAD /Applications/STM32CubeIDE.app/Contents/Eclipse/plugins/com.st.stm32cube.ide.mcu.externaltools.gnu-tools-for-stm32.11.3.rel1.macos64_1.1.100.202310310803/tools/bin/../lib/gcc/arm-none-eabi/11.3.1/../../../../arm-none-eabi/lib/thumb/v7e-m+fp/hard/libm.a
END GROUP
START GROUP
LOAD /Applications/STM32CubeIDE.app/Contents/Eclipse/plugins/com.st.stm32cube.ide.mcu.externaltools.gnu-tools-for-stm32.11.3.rel1.macos64_1.1.100.202310310803/tools/bin/../lib/gcc/arm-none-eabi/11.3.1/thumb/v7e-m+fp/hard/libgcc.a
LOAD /Applications/STM32CubeIDE.app/Contents/Eclipse/plugins/com.st.stm32cube.ide.mcu.externaltools.gnu-tools-for-stm32.11.3.rel1.macos64_1.1.100.202310310803/tools/bin/../lib/gcc/arm-none-eabi/11.3.1/../../../../arm-none-eabi/lib/thumb/v7e-m+fp/hard/libc_nano.a
END GROUP
START GROUP
LOAD /Applications/STM32CubeIDE.app/Contents/Eclipse/plugins/com.st.stm32cube.ide.mcu.externaltools.gnu-tools-for-stm32.11.3.rel1.macos64_1.1.100.202310310803/tools/bin/../lib/gcc/arm-none-eabi/11.3.1/thumb/v7e-m+fp/hard/libgcc.a
LOAD /Applications/STM32CubeIDE.app/Contents/Eclipse/plugins/com.st.stm32cube.ide.mcu.externaltools.gnu-tools-for-stm32.11.3.rel1.macos64_1.1.100.202310310803/tools/bin/../lib/gcc/arm-none-eabi/11.3.1/../../../../arm-none-eabi/lib/thumb/v7e-m+fp/hard/libc_nano.a
LOAD /Applications/STM32CubeIDE.app/Contents/Eclipse/plugins/com.st.stm32cube.ide.mcu.externaltools.gnu-tools-for-stm32.11.3.rel1.macos64_1.1.100.202310310803/tools/bin/../lib/gcc/arm-none-eabi/11.3.1/../../../../arm-none-eabi/lib/thumb/v7e-m+fp/hard/libnosys.a
END GROUP
START GROUP
LOAD /Applications/STM32CubeIDE.app/Contents/Eclipse/plugins/com.st.stm32cube.ide.mcu.externaltools.gnu-tools-for-stm32.11.3.rel1.macos64_1.1.100.202310310803/tools/bin/../lib/gcc/arm-none-eabi/11.3.1/thumb/v7e-m+fp/hard/libgcc.a
LOAD /Applications/STM32CubeIDE.app/Contents/Eclipse/plugins/com.st.stm32cube.ide.mcu.externaltools.gnu-tools-for-stm32.11.3.rel1.macos64_1.1.100.202310310803/tools/bin/../lib/gcc/arm-none-eabi/11.3.1/../../../../arm-none-eabi/lib/thumb/v7e-m+fp/hard/libc_nano.a
LOAD /Applications/STM32CubeIDE.app/Contents/Eclipse/plugins/com.st.stm32cube.ide.mcu.externaltools.gnu-tools-for-stm32.11.3.rel1.macos64_1.1.100.202310310803/tools/bin/../lib/gcc/arm-none-eabi/11.3.1/../../../../arm-none-eabi/lib/thumb/v7e-m+fp/hard/libnosys.a
END GROUP
LOAD /Applications/STM32CubeIDE.app/Contents/Eclipse/plugins/com.st.stm32cube.ide.mcu.externaltools.gnu-tools-for-stm32.11.3.rel1.macos64_1.1.100.202310310803/tools/bin/../lib/gcc/arm-none-eabi/11.3.1/thumb/v7e-m+fp/hard/crtend.o
LOAD /Applications/STM32CubeIDE.app/Contents/Eclipse/plugins/com.st.stm32cube.ide.mcu.externaltools.gnu-tools-for-stm32.11.3.rel1.macos64_1.1.100.202310310803/tools/bin/../lib/gcc/arm-none-eabi/11.3.1/thumb/v7e-m+fp/hard/crtn.o
                0x0000000020020000                _estack = (ORIGIN (RAM) + LENGTH (RAM))
                0x0000000000000200                _Min_Heap_Size = 0x200
                0x0000000000000400                _Min_Stack_Size = 0x400

.isr_vector     0x0000000008000000      0x198
                0x0000000008000000                . = ALIGN (0x4)
 *(.isr_vector)
 .isr_vector    0x0000000008000000      0x198 ./Core/Startup/startup_stm32f411retx.o
                0x0000000008000000                g_pfnVectors
                0x0000000008000198                . = ALIGN (0x4)

.text           0x00000000080001a0     0x9c18
                0x00000000080001a0                . = ALIGN (0x4)
 *(.text)
 .text          0x00000000080001a0       0x40 /Applications/STM32CubeIDE.app/Contents/Eclipse/plugins/com.st.stm32cube.ide.mcu.externaltools.gnu-tools-for-stm32.11.3.rel1.macos64_1.1.100.202310310803/tools/bin/../lib/gcc/arm-none-eabi/11.3.1/thumb/v7e-m+fp/hard/crtbegin.o
 .text          0x00000000080001e0       0xa0 /Applications/STM32CubeIDE.app/Contents/Eclipse/plugins/com.st.stm32cube.ide.mcu.externaltools.gnu-tools-for-stm32.11.3.rel1.macos64_1.1.100.202310310803/tools/bin/../lib/gcc/arm-none-eabi/11.3.1/../../../../arm-none-eabi/lib/thumb/v7e-m+fp/hard/libc_nano.a(libc_a-memchr.o)
                0x00000000080001e0                memchr
 .text          0x0000000008000280      0x378 /Applications/STM32CubeIDE.app/Contents/Eclipse/plugins/com.st.stm32cube.ide.mcu.externaltools.gnu-tools-for-stm32.11.3.rel1.macos64_1.1.100.202310310803/tools/bin/../lib/gcc/arm-none-eabi/11.3.1/thumb/v7e-m+fp/hard/libgcc.a(_arm_addsubdf3.o)
                0x0000000008000280                __aeabi_drsub
                0x0000000008000288                __subdf3
                0x0000000008000288                __aeabi_dsub
                0x000000000800028c                __aeabi_dadd
                0x000000000800028c                __adddf3
                0x0000000008000504                __aeabi_ui2d
                0x0000000008000504                __floatunsidf
                0x0000000008000524                __floatsidf
                0x0000000008000524                __aeabi_i2d
                0x0000000008000548                __extendsfdf2
                0x0000000008000548                __aeabi_f2d
                0x000000000800058c                __aeabi_ul2d
                0x000000000800058c                __floatundidf
                0x000000000800059c                __aeabi_l2d
                0x000000000800059c                __floatdidf
 .text          0x00000000080005f8      0x110 /Applications/STM32CubeIDE.app/Contents/Eclipse/plugins/com.st.stm32cube.ide.mcu.externaltools.gnu-tools-for-stm32.11.3.rel1.macos64_1.1.100.202310310803/tools/bin/../lib/gcc/arm-none-eabi/11.3.1/thumb/v7e-m+fp/hard/libgcc.a(_arm_cmpdf2.o)
                0x00000000080005f8                __gedf2
                0x00000000080005f8                __gtdf2
                0x0000000008000600                __ledf2
                0x0000000008000600                __ltdf2
                0x0000000008000608                __cmpdf2
                0x0000000008000608                __eqdf2
                0x0000000008000608                __nedf2
                0x0000000008000684                __aeabi_cdrcmple
                0x0000000008000694                __aeabi_cdcmple
                0x0000000008000694                __aeabi_cdcmpeq
                0x00000000080006a4                __aeabi_dcmpeq
                0x00000000080006b8                __aeabi_dcmplt
                0x00000000080006cc                __aeabi_dcmple
                0x00000000080006e0                __aeabi_dcmpge
                0x00000000080006f4                __aeabi_dcmpgt
 .text          0x0000000008000708       0x30 /Applications/STM32CubeIDE.app/Contents/Eclipse/plugins/com.st.stm32cube.ide.mcu.externaltools.gnu-tools-for-stm32.11.3.rel1.macos64_1.1.100.202310310803/tools/bin/../lib/gcc/arm-none-eabi/11.3.1/thumb/v7e-m+fp/hard/libgcc.a(_aeabi_uldivmod.o)
                0x0000000008000708                __aeabi_uldivmod
 .text          0x0000000008000738       0x28 /Applications/STM32CubeIDE.app/Contents/Eclipse/plugins/com.st.stm32cube.ide.mcu.externaltools.gnu-tools-for-stm32.11.3.rel1.macos64_1.1.100.202310310803/tools/bin/../lib/gcc/arm-none-eabi/11.3.1/thumb/v7e-m+fp/hard/libgcc.a(_popcountsi2.o)
                0x0000000008000738                __popcountsi2
 .text          0x0000000008000760      0x2c8 /Applications/STM32CubeIDE.app/Contents/Eclipse/plugins/com.st.stm32cube.ide.mcu.externaltools.gnu-tools-for-stm32.11.3.rel1.macos64_1.1.100.202310310803/tools/bin/../lib/gcc/arm-none-eabi/11.3.1/thumb/v7e-m+fp/hard/libgcc.a(_udivmoddi4.o)
                0x0000000008000760                __udivmoddi4
 .text          0x0000000008000a28        0x4 /Applications/STM32CubeIDE.app/Contents/Eclipse/plugins/com.st.stm32cube.ide.mcu.externaltools.gnu-tools-for-stm32.11.3.rel1.macos64_1.1.100.202310310803/tools/bin/../lib/gcc/arm-none-eabi/11.3.1/thumb/v7e-m+fp/hard/libgcc.a(_dvmd_tls.o)
                0x0000000008000a28                __aeabi_ldiv0
                0x0000000008000a28                __aeabi_idiv0
 *(.text*)
 .text.__NVIC_SetPriorityGrouping
                0x0000000008000a2c       0x48 ./Core/Src/main.o
 .text.__NVIC_GetPriorityGrouping
                0x0000000008000a74       0x1c ./Core/Src/main.o
 .text.__NVIC_EnableIRQ
                0x0000000008000a90       0x3c ./Core/Src/main.o
 .text.__NVIC_SetPriority
                0x0000000008000acc       0x54 ./Core/Src/main.o
 .text.NVIC_EncodePriority
                0x0000000008000b20       0x66 ./Core/Src/main.o
 .text.LL_ADC_REG_SetSequencerRanks
                0x0000000008000b86       0x6c ./Core/Src/main.o
 .text.LL_ADC_REG_SetFlagEndOfConversion
                0x0000000008000bf2       0x26 ./Core/Src/main.o
 .text.LL_ADC_SetChannelSamplingTime
                0x0000000008000c18       0x98 ./Core/Src/main.o
 .text.LL_I2C_EnableClockStretching
                0x0000000008000cb0       0x20 ./Core/Src/main.o
 .text.LL_I2C_DisableGeneralCall
                0x0000000008000cd0       0x20 ./Core/Src/main.o
 .text.LL_I2C_SetOwnAddress2
                0x0000000008000cf0       0x26 ./Core/Src/main.o
 .text.LL_I2C_DisableOwnAddress2
                0x0000000008000d16       0x20 ./Core/Src/main.o
 *fill*         0x0000000008000d36        0x2 
 .text.LL_RCC_HSI_Enable
                0x0000000008000d38       0x20 ./Core/Src/main.o
 .text.LL_RCC_HSI_IsReady
                0x0000000008000d58       0x24 ./Core/Src/main.o
 .text.LL_RCC_HSI_SetCalibTrimming
                0x0000000008000d7c       0x2c ./Core/Src/main.o
 .text.LL_RCC_SetSysClkSource
                0x0000000008000da8       0x28 ./Core/Src/main.o
 .text.LL_RCC_GetSysClkSource
                0x0000000008000dd0       0x1c ./Core/Src/main.o
 .text.LL_RCC_SetAHBPrescaler
                0x0000000008000dec       0x28 ./Core/Src/main.o
 .text.LL_RCC_SetAPB1Prescaler
                0x0000000008000e14       0x28 ./Core/Src/main.o
 .text.LL_RCC_SetAPB2Prescaler
                0x0000000008000e3c       0x28 ./Core/Src/main.o
 .text.LL_RCC_SetTIMPrescaler
                0x0000000008000e64       0x2c ./Core/Src/main.o
 .text.LL_RCC_PLL_Enable
                0x0000000008000e90       0x20 ./Core/Src/main.o
 .text.LL_RCC_PLL_IsReady
                0x0000000008000eb0       0x28 ./Core/Src/main.o
 .text.LL_RCC_PLL_ConfigDomain_SYS
                0x0000000008000ed8       0x4c ./Core/Src/main.o
 .text.LL_AHB1_GRP1_EnableClock
                0x0000000008000f24       0x30 ./Core/Src/main.o
 .text.LL_APB1_GRP1_EnableClock
                0x0000000008000f54       0x30 ./Core/Src/main.o
 .text.LL_APB2_GRP1_EnableClock
                0x0000000008000f84       0x30 ./Core/Src/main.o
 .text.LL_SYSCFG_SetEXTISource
                0x0000000008000fb4       0x5c ./Core/Src/main.o
 .text.LL_FLASH_SetLatency
                0x0000000008001010       0x28 ./Core/Src/main.o
 .text.LL_FLASH_GetLatency
                0x0000000008001038       0x1c ./Core/Src/main.o
 .text.LL_PWR_SetRegulVoltageScaling
                0x0000000008001054       0x28 ./Core/Src/main.o
 .text.LL_PWR_IsActiveFlag_VOS
                0x000000000800107c       0x28 ./Core/Src/main.o
 .text.LL_SPI_SetStandard
                0x00000000080010a4       0x26 ./Core/Src/main.o
 .text.LL_TIM_SetOnePulseMode
                0x00000000080010ca       0x26 ./Core/Src/main.o
 .text.LL_TIM_DisableARRPreload
                0x00000000080010f0       0x20 ./Core/Src/main.o
 .text.LL_TIM_OC_DisableFast
                0x0000000008001110       0x8c ./Core/Src/main.o
 .text.LL_TIM_OC_EnablePreload
                0x000000000800119c       0x88 ./Core/Src/main.o
 .text.LL_TIM_IC_SetActiveInput
                0x0000000008001224       0x9c ./Core/Src/main.o
 .text.LL_TIM_IC_SetPrescaler
                0x00000000080012c0       0x9c ./Core/Src/main.o
 .text.LL_TIM_IC_SetFilter
                0x000000000800135c       0x9c ./Core/Src/main.o
 .text.LL_TIM_IC_SetPolarity
                0x00000000080013f8       0x88 ./Core/Src/main.o
 .text.LL_TIM_SetClockSource
                0x0000000008001480       0x2a ./Core/Src/main.o
 .text.LL_TIM_SetEncoderMode
                0x00000000080014aa       0x26 ./Core/Src/main.o
 .text.LL_TIM_SetTriggerOutput
                0x00000000080014d0       0x26 ./Core/Src/main.o
 .text.LL_TIM_DisableMasterSlaveMode
                0x00000000080014f6       0x20 ./Core/Src/main.o
 .text.LL_USART_Enable
                0x0000000008001516       0x20 ./Core/Src/main.o
 .text.LL_USART_ConfigAsyncMode
                0x0000000008001536       0x2c ./Core/Src/main.o
 .text.LL_GPIO_SetPinMode
                0x0000000008001562       0x5e ./Core/Src/main.o
 .text.LL_GPIO_SetPinPull
                0x00000000080015c0       0x5e ./Core/Src/main.o
 .text.LL_GPIO_ResetOutputPin
                0x000000000800161e       0x1e ./Core/Src/main.o
 .text.main     0x000000000800163c       0x54 ./Core/Src/main.o
                0x000000000800163c                main
 .text.SystemClock_Config
                0x0000000008001690       0x9c ./Core/Src/main.o
                0x0000000008001690                SystemClock_Config
 .text.MX_ADC1_Init
                0x000000000800172c       0xfc ./Core/Src/main.o
 .text.MX_I2C3_Init
                0x0000000008001828       0xdc ./Core/Src/main.o
 .text.MX_SPI2_Init
                0x0000000008001904       0xa8 ./Core/Src/main.o
 .text.MX_TIM2_Init
                0x00000000080019ac       0x6e ./Core/Src/main.o
 *fill*         0x0000000008001a1a        0x2 
 .text.MX_TIM3_Init
                0x0000000008001a1c       0xf4 ./Core/Src/main.o
 .text.MX_TIM4_Init
                0x0000000008001b10       0xf4 ./Core/Src/main.o
 .text.MX_TIM5_Init
                0x0000000008001c04       0x80 ./Core/Src/main.o
 .text.MX_TIM9_Init
                0x0000000008001c84       0x74 ./Core/Src/main.o
 .text.MX_TIM10_Init
                0x0000000008001cf8       0xcc ./Core/Src/main.o
 .text.MX_TIM11_Init
                0x0000000008001dc4       0xcc ./Core/Src/main.o
 .text.MX_USART2_UART_Init
                0x0000000008001e90       0xa0 ./Core/Src/main.o
 .text.MX_GPIO_Init
                0x0000000008001f30      0x134 ./Core/Src/main.o
 .text.LL_ADC_REG_SetSequencerRanks
                0x0000000008002064       0x6c ./Core/Src/stm32f4xx_it.o
 .text.LL_ADC_REG_StartConversionSWStart
                0x00000000080020d0       0x20 ./Core/Src/stm32f4xx_it.o
 .text.LL_ADC_REG_ReadConversionData12
                0x00000000080020f0       0x1a ./Core/Src/stm32f4xx_it.o
 .text.LL_ADC_IsActiveFlag_EOCS
                0x000000000800210a       0x26 ./Core/Src/stm32f4xx_it.o
 .text.LL_ADC_ClearFlag_EOCS
                0x0000000008002130       0x1c ./Core/Src/stm32f4xx_it.o
 .text.LL_TIM_ClearFlag_UPDATE
                0x000000000800214c       0x1c ./Core/Src/stm32f4xx_it.o
 .text.Custom_GPIO_Set
                0x0000000008002168       0x3a ./Core/Src/stm32f4xx_it.o
 *fill*         0x00000000080021a2        0x2 
 .text.ADC_Read
                0x00000000080021a4       0x40 ./Core/Src/stm32f4xx_it.o
 .text.Sensor_ADC_Midian_Filter
                0x00000000080021e4       0x7a ./Core/Src/stm32f4xx_it.o
 *fill*         0x000000000800225e        0x2 
 .text.Make_Sensor_Raw_Vals
                0x0000000008002260       0x5c ./Core/Src/stm32f4xx_it.o
 .text.Make_Sensor_Norm_Vals
                0x00000000080022bc       0x94 ./Core/Src/stm32f4xx_it.o
 .text.Make_Sensor_State
                0x0000000008002350       0x70 ./Core/Src/stm32f4xx_it.o
 .text.Make_Voltage_Raw_Val
                0x00000000080023c0       0x48 ./Core/Src/stm32f4xx_it.o
 .text.Make_Battery_Voltage
                0x0000000008002408       0xe4 ./Core/Src/stm32f4xx_it.o
 .text.Sensor_TIM5_IRQ
                0x00000000080024ec       0x90 ./Core/Src/stm32f4xx_it.o
 .text.Get_Encoder_Value_Gap
                0x000000000800257c       0x52 ./Core/Src/stm32f4xx_it.o
 *fill*         0x00000000080025ce        0x2 
 .text.Motor_Speed_Control
                0x00000000080025d0      0x35c ./Core/Src/stm32f4xx_it.o
 .text.Drive_Speed_Accele_Control
                0x000000000800292c      0x110 ./Core/Src/stm32f4xx_it.o
 .text.Make_Limited_Position
                0x0000000008002a3c       0x8c ./Core/Src/stm32f4xx_it.o
 .text.Drive_TIM9_IRQ
                0x0000000008002ac8       0xc8 ./Core/Src/stm32f4xx_it.o
 .text.NMI_Handler
                0x0000000008002b90        0x6 ./Core/Src/stm32f4xx_it.o
                0x0000000008002b90                NMI_Handler
 .text.HardFault_Handler
                0x0000000008002b96        0xa ./Core/Src/stm32f4xx_it.o
                0x0000000008002b96                HardFault_Handler
 .text.MemManage_Handler
                0x0000000008002ba0        0xa ./Core/Src/stm32f4xx_it.o
                0x0000000008002ba0                MemManage_Handler
 .text.BusFault_Handler
                0x0000000008002baa        0xa ./Core/Src/stm32f4xx_it.o
                0x0000000008002baa                BusFault_Handler
 .text.UsageFault_Handler
                0x0000000008002bb4        0xa ./Core/Src/stm32f4xx_it.o
                0x0000000008002bb4                UsageFault_Handler
 .text.SVC_Handler
                0x0000000008002bbe        0xe ./Core/Src/stm32f4xx_it.o
                0x0000000008002bbe                SVC_Handler
 .text.DebugMon_Handler
                0x0000000008002bcc        0xe ./Core/Src/stm32f4xx_it.o
                0x0000000008002bcc                DebugMon_Handler
 .text.PendSV_Handler
                0x0000000008002bda        0xe ./Core/Src/stm32f4xx_it.o
                0x0000000008002bda                PendSV_Handler
 .text.SysTick_Handler
                0x0000000008002be8       0x1c ./Core/Src/stm32f4xx_it.o
                0x0000000008002be8                SysTick_Handler
 .text.TIM1_BRK_TIM9_IRQHandler
                0x0000000008002c04       0x18 ./Core/Src/stm32f4xx_it.o
                0x0000000008002c04                TIM1_BRK_TIM9_IRQHandler
 .text.TIM5_IRQHandler
                0x0000000008002c1c       0x18 ./Core/Src/stm32f4xx_it.o
                0x0000000008002c1c                TIM5_IRQHandler
 .text._sbrk    0x0000000008002c34       0x6c ./Core/Src/sysmem.o
                0x0000000008002c34                _sbrk
 .text.SystemInit
                0x0000000008002ca0       0x24 ./Core/Src/system_stm32f4xx.o
                0x0000000008002ca0                SystemInit
 .text.Reset_Handler
                0x0000000008002cc4       0x50 ./Core/Startup/startup_stm32f411retx.o
                0x0000000008002cc4                Reset_Handler
 .text.Default_Handler
                0x0000000008002d14        0x2 ./Core/Startup/startup_stm32f411retx.o
                0x0000000008002d14                DMA1_Stream3_IRQHandler
                0x0000000008002d14                EXTI2_IRQHandler
                0x0000000008002d14                SPI4_IRQHandler
                0x0000000008002d14                TIM1_CC_IRQHandler
                0x0000000008002d14                DMA2_Stream5_IRQHandler
                0x0000000008002d14                DMA1_Stream5_IRQHandler
                0x0000000008002d14                PVD_IRQHandler
                0x0000000008002d14                SDIO_IRQHandler
                0x0000000008002d14                TAMP_STAMP_IRQHandler
                0x0000000008002d14                EXTI3_IRQHandler
                0x0000000008002d14                TIM1_UP_TIM10_IRQHandler
                0x0000000008002d14                I2C3_ER_IRQHandler
                0x0000000008002d14                EXTI0_IRQHandler
                0x0000000008002d14                I2C2_EV_IRQHandler
                0x0000000008002d14                DMA1_Stream2_IRQHandler
                0x0000000008002d14                FPU_IRQHandler
                0x0000000008002d14                DMA2_Stream2_IRQHandler
                0x0000000008002d14                SPI1_IRQHandler
                0x0000000008002d14                DMA2_Stream3_IRQHandler
                0x0000000008002d14                USART6_IRQHandler
                0x0000000008002d14                DMA2_Stream0_IRQHandler
                0x0000000008002d14                TIM4_IRQHandler
                0x0000000008002d14                I2C1_EV_IRQHandler
                0x0000000008002d14                DMA1_Stream6_IRQHandler
                0x0000000008002d14                DMA1_Stream1_IRQHandler
                0x0000000008002d14                TIM3_IRQHandler
                0x0000000008002d14                RCC_IRQHandler
                0x0000000008002d14                Default_Handler
                0x0000000008002d14                EXTI15_10_IRQHandler
                0x0000000008002d14                ADC_IRQHandler
                0x0000000008002d14                DMA1_Stream7_IRQHandler
                0x0000000008002d14                SPI5_IRQHandler
                0x0000000008002d14                DMA2_Stream7_IRQHandler
                0x0000000008002d14                I2C3_EV_IRQHandler
                0x0000000008002d14                EXTI9_5_IRQHandler
                0x0000000008002d14                RTC_WKUP_IRQHandler
                0x0000000008002d14                SPI2_IRQHandler
                0x0000000008002d14                DMA1_Stream0_IRQHandler
                0x0000000008002d14                EXTI4_IRQHandler
                0x0000000008002d14                WWDG_IRQHandler
                0x0000000008002d14                TIM2_IRQHandler
                0x0000000008002d14                OTG_FS_WKUP_IRQHandler
                0x0000000008002d14                TIM1_TRG_COM_TIM11_IRQHandler
                0x0000000008002d14                EXTI1_IRQHandler
                0x0000000008002d14                USART2_IRQHandler
                0x0000000008002d14                I2C2_ER_IRQHandler
                0x0000000008002d14                DMA2_Stream1_IRQHandler
                0x0000000008002d14                FLASH_IRQHandler
                0x0000000008002d14                DMA2_Stream4_IRQHandler
                0x0000000008002d14                USART1_IRQHandler
                0x0000000008002d14                OTG_FS_IRQHandler
                0x0000000008002d14                SPI3_IRQHandler
                0x0000000008002d14                DMA1_Stream4_IRQHandler
                0x0000000008002d14                I2C1_ER_IRQHandler
                0x0000000008002d14                DMA2_Stream6_IRQHandler
                0x0000000008002d14                RTC_Alarm_IRQHandler
 .text.LL_ADC_SetCommonClock
                0x0000000008002d16       0x26 ./Drivers/STM32F4xx_HAL_Driver/Src/stm32f4xx_ll_adc.o
 .text.LL_ADC_REG_SetSequencerLength
                0x0000000008002d3c       0x26 ./Drivers/STM32F4xx_HAL_Driver/Src/stm32f4xx_ll_adc.o
 .text.LL_ADC_IsEnabled
                0x0000000008002d62       0x26 ./Drivers/STM32F4xx_HAL_Driver/Src/stm32f4xx_ll_adc.o
 .text.LL_ADC_CommonInit
                0x0000000008002d88       0x3c ./Drivers/STM32F4xx_HAL_Driver/Src/stm32f4xx_ll_adc.o
                0x0000000008002d88                LL_ADC_CommonInit
 .text.LL_ADC_Init
                0x0000000008002dc4       0x58 ./Drivers/STM32F4xx_HAL_Driver/Src/stm32f4xx_ll_adc.o
                0x0000000008002dc4                LL_ADC_Init
 .text.LL_ADC_REG_Init
                0x0000000008002e1c       0x84 ./Drivers/STM32F4xx_HAL_Driver/Src/stm32f4xx_ll_adc.o
                0x0000000008002e1c                LL_ADC_REG_Init
 .text.LL_EXTI_EnableIT_0_31
                0x0000000008002ea0       0x24 ./Drivers/STM32F4xx_HAL_Driver/Src/stm32f4xx_ll_exti.o
 .text.LL_EXTI_DisableIT_0_31
                0x0000000008002ec4       0x28 ./Drivers/STM32F4xx_HAL_Driver/Src/stm32f4xx_ll_exti.o
 .text.LL_EXTI_EnableEvent_0_31
                0x0000000008002eec       0x24 ./Drivers/STM32F4xx_HAL_Driver/Src/stm32f4xx_ll_exti.o
 .text.LL_EXTI_DisableEvent_0_31
                0x0000000008002f10       0x28 ./Drivers/STM32F4xx_HAL_Driver/Src/stm32f4xx_ll_exti.o
 .text.LL_EXTI_EnableRisingTrig_0_31
                0x0000000008002f38       0x24 ./Drivers/STM32F4xx_HAL_Driver/Src/stm32f4xx_ll_exti.o
 .text.LL_EXTI_DisableRisingTrig_0_31
                0x0000000008002f5c       0x28 ./Drivers/STM32F4xx_HAL_Driver/Src/stm32f4xx_ll_exti.o
 .text.LL_EXTI_EnableFallingTrig_0_31
                0x0000000008002f84       0x24 ./Drivers/STM32F4xx_HAL_Driver/Src/stm32f4xx_ll_exti.o
 .text.LL_EXTI_DisableFallingTrig_0_31
                0x0000000008002fa8       0x28 ./Drivers/STM32F4xx_HAL_Driver/Src/stm32f4xx_ll_exti.o
 .text.LL_EXTI_Init
                0x0000000008002fd0       0xfe ./Drivers/STM32F4xx_HAL_Driver/Src/stm32f4xx_ll_exti.o
                0x0000000008002fd0                LL_EXTI_Init
 .text.LL_GPIO_SetPinMode
                0x00000000080030ce       0x5e ./Drivers/STM32F4xx_HAL_Driver/Src/stm32f4xx_ll_gpio.o
 .text.LL_GPIO_SetPinOutputType
                0x000000000800312c       0x30 ./Drivers/STM32F4xx_HAL_Driver/Src/stm32f4xx_ll_gpio.o
 .text.LL_GPIO_SetPinSpeed
                0x000000000800315c       0x5e ./Drivers/STM32F4xx_HAL_Driver/Src/stm32f4xx_ll_gpio.o
 .text.LL_GPIO_SetPinPull
                0x00000000080031ba       0x5e ./Drivers/STM32F4xx_HAL_Driver/Src/stm32f4xx_ll_gpio.o
 .text.LL_GPIO_SetAFPin_0_7
                0x0000000008003218       0x5e ./Drivers/STM32F4xx_HAL_Driver/Src/stm32f4xx_ll_gpio.o
 .text.LL_GPIO_SetAFPin_8_15
                0x0000000008003276       0x62 ./Drivers/STM32F4xx_HAL_Driver/Src/stm32f4xx_ll_gpio.o
 .text.LL_GPIO_Init
                0x00000000080032d8       0xe6 ./Drivers/STM32F4xx_HAL_Driver/Src/stm32f4xx_ll_gpio.o
                0x00000000080032d8                LL_GPIO_Init
 .text.LL_I2C_Enable
                0x00000000080033be       0x20 ./Drivers/STM32F4xx_HAL_Driver/Src/stm32f4xx_ll_i2c.o
 .text.LL_I2C_Disable
                0x00000000080033de       0x20 ./Drivers/STM32F4xx_HAL_Driver/Src/stm32f4xx_ll_i2c.o
 .text.LL_I2C_ConfigFilters
                0x00000000080033fe       0x2c ./Drivers/STM32F4xx_HAL_Driver/Src/stm32f4xx_ll_i2c.o
 .text.LL_I2C_SetOwnAddress1
                0x000000000800342a       0x30 ./Drivers/STM32F4xx_HAL_Driver/Src/stm32f4xx_ll_i2c.o
 *fill*         0x000000000800345a        0x2 
 .text.LL_I2C_ConfigSpeed
                0x000000000800345c      0x130 ./Drivers/STM32F4xx_HAL_Driver/Src/stm32f4xx_ll_i2c.o
 .text.LL_I2C_SetMode
                0x000000000800358c       0x26 ./Drivers/STM32F4xx_HAL_Driver/Src/stm32f4xx_ll_i2c.o
 .text.LL_I2C_AcknowledgeNextData
                0x00000000080035b2       0x26 ./Drivers/STM32F4xx_HAL_Driver/Src/stm32f4xx_ll_i2c.o
 .text.LL_I2C_Init
                0x00000000080035d8       0x72 ./Drivers/STM32F4xx_HAL_Driver/Src/stm32f4xx_ll_i2c.o
                0x00000000080035d8                LL_I2C_Init
 *fill*         0x000000000800364a        0x2 
 .text.LL_RCC_GetSysClkSource
                0x000000000800364c       0x1c ./Drivers/STM32F4xx_HAL_Driver/Src/stm32f4xx_ll_rcc.o
 .text.LL_RCC_GetAHBPrescaler
                0x0000000008003668       0x1c ./Drivers/STM32F4xx_HAL_Driver/Src/stm32f4xx_ll_rcc.o
 .text.LL_RCC_GetAPB1Prescaler
                0x0000000008003684       0x1c ./Drivers/STM32F4xx_HAL_Driver/Src/stm32f4xx_ll_rcc.o
 .text.LL_RCC_GetAPB2Prescaler
                0x00000000080036a0       0x1c ./Drivers/STM32F4xx_HAL_Driver/Src/stm32f4xx_ll_rcc.o
 .text.LL_RCC_PLL_GetMainSource
                0x00000000080036bc       0x1c ./Drivers/STM32F4xx_HAL_Driver/Src/stm32f4xx_ll_rcc.o
 .text.LL_RCC_PLL_GetN
                0x00000000080036d8       0x1c ./Drivers/STM32F4xx_HAL_Driver/Src/stm32f4xx_ll_rcc.o
 .text.LL_RCC_PLL_GetP
                0x00000000080036f4       0x1c ./Drivers/STM32F4xx_HAL_Driver/Src/stm32f4xx_ll_rcc.o
 .text.LL_RCC_PLL_GetDivider
                0x0000000008003710       0x1c ./Drivers/STM32F4xx_HAL_Driver/Src/stm32f4xx_ll_rcc.o
 .text.LL_RCC_GetSystemClocksFreq
                0x000000000800372c       0x4a ./Drivers/STM32F4xx_HAL_Driver/Src/stm32f4xx_ll_rcc.o
                0x000000000800372c                LL_RCC_GetSystemClocksFreq
 *fill*         0x0000000008003776        0x2 
 .text.RCC_GetSystemClockFreq
                0x0000000008003778       0x50 ./Drivers/STM32F4xx_HAL_Driver/Src/stm32f4xx_ll_rcc.o
                0x0000000008003778                RCC_GetSystemClockFreq
 .text.RCC_GetHCLKClockFreq
                0x00000000080037c8       0x2c ./Drivers/STM32F4xx_HAL_Driver/Src/stm32f4xx_ll_rcc.o
                0x00000000080037c8                RCC_GetHCLKClockFreq
 .text.RCC_GetPCLK1ClockFreq
                0x00000000080037f4       0x28 ./Drivers/STM32F4xx_HAL_Driver/Src/stm32f4xx_ll_rcc.o
                0x00000000080037f4                RCC_GetPCLK1ClockFreq
 .text.RCC_GetPCLK2ClockFreq
                0x000000000800381c       0x28 ./Drivers/STM32F4xx_HAL_Driver/Src/stm32f4xx_ll_rcc.o
                0x000000000800381c                RCC_GetPCLK2ClockFreq
 .text.RCC_PLL_GetFreqDomain_SYS
                0x0000000008003844       0x7c ./Drivers/STM32F4xx_HAL_Driver/Src/stm32f4xx_ll_rcc.o
                0x0000000008003844                RCC_PLL_GetFreqDomain_SYS
 .text.LL_SPI_IsEnabled
                0x00000000080038c0       0x26 ./Drivers/STM32F4xx_HAL_Driver/Src/stm32f4xx_ll_spi.o
 .text.LL_SPI_SetCRCPolynomial
                0x00000000080038e6       0x20 ./Drivers/STM32F4xx_HAL_Driver/Src/stm32f4xx_ll_spi.o
 .text.LL_SPI_Init
                0x0000000008003906       0xa4 ./Drivers/STM32F4xx_HAL_Driver/Src/stm32f4xx_ll_spi.o
                0x0000000008003906                LL_SPI_Init
 .text.LL_TIM_SetPrescaler
                0x00000000080039aa       0x1c ./Drivers/STM32F4xx_HAL_Driver/Src/stm32f4xx_ll_tim.o
 .text.LL_TIM_SetAutoReload
                0x00000000080039c6       0x1c ./Drivers/STM32F4xx_HAL_Driver/Src/stm32f4xx_ll_tim.o
 .text.LL_TIM_SetRepetitionCounter
                0x00000000080039e2       0x1c ./Drivers/STM32F4xx_HAL_Driver/Src/stm32f4xx_ll_tim.o
 .text.LL_TIM_OC_SetCompareCH1
                0x00000000080039fe       0x1c ./Drivers/STM32F4xx_HAL_Driver/Src/stm32f4xx_ll_tim.o
 .text.LL_TIM_OC_SetCompareCH2
                0x0000000008003a1a       0x1c ./Drivers/STM32F4xx_HAL_Driver/Src/stm32f4xx_ll_tim.o
 .text.LL_TIM_OC_SetCompareCH3
                0x0000000008003a36       0x1c ./Drivers/STM32F4xx_HAL_Driver/Src/stm32f4xx_ll_tim.o
 .text.LL_TIM_OC_SetCompareCH4
                0x0000000008003a52       0x1c ./Drivers/STM32F4xx_HAL_Driver/Src/stm32f4xx_ll_tim.o
 .text.LL_TIM_GenerateEvent_UPDATE
                0x0000000008003a6e       0x20 ./Drivers/STM32F4xx_HAL_Driver/Src/stm32f4xx_ll_tim.o
 *fill*         0x0000000008003a8e        0x2 
 .text.LL_TIM_Init
                0x0000000008003a90       0xf4 ./Drivers/STM32F4xx_HAL_Driver/Src/stm32f4xx_ll_tim.o
                0x0000000008003a90                LL_TIM_Init
 .text.LL_TIM_OC_Init
                0x0000000008003b84       0x82 ./Drivers/STM32F4xx_HAL_Driver/Src/stm32f4xx_ll_tim.o
                0x0000000008003b84                LL_TIM_OC_Init
 *fill*         0x0000000008003c06        0x2 
 .text.OC1Config
                0x0000000008003c08       0xcc ./Drivers/STM32F4xx_HAL_Driver/Src/stm32f4xx_ll_tim.o
 .text.OC2Config
                0x0000000008003cd4       0xd4 ./Drivers/STM32F4xx_HAL_Driver/Src/stm32f4xx_ll_tim.o
 .text.OC3Config
                0x0000000008003da8       0xd4 ./Drivers/STM32F4xx_HAL_Driver/Src/stm32f4xx_ll_tim.o
 .text.OC4Config
                0x0000000008003e7c       0xa4 ./Drivers/STM32F4xx_HAL_Driver/Src/stm32f4xx_ll_tim.o
 .text.LL_USART_IsEnabled
                0x0000000008003f20       0x28 ./Drivers/STM32F4xx_HAL_Driver/Src/stm32f4xx_ll_usart.o
 .text.LL_USART_SetStopBitsLength
                0x0000000008003f48       0x26 ./Drivers/STM32F4xx_HAL_Driver/Src/stm32f4xx_ll_usart.o
 .text.LL_USART_SetHWFlowCtrl
                0x0000000008003f6e       0x26 ./Drivers/STM32F4xx_HAL_Driver/Src/stm32f4xx_ll_usart.o
 .text.LL_USART_SetBaudRate
                0x0000000008003f94      0x45c ./Drivers/STM32F4xx_HAL_Driver/Src/stm32f4xx_ll_usart.o
 .text.LL_USART_Init
                0x00000000080043f0       0xc8 ./Drivers/STM32F4xx_HAL_Driver/Src/stm32f4xx_ll_usart.o
                0x00000000080043f0                LL_USART_Init
 .text.LL_InitTick
                0x00000000080044b8       0x34 ./Drivers/STM32F4xx_HAL_Driver/Src/stm32f4xx_ll_utils.o
 .text.LL_Init1msTick
                0x00000000080044ec       0x1a ./Drivers/STM32F4xx_HAL_Driver/Src/stm32f4xx_ll_utils.o
                0x00000000080044ec                LL_Init1msTick
 *fill*         0x0000000008004506        0x2 
 .text.LL_SetSystemCoreClock
                0x0000000008004508       0x20 ./Drivers/STM32F4xx_HAL_Driver/Src/stm32f4xx_ll_utils.o
                0x0000000008004508                LL_SetSystemCoreClock
 .text.__Custom_Exception_Set_Message
                0x0000000008004528       0x38 ./External Library/Src/custom_exception.o
                0x0000000008004528                __Custom_Exception_Set_Message
 .text.Custom_FileSystem_Load
                0x0000000008004560       0x20 ./External Library/Src/custom_filesystem.o
                0x0000000008004560                Custom_FileSystem_Load
 .text.Custom_Flash_Check_Error
                0x0000000008004580       0x90 ./External Library/Src/custom_flash.o
                0x0000000008004580                Custom_Flash_Check_Error
 .text.Custom_Flash_Read
                0x0000000008004610       0x64 ./External Library/Src/custom_flash.o
                0x0000000008004610                Custom_Flash_Read
 .text.LL_SPI_Enable
                0x0000000008004674       0x20 ./External Library/Src/custom_oled.o
 .text.LL_SPI_SetTransferDirection
                0x0000000008004694       0x26 ./External Library/Src/custom_oled.o
 .text.LL_SPI_IsActiveFlag_TXE
                0x00000000080046ba       0x26 ./External Library/Src/custom_oled.o
 .text.LL_SPI_IsActiveFlag_BSY
                0x00000000080046e0       0x26 ./External Library/Src/custom_oled.o
 .text.LL_SPI_TransmitData8
                0x0000000008004706       0x24 ./External Library/Src/custom_oled.o
 .text.Custom_GPIO_Set
                0x000000000800472a       0x3a ./External Library/Src/custom_oled.o
 .text.Custom_OLED_SPI_Tramsnit_Blocking
                0x0000000008004764       0x40 ./External Library/Src/custom_oled.o
 .text.Custom_OLED_Write_Command
                0x00000000080047a4       0x5c ./External Library/Src/custom_oled.o
 .text.Custom_OLED_Write_Data
                0x0000000008004800       0x74 ./External Library/Src/custom_oled.o
 .text.Custom_OLED_Set_Window
                0x0000000008004874       0x4a ./External Library/Src/custom_oled.o
 .text.Custom_OLED_Clear
                0x00000000080048be       0x3e ./External Library/Src/custom_oled.o
                0x00000000080048be                Custom_OLED_Clear
 .text.Custom_OLED_Init
                0x00000000080048fc       0x4c ./External Library/Src/custom_oled.o
                0x00000000080048fc                Custom_OLED_Init
 .text.Custom_OLED_Putchar
                0x0000000008004948      0x140 ./External Library/Src/custom_oled.o
                0x0000000008004948                Custom_OLED_Putchar
 .text.Custom_OLED_Printf
                0x0000000008004a88      0x4c8 ./External Library/Src/custom_oled.o
                0x0000000008004a88                Custom_OLED_Printf
 .text.LL_GPIO_ReadInputPort
                0x0000000008004f50       0x18 ./External Library/Src/custom_switch.o
 .text.Custom_Delay_Get_SysTick
                0x0000000008004f68       0x18 ./External Library/Src/custom_switch.o
 .text.Custom_Switch_Init_ButtonState
                0x0000000008004f80       0x36 ./External Library/Src/custom_switch.o
 *fill*         0x0000000008004fb6        0x2 
 .text.Custom_Switch_State_Machine
                0x0000000008004fb8      0x130 ./External Library/Src/custom_switch.o
 .text.Custom_Switch_Read
                0x00000000080050e8      0x180 ./External Library/Src/custom_switch.o
                0x00000000080050e8                Custom_Switch_Read
 .text.Print_Drive_Data
                0x0000000008005268      0x27c ./Main/Src/drive_data_tools.o
                0x0000000008005268                Print_Drive_Data
 .text.Pre_Drive_Setting
                0x00000000080054e4       0x20 ./Main/Src/drive_preset.o
                0x00000000080054e4                Pre_Drive_Setting
 .text.Pre_Drive_Var_Adjust_First_Drive
                0x0000000008005504       0x5c ./Main/Src/drive_preset.o
 .text.Pre_Drive_Var_Adjust_Second_Drive
                0x0000000008005560      0x164 ./Main/Src/drive_preset.o
 .text.Pre_Drive_Var_Adjust_Switch_Cntl
                0x00000000080056c4      0x290 ./Main/Src/drive_preset.o
 .text.Pre_Drive_Var_Init
                0x0000000008005954      0x248 ./Main/Src/drive_preset.o
                0x0000000008005954                Pre_Drive_Var_Init
 .text.Position_Windowing
                0x0000000008005b9c       0x60 ./Main/Src/first_drive.o
 .text.Sum_Position_Val
                0x0000000008005bfc       0x78 ./Main/Src/first_drive.o
 .text.Make_Position_Val
                0x0000000008005c74       0x38 ./Main/Src/first_drive.o
 .text.Positioning
                0x0000000008005cac       0x5a ./Main/Src/first_drive.o
 .text.Custom_Delay_us
                0x0000000008005d06       0x50 ./Main/Src/first_drive.o
 .text.Custom_Delay_ms
                0x0000000008005d56       0x20 ./Main/Src/first_drive.o
 *fill*         0x0000000008005d76        0x2 
 .text.Drive_Fit_In
                0x0000000008005d78       0xb0 ./Main/Src/first_drive.o
 .text.Is_Drive_End
                0x0000000008005e28       0x90 ./Main/Src/first_drive.o
 .text.Mark_Masking
                0x0000000008005eb8       0xf0 ./Main/Src/first_drive.o
 .text.Mark_Accumming
                0x0000000008005fa8       0xd0 ./Main/Src/first_drive.o
 .text.Mark_Accumming_Reset
                0x0000000008006078       0x18 ./Main/Src/first_drive.o
 .text.Is_Line_Out
                0x0000000008006090       0x24 ./Main/Src/first_drive.o
 .text.Is_Passed_Marker
                0x00000000080060b4       0x30 ./Main/Src/first_drive.o
 .text.Decision
                0x00000000080060e4       0x90 ./Main/Src/first_drive.o
 .text.Drive_State_Machine
                0x0000000008006174      0x164 ./Main/Src/first_drive.o
 .text.First_Drive
                0x00000000080062d8       0x64 ./Main/Src/first_drive.o
                0x00000000080062d8                First_Drive
 .text.First_Drive_Cntl
                0x000000000800633c      0x108 ./Main/Src/first_drive.o
 .text.Set_First_Drive_Data
                0x0000000008006444       0xc8 ./Main/Src/first_drive.o
 .text.First_Drive_Data_Cntl
                0x000000000800650c      0x17c ./Main/Src/first_drive.o
 .text.First_Drive_Data_Update_Cntl
                0x0000000008006688      0x144 ./Main/Src/first_drive.o
 .text.LL_USART_Enable
                0x00000000080067cc       0x20 ./Main/Src/init.o
 .text.Custom_Delay_us
                0x00000000080067ec       0x50 ./Main/Src/init.o
 .text.Custom_Delay_ms
                0x000000000800683c       0x20 ./Main/Src/init.o
 .text.Custom_Delay_Init_SysTick
                0x000000000800685c       0x28 ./Main/Src/init.o
 .text.Init     0x0000000008006884      0x108 ./Main/Src/init.o
                0x0000000008006884                Init
 .text.LL_TIM_EnableCounter
                0x000000000800698c       0x20 ./Main/Src/linetracer_test.o
 .text.LL_TIM_DisableCounter
                0x00000000080069ac       0x20 ./Main/Src/linetracer_test.o
 .text.LL_TIM_CC_EnableChannel
                0x00000000080069cc       0x22 ./Main/Src/linetracer_test.o
 .text.LL_TIM_CC_DisableChannel
                0x00000000080069ee       0x24 ./Main/Src/linetracer_test.o
 .text.LL_TIM_OC_SetCompareCH2
                0x0000000008006a12       0x1c ./Main/Src/linetracer_test.o
 .text.Custom_GPIO_Set
                0x0000000008006a2e       0x3a ./Main/Src/linetracer_test.o
 .text.Position_Windowing
                0x0000000008006a68       0x60 ./Main/Src/linetracer_test.o
 .text.Sum_Position_Val
                0x0000000008006ac8       0x78 ./Main/Src/linetracer_test.o
 .text.Make_Position_Val
                0x0000000008006b40       0x38 ./Main/Src/linetracer_test.o
 .text.Positioning
                0x0000000008006b78       0x5a ./Main/Src/linetracer_test.o
 *fill*         0x0000000008006bd2        0x2 
 .text.Mark_Masking
                0x0000000008006bd4       0xf0 ./Main/Src/linetracer_test.o
 .text.Mark_Accumming
                0x0000000008006cc4       0xd0 ./Main/Src/linetracer_test.o
 .text.Mark_Accumming_Reset
                0x0000000008006d94       0x18 ./Main/Src/linetracer_test.o
 .text.Is_Line_Out
                0x0000000008006dac       0x24 ./Main/Src/linetracer_test.o
 .text.Is_Passed_Marker
                0x0000000008006dd0       0x30 ./Main/Src/linetracer_test.o
 .text.Decision
                0x0000000008006e00       0x90 ./Main/Src/linetracer_test.o
 .text.Drive_State_Machine
                0x0000000008006e90      0x164 ./Main/Src/linetracer_test.o
 .text.Sensor_Test_Raw
                0x0000000008006ff4       0xe0 ./Main/Src/linetracer_test.o
                0x0000000008006ff4                Sensor_Test_Raw
 .text.Sensor_Test_Normalized
                0x00000000080070d4       0xe0 ./Main/Src/linetracer_test.o
                0x00000000080070d4                Sensor_Test_Normalized
 .text.Sensor_Test_State
                0x00000000080071b4      0x19c ./Main/Src/linetracer_test.o
                0x00000000080071b4                Sensor_Test_State
 .text.Battery_Test_Voltage
                0x0000000008007350       0x40 ./Main/Src/linetracer_test.o
                0x0000000008007350                Battery_Test_Voltage
 .text.MotorR_Test_Duty
                0x0000000008007390      0x188 ./Main/Src/linetracer_test.o
                0x0000000008007390                MotorR_Test_Duty
 .text.MotorL_Test_Duty
                0x0000000008007518      0x188 ./Main/Src/linetracer_test.o
                0x0000000008007518                MotorL_Test_Duty
 .text.MotorL_Test_PD
                0x00000000080076a0      0x168 ./Main/Src/linetracer_test.o
                0x00000000080076a0                MotorL_Test_PD
 .text.MotorR_Test_PD
                0x0000000008007808      0x168 ./Main/Src/linetracer_test.o
                0x0000000008007808                MotorR_Test_PD
 .text.Motor_Test_Speed
                0x0000000008007970      0x108 ./Main/Src/linetracer_test.o
                0x0000000008007970                Motor_Test_Speed
 .text.Drive_Test_Position
                0x0000000008007a78       0xd8 ./Main/Src/linetracer_test.o
                0x0000000008007a78                Drive_Test_Position
 .text.Mark_Live_Test
                0x0000000008007b50      0x2fc ./Main/Src/linetracer_test.o
                0x0000000008007b50                Mark_Live_Test
 .text.LL_TIM_EnableCounter
                0x0000000008007e4c       0x20 ./Main/Src/motor.o
 .text.LL_TIM_DisableCounter
                0x0000000008007e6c       0x20 ./Main/Src/motor.o
 .text.LL_TIM_CC_EnableChannel
                0x0000000008007e8c       0x22 ./Main/Src/motor.o
 .text.LL_TIM_CC_DisableChannel
                0x0000000008007eae       0x24 ./Main/Src/motor.o
 .text.LL_TIM_OC_SetCompareCH2
                0x0000000008007ed2       0x1c ./Main/Src/motor.o
 .text.LL_TIM_EnableIT_UPDATE
                0x0000000008007eee       0x20 ./Main/Src/motor.o
 .text.LL_TIM_DisableIT_UPDATE
                0x0000000008007f0e       0x20 ./Main/Src/motor.o
 *fill*         0x0000000008007f2e        0x2 
 .text.MotorL_Start
                0x0000000008007f30       0x2c ./Main/Src/motor.o
                0x0000000008007f30                MotorL_Start
 .text.MotorR_Start
                0x0000000008007f5c       0x2c ./Main/Src/motor.o
                0x0000000008007f5c                MotorR_Start
 .text.Motor_Start
                0x0000000008007f88       0x10 ./Main/Src/motor.o
                0x0000000008007f88                Motor_Start
 .text.MotorL_Power_Off
                0x0000000008007f98       0x18 ./Main/Src/motor.o
                0x0000000008007f98                MotorL_Power_Off
 .text.MotorR_Power_Off
                0x0000000008007fb0       0x18 ./Main/Src/motor.o
                0x0000000008007fb0                MotorR_Power_Off
 .text.Motor_Power_Off
                0x0000000008007fc8       0x10 ./Main/Src/motor.o
                0x0000000008007fc8                Motor_Power_Off
 .text.MotorL_Stop
                0x0000000008007fd8       0x28 ./Main/Src/motor.o
                0x0000000008007fd8                MotorL_Stop
 .text.MotorR_Stop
                0x0000000008008000       0x28 ./Main/Src/motor.o
                0x0000000008008000                MotorR_Stop
 .text.Motor_Stop
                0x0000000008008028       0x10 ./Main/Src/motor.o
                0x0000000008008028                Motor_Stop
 .text.Speed_Control_Start
                0x0000000008008038       0x18 ./Main/Src/motor.o
                0x0000000008008038                Speed_Control_Start
 .text.Speed_Control_Stop
                0x0000000008008050       0x18 ./Main/Src/motor.o
                0x0000000008008050                Speed_Control_Stop
 .text.Position_Windowing
                0x0000000008008068       0x60 ./Main/Src/second_drive.o
 .text.Sum_Position_Val
                0x00000000080080c8       0x78 ./Main/Src/second_drive.o
 .text.Make_Position_Val
                0x0000000008008140       0x38 ./Main/Src/second_drive.o
 .text.Positioning
                0x0000000008008178       0x5a ./Main/Src/second_drive.o
 .text.Custom_Delay_us
                0x00000000080081d2       0x50 ./Main/Src/second_drive.o
 .text.Custom_Delay_ms
                0x0000000008008222       0x20 ./Main/Src/second_drive.o
 *fill*         0x0000000008008242        0x2 
 .text.Drive_Fit_In
                0x0000000008008244       0xb0 ./Main/Src/second_drive.o
 .text.Is_Drive_End
                0x00000000080082f4       0x90 ./Main/Src/second_drive.o
 .text.Mark_Masking
                0x0000000008008384       0xf0 ./Main/Src/second_drive.o
 .text.Mark_Accumming
                0x0000000008008474       0xd0 ./Main/Src/second_drive.o
 .text.Mark_Accumming_Reset
                0x0000000008008544       0x18 ./Main/Src/second_drive.o
 .text.Is_Line_Out
                0x000000000800855c       0x24 ./Main/Src/second_drive.o
 .text.Is_Passed_Marker
                0x0000000008008580       0x30 ./Main/Src/second_drive.o
 .text.Decision
                0x00000000080085b0       0x90 ./Main/Src/second_drive.o
 .text.Drive_State_Machine
                0x0000000008008640      0x164 ./Main/Src/second_drive.o
 .text.Second_Drive
                0x00000000080087a4       0xc4 ./Main/Src/second_drive.o
                0x00000000080087a4                Second_Drive
 .text.Second_Drive_Cntl
                0x0000000008008868      0x100 ./Main/Src/second_drive.o
 .text.Set_Second_Drive_Data
                0x0000000008008968       0xb4 ./Main/Src/second_drive.o
 *fill*         0x0000000008008a1c        0x4 
 .text.Second_Drive_Straight_Boost_Cntl
                0x0000000008008a20      0x408 ./Main/Src/second_drive.o
 .text.Second_Drive_Curve_Inline_Cntl
                0x0000000008008e28      0x244 ./Main/Src/second_drive.o
 .text.LL_ADC_Enable
                0x000000000800906c       0x20 ./Main/Src/sensor.o
 .text.LL_ADC_Disable
                0x000000000800908c       0x20 ./Main/Src/sensor.o
 .text.LL_TIM_EnableCounter
                0x00000000080090ac       0x20 ./Main/Src/sensor.o
 .text.LL_TIM_DisableCounter
                0x00000000080090cc       0x20 ./Main/Src/sensor.o
 .text.LL_TIM_EnableIT_UPDATE
                0x00000000080090ec       0x20 ./Main/Src/sensor.o
 .text.LL_TIM_DisableIT_UPDATE
                0x000000000800910c       0x20 ./Main/Src/sensor.o
 .text.Custom_Delay_us
                0x000000000800912c       0x50 ./Main/Src/sensor.o
 .text.Custom_Delay_ms
                0x000000000800917c       0x20 ./Main/Src/sensor.o
 .text.Sensor_Start
                0x000000000800919c       0x30 ./Main/Src/sensor.o
                0x000000000800919c                Sensor_Start
 .text.Sensor_Stop
                0x00000000080091cc       0x24 ./Main/Src/sensor.o
                0x00000000080091cc                Sensor_Stop
 .text.Sensor_Calibration
                0x00000000080091f0      0x268 ./Main/Src/sensor.o
                0x00000000080091f0                Sensor_Calibration
 .text._vsprintf_r
                0x0000000008009458       0x2c /Applications/STM32CubeIDE.app/Contents/Eclipse/plugins/com.st.stm32cube.ide.mcu.externaltools.gnu-tools-for-stm32.11.3.rel1.macos64_1.1.100.202310310803/tools/bin/../lib/gcc/arm-none-eabi/11.3.1/../../../../arm-none-eabi/lib/thumb/v7e-m+fp/hard/libc_nano.a(libc_a-vsprintf.o)
                0x0000000008009458                _vsiprintf_r
                0x0000000008009458                _vsprintf_r
 .text.vsprintf
                0x0000000008009484       0x14 /Applications/STM32CubeIDE.app/Contents/Eclipse/plugins/com.st.stm32cube.ide.mcu.externaltools.gnu-tools-for-stm32.11.3.rel1.macos64_1.1.100.202310310803/tools/bin/../lib/gcc/arm-none-eabi/11.3.1/../../../../arm-none-eabi/lib/thumb/v7e-m+fp/hard/libc_nano.a(libc_a-vsprintf.o)
                0x0000000008009484                vsprintf
                0x0000000008009484                vsiprintf
 .text.memset   0x0000000008009498       0x10 /Applications/STM32CubeIDE.app/Contents/Eclipse/plugins/com.st.stm32cube.ide.mcu.externaltools.gnu-tools-for-stm32.11.3.rel1.macos64_1.1.100.202310310803/tools/bin/../lib/gcc/arm-none-eabi/11.3.1/../../../../arm-none-eabi/lib/thumb/v7e-m+fp/hard/libc_nano.a(libc_a-memset.o)
                0x0000000008009498                memset
 .text.__errno  0x00000000080094a8        0xc /Applications/STM32CubeIDE.app/Contents/Eclipse/plugins/com.st.stm32cube.ide.mcu.externaltools.gnu-tools-for-stm32.11.3.rel1.macos64_1.1.100.202310310803/tools/bin/../lib/gcc/arm-none-eabi/11.3.1/../../../../arm-none-eabi/lib/thumb/v7e-m+fp/hard/libc_nano.a(libc_a-errno.o)
                0x00000000080094a8                __errno
 .text.__libc_init_array
                0x00000000080094b4       0x48 /Applications/STM32CubeIDE.app/Contents/Eclipse/plugins/com.st.stm32cube.ide.mcu.externaltools.gnu-tools-for-stm32.11.3.rel1.macos64_1.1.100.202310310803/tools/bin/../lib/gcc/arm-none-eabi/11.3.1/../../../../arm-none-eabi/lib/thumb/v7e-m+fp/hard/libc_nano.a(libc_a-init.o)
                0x00000000080094b4                __libc_init_array
 .text.__retarget_lock_acquire_recursive
                0x00000000080094fc        0x2 /Applications/STM32CubeIDE.app/Contents/Eclipse/plugins/com.st.stm32cube.ide.mcu.externaltools.gnu-tools-for-stm32.11.3.rel1.macos64_1.1.100.202310310803/tools/bin/../lib/gcc/arm-none-eabi/11.3.1/../../../../arm-none-eabi/lib/thumb/v7e-m+fp/hard/libc_nano.a(libc_a-lock.o)
                0x00000000080094fc                __retarget_lock_acquire_recursive
 .text.__retarget_lock_release_recursive
                0x00000000080094fe        0x2 /Applications/STM32CubeIDE.app/Contents/Eclipse/plugins/com.st.stm32cube.ide.mcu.externaltools.gnu-tools-for-stm32.11.3.rel1.macos64_1.1.100.202310310803/tools/bin/../lib/gcc/arm-none-eabi/11.3.1/../../../../arm-none-eabi/lib/thumb/v7e-m+fp/hard/libc_nano.a(libc_a-lock.o)
                0x00000000080094fe                __retarget_lock_release_recursive
 .text.memcpy   0x0000000008009500       0x1c /Applications/STM32CubeIDE.app/Contents/Eclipse/plugins/com.st.stm32cube.ide.mcu.externaltools.gnu-tools-for-stm32.11.3.rel1.macos64_1.1.100.202310310803/tools/bin/../lib/gcc/arm-none-eabi/11.3.1/../../../../arm-none-eabi/lib/thumb/v7e-m+fp/hard/libc_nano.a(libc_a-memcpy-stub.o)
                0x0000000008009500                memcpy
 .text.__ssputs_r
                0x000000000800951c       0xb4 /Applications/STM32CubeIDE.app/Contents/Eclipse/plugins/com.st.stm32cube.ide.mcu.externaltools.gnu-tools-for-stm32.11.3.rel1.macos64_1.1.100.202310310803/tools/bin/../lib/gcc/arm-none-eabi/11.3.1/../../../../arm-none-eabi/lib/thumb/v7e-m+fp/hard/libc_nano.a(libc_a-nano-svfprintf.o)
                0x000000000800951c                __ssputs_r
 .text._svfprintf_r
                0x00000000080095d0      0x1fc /Applications/STM32CubeIDE.app/Contents/Eclipse/plugins/com.st.stm32cube.ide.mcu.externaltools.gnu-tools-for-stm32.11.3.rel1.macos64_1.1.100.202310310803/tools/bin/../lib/gcc/arm-none-eabi/11.3.1/../../../../arm-none-eabi/lib/thumb/v7e-m+fp/hard/libc_nano.a(libc_a-nano-svfprintf.o)
                0x00000000080095d0                _svfprintf_r
                0x00000000080095d0                _svfiprintf_r
 .text.sbrk_aligned
                0x00000000080097cc       0x40 /Applications/STM32CubeIDE.app/Contents/Eclipse/plugins/com.st.stm32cube.ide.mcu.externaltools.gnu-tools-for-stm32.11.3.rel1.macos64_1.1.100.202310310803/tools/bin/../lib/gcc/arm-none-eabi/11.3.1/../../../../arm-none-eabi/lib/thumb/v7e-m+fp/hard/libc_nano.a(libc_a-mallocr.o)
 .text._malloc_r
                0x000000000800980c      0x100 /Applications/STM32CubeIDE.app/Contents/Eclipse/plugins/com.st.stm32cube.ide.mcu.externaltools.gnu-tools-for-stm32.11.3.rel1.macos64_1.1.100.202310310803/tools/bin/../lib/gcc/arm-none-eabi/11.3.1/../../../../arm-none-eabi/lib/thumb/v7e-m+fp/hard/libc_nano.a(libc_a-mallocr.o)
                0x000000000800980c                _malloc_r
 .text._printf_common
                0x000000000800990c       0xda /Applications/STM32CubeIDE.app/Contents/Eclipse/plugins/com.st.stm32cube.ide.mcu.externaltools.gnu-tools-for-stm32.11.3.rel1.macos64_1.1.100.202310310803/tools/bin/../lib/gcc/arm-none-eabi/11.3.1/../../../../arm-none-eabi/lib/thumb/v7e-m+fp/hard/libc_nano.a(libc_a-nano-vfprintf_i.o)
                0x000000000800990c                _printf_common
 *fill*         0x00000000080099e6        0x2 
 .text._printf_i
                0x00000000080099e8      0x244 /Applications/STM32CubeIDE.app/Contents/Eclipse/plugins/com.st.stm32cube.ide.mcu.externaltools.gnu-tools-for-stm32.11.3.rel1.macos64_1.1.100.202310310803/tools/bin/../lib/gcc/arm-none-eabi/11.3.1/../../../../arm-none-eabi/lib/thumb/v7e-m+fp/hard/libc_nano.a(libc_a-nano-vfprintf_i.o)
                0x00000000080099e8                _printf_i
 .text.__malloc_lock
                0x0000000008009c2c        0xc /Applications/STM32CubeIDE.app/Contents/Eclipse/plugins/com.st.stm32cube.ide.mcu.externaltools.gnu-tools-for-stm32.11.3.rel1.macos64_1.1.100.202310310803/tools/bin/../lib/gcc/arm-none-eabi/11.3.1/../../../../arm-none-eabi/lib/thumb/v7e-m+fp/hard/libc_nano.a(libc_a-mlock.o)
                0x0000000008009c2c                __malloc_lock
 .text.__malloc_unlock
                0x0000000008009c38        0xc /Applications/STM32CubeIDE.app/Contents/Eclipse/plugins/com.st.stm32cube.ide.mcu.externaltools.gnu-tools-for-stm32.11.3.rel1.macos64_1.1.100.202310310803/tools/bin/../lib/gcc/arm-none-eabi/11.3.1/../../../../arm-none-eabi/lib/thumb/v7e-m+fp/hard/libc_nano.a(libc_a-mlock.o)
                0x0000000008009c38                __malloc_unlock
 .text._realloc_r
                0x0000000008009c44       0x5e /Applications/STM32CubeIDE.app/Contents/Eclipse/plugins/com.st.stm32cube.ide.mcu.externaltools.gnu-tools-for-stm32.11.3.rel1.macos64_1.1.100.202310310803/tools/bin/../lib/gcc/arm-none-eabi/11.3.1/../../../../arm-none-eabi/lib/thumb/v7e-m+fp/hard/libc_nano.a(libc_a-reallocr.o)
                0x0000000008009c44                _realloc_r
 .text.memmove  0x0000000008009ca2       0x34 /Applications/STM32CubeIDE.app/Contents/Eclipse/plugins/com.st.stm32cube.ide.mcu.externaltools.gnu-tools-for-stm32.11.3.rel1.macos64_1.1.100.202310310803/tools/bin/../lib/gcc/arm-none-eabi/11.3.1/../../../../arm-none-eabi/lib/thumb/v7e-m+fp/hard/libc_nano.a(libc_a-memmove.o)
                0x0000000008009ca2                memmove
 *fill*         0x0000000008009cd6        0x2 
 .text._sbrk_r  0x0000000008009cd8       0x20 /Applications/STM32CubeIDE.app/Contents/Eclipse/plugins/com.st.stm32cube.ide.mcu.externaltools.gnu-tools-for-stm32.11.3.rel1.macos64_1.1.100.202310310803/tools/bin/../lib/gcc/arm-none-eabi/11.3.1/../../../../arm-none-eabi/lib/thumb/v7e-m+fp/hard/libc_nano.a(libc_a-sbrkr.o)
                0x0000000008009cd8                _sbrk_r
 .text._free_r  0x0000000008009cf8       0x98 /Applications/STM32CubeIDE.app/Contents/Eclipse/plugins/com.st.stm32cube.ide.mcu.externaltools.gnu-tools-for-stm32.11.3.rel1.macos64_1.1.100.202310310803/tools/bin/../lib/gcc/arm-none-eabi/11.3.1/../../../../arm-none-eabi/lib/thumb/v7e-m+fp/hard/libc_nano.a(libc_a-freer.o)
                0x0000000008009cf8                _free_r
 .text._malloc_usable_size_r
                0x0000000008009d90       0x10 /Applications/STM32CubeIDE.app/Contents/Eclipse/plugins/com.st.stm32cube.ide.mcu.externaltools.gnu-tools-for-stm32.11.3.rel1.macos64_1.1.100.202310310803/tools/bin/../lib/gcc/arm-none-eabi/11.3.1/../../../../arm-none-eabi/lib/thumb/v7e-m+fp/hard/libc_nano.a(libc_a-msizer.o)
                0x0000000008009d90                _malloc_usable_size_r
 *(.glue_7)
 .glue_7        0x0000000008009da0        0x0 linker stubs
 *(.glue_7t)
 .glue_7t       0x0000000008009da0        0x0 linker stubs
 *(.eh_frame)
 .eh_frame      0x0000000008009da0        0x0 /Applications/STM32CubeIDE.app/Contents/Eclipse/plugins/com.st.stm32cube.ide.mcu.externaltools.gnu-tools-for-stm32.11.3.rel1.macos64_1.1.100.202310310803/tools/bin/../lib/gcc/arm-none-eabi/11.3.1/thumb/v7e-m+fp/hard/crtbegin.o
 *(.init)
 .init          0x0000000008009da0        0x4 /Applications/STM32CubeIDE.app/Contents/Eclipse/plugins/com.st.stm32cube.ide.mcu.externaltools.gnu-tools-for-stm32.11.3.rel1.macos64_1.1.100.202310310803/tools/bin/../lib/gcc/arm-none-eabi/11.3.1/thumb/v7e-m+fp/hard/crti.o
                0x0000000008009da0                _init
 .init          0x0000000008009da4        0x8 /Applications/STM32CubeIDE.app/Contents/Eclipse/plugins/com.st.stm32cube.ide.mcu.externaltools.gnu-tools-for-stm32.11.3.rel1.macos64_1.1.100.202310310803/tools/bin/../lib/gcc/arm-none-eabi/11.3.1/thumb/v7e-m+fp/hard/crtn.o
 *(.fini)
 .fini          0x0000000008009dac        0x4 /Applications/STM32CubeIDE.app/Contents/Eclipse/plugins/com.st.stm32cube.ide.mcu.externaltools.gnu-tools-for-stm32.11.3.rel1.macos64_1.1.100.202310310803/tools/bin/../lib/gcc/arm-none-eabi/11.3.1/thumb/v7e-m+fp/hard/crti.o
                0x0000000008009dac                _fini
 .fini          0x0000000008009db0        0x8 /Applications/STM32CubeIDE.app/Contents/Eclipse/plugins/com.st.stm32cube.ide.mcu.externaltools.gnu-tools-for-stm32.11.3.rel1.macos64_1.1.100.202310310803/tools/bin/../lib/gcc/arm-none-eabi/11.3.1/thumb/v7e-m+fp/hard/crtn.o
                0x0000000008009db8                . = ALIGN (0x4)
                0x0000000008009db8                _etext = .

.vfp11_veneer   0x0000000008009db8        0x0
 .vfp11_veneer  0x0000000008009db8        0x0 linker stubs

.v4_bx          0x0000000008009db8        0x0
 .v4_bx         0x0000000008009db8        0x0 linker stubs

.iplt           0x0000000008009db8        0x0
 .iplt          0x0000000008009db8        0x0 /Applications/STM32CubeIDE.app/Contents/Eclipse/plugins/com.st.stm32cube.ide.mcu.externaltools.gnu-tools-for-stm32.11.3.rel1.macos64_1.1.100.202310310803/tools/bin/../lib/gcc/arm-none-eabi/11.3.1/thumb/v7e-m+fp/hard/crtbegin.o

.rodata         0x0000000008009db8      0xba0
                0x0000000008009db8                . = ALIGN (0x4)
 *(.rodata)
 .rodata        0x0000000008009db8       0xe3 ./External Library/Src/custom_flash.o
 *fill*         0x0000000008009e9b        0x1 
 .rodata        0x0000000008009e9c       0x25 ./External Library/Src/custom_oled.o
 *fill*         0x0000000008009ec1        0x3 
 .rodata        0x0000000008009ec4       0x69 ./Main/Src/drive_data_tools.o
 *fill*         0x0000000008009f2d        0x3 
 .rodata        0x0000000008009f30      0x140 ./Main/Src/drive_preset.o
 .rodata        0x000000000800a070       0x76 ./Main/Src/first_drive.o
 *fill*         0x000000000800a0e6        0x2 
 .rodata        0x000000000800a0e8      0x144 ./Main/Src/init.o
 .rodata        0x000000000800a22c      0x3a7 ./Main/Src/linetracer_test.o
 *fill*         0x000000000800a5d3        0x1 
 .rodata        0x000000000800a5d4       0x27 ./Main/Src/second_drive.o
 *fill*         0x000000000800a5fb        0x1 
 .rodata        0x000000000800a5fc       0x70 ./Main/Src/sensor.o
 *(.rodata*)
 .rodata.OFFSET_TAB_CCMRx
                0x000000000800a66c        0x7 ./Core/Src/main.o
 *fill*         0x000000000800a673        0x1 
 .rodata.SHIFT_TAB_OCxx
                0x000000000800a674        0x7 ./Core/Src/main.o
 *fill*         0x000000000800a67b        0x1 
 .rodata.SHIFT_TAB_ICxx
                0x000000000800a67c        0x7 ./Core/Src/main.o
 *fill*         0x000000000800a683        0x1 
 .rodata.SHIFT_TAB_CCxP
                0x000000000800a684        0x7 ./Core/Src/main.o
 *fill*         0x000000000800a68b        0x1 
 .rodata.AHBPrescTable
                0x000000000800a68c       0x10 ./Core/Src/system_stm32f4xx.o
                0x000000000800a68c                AHBPrescTable
 .rodata.APBPrescTable
                0x000000000800a69c        0x8 ./Core/Src/system_stm32f4xx.o
                0x000000000800a69c                APBPrescTable
 .rodata.STARFONT_ASCII
                0x000000000800a6a4      0x280 ./External Library/Src/custom_oled.o
                0x000000000800a6a4                STARFONT_ASCII
 .rodata._svfprintf_r.str1.1
                0x000000000800a924       0x11 /Applications/STM32CubeIDE.app/Contents/Eclipse/plugins/com.st.stm32cube.ide.mcu.externaltools.gnu-tools-for-stm32.11.3.rel1.macos64_1.1.100.202310310803/tools/bin/../lib/gcc/arm-none-eabi/11.3.1/../../../../arm-none-eabi/lib/thumb/v7e-m+fp/hard/libc_nano.a(libc_a-nano-svfprintf.o)
 .rodata._printf_i.str1.1
                0x000000000800a935       0x22 /Applications/STM32CubeIDE.app/Contents/Eclipse/plugins/com.st.stm32cube.ide.mcu.externaltools.gnu-tools-for-stm32.11.3.rel1.macos64_1.1.100.202310310803/tools/bin/../lib/gcc/arm-none-eabi/11.3.1/../../../../arm-none-eabi/lib/thumb/v7e-m+fp/hard/libc_nano.a(libc_a-nano-vfprintf_i.o)
                0x000000000800a958                . = ALIGN (0x4)
 *fill*         0x000000000800a957        0x1 

.ARM.extab      0x000000000800a958        0x0
                0x000000000800a958                . = ALIGN (0x4)
 *(.ARM.extab* .gnu.linkonce.armextab.*)
                0x000000000800a958                . = ALIGN (0x4)

.ARM            0x000000000800a958        0x8
                0x000000000800a958                . = ALIGN (0x4)
                0x000000000800a958                __exidx_start = .
 *(.ARM.exidx*)
 .ARM.exidx     0x000000000800a958        0x8 /Applications/STM32CubeIDE.app/Contents/Eclipse/plugins/com.st.stm32cube.ide.mcu.externaltools.gnu-tools-for-stm32.11.3.rel1.macos64_1.1.100.202310310803/tools/bin/../lib/gcc/arm-none-eabi/11.3.1/thumb/v7e-m+fp/hard/libgcc.a(_udivmoddi4.o)
                0x000000000800a960                __exidx_end = .
                0x000000000800a960                . = ALIGN (0x4)

.rel.dyn        0x000000000800a960        0x0
 .rel.iplt      0x000000000800a960        0x0 /Applications/STM32CubeIDE.app/Contents/Eclipse/plugins/com.st.stm32cube.ide.mcu.externaltools.gnu-tools-for-stm32.11.3.rel1.macos64_1.1.100.202310310803/tools/bin/../lib/gcc/arm-none-eabi/11.3.1/thumb/v7e-m+fp/hard/crtbegin.o

.preinit_array  0x000000000800a960        0x0
                0x000000000800a960                . = ALIGN (0x4)
                0x000000000800a960                PROVIDE (__preinit_array_start = .)
 *(.preinit_array*)
                0x000000000800a960                PROVIDE (__preinit_array_end = .)
                0x000000000800a960                . = ALIGN (0x4)

.init_array     0x000000000800a960        0x4
                0x000000000800a960                . = ALIGN (0x4)
                0x000000000800a960                PROVIDE (__init_array_start = .)
 *(SORT_BY_NAME(.init_array.*))
 *(.init_array*)
 .init_array    0x000000000800a960        0x4 /Applications/STM32CubeIDE.app/Contents/Eclipse/plugins/com.st.stm32cube.ide.mcu.externaltools.gnu-tools-for-stm32.11.3.rel1.macos64_1.1.100.202310310803/tools/bin/../lib/gcc/arm-none-eabi/11.3.1/thumb/v7e-m+fp/hard/crtbegin.o
                0x000000000800a964                PROVIDE (__init_array_end = .)
                0x000000000800a964                . = ALIGN (0x4)

.fini_array     0x000000000800a964        0x4
                0x000000000800a964                . = ALIGN (0x4)
                [!provide]                        PROVIDE (__fini_array_start = .)
 *(SORT_BY_NAME(.fini_array.*))
 *(.fini_array*)
 .fini_array    0x000000000800a964        0x4 /Applications/STM32CubeIDE.app/Contents/Eclipse/plugins/com.st.stm32cube.ide.mcu.externaltools.gnu-tools-for-stm32.11.3.rel1.macos64_1.1.100.202310310803/tools/bin/../lib/gcc/arm-none-eabi/11.3.1/thumb/v7e-m+fp/hard/crtbegin.o
                [!provide]                        PROVIDE (__fini_array_end = .)
                0x000000000800a968                . = ALIGN (0x4)
                0x000000000800a968                _sidata = LOADADDR (.data)

.data           0x0000000020000000      0x100 load address 0x000000000800a968
                0x0000000020000000                . = ALIGN (0x4)
                0x0000000020000000                _sdata = .
 *(.data)
 *(.data*)
 .data.SystemCoreClock
                0x0000000020000000        0x4 ./Core/Src/system_stm32f4xx.o
                0x0000000020000000                SystemCoreClock
 .data.pCoef    0x0000000020000004        0x4 ./Main/Src/drive_def_var.o
                0x0000000020000004                pCoef
 .data.dCoef    0x0000000020000008        0x4 ./Main/Src/drive_def_var.o
                0x0000000020000008                dCoef
 .data.targetSpeed_init
                0x000000002000000c        0x4 ./Main/Src/drive_def_var.o
                0x000000002000000c                targetSpeed_init
 .data.targetAccele_init
                0x0000000020000010        0x4 ./Main/Src/drive_def_var.o
                0x0000000020000010                targetAccele_init
 .data.decele_init
                0x0000000020000014        0x4 ./Main/Src/drive_def_var.o
                0x0000000020000014                decele_init
 .data.positionCoef
                0x0000000020000018        0x4 ./Main/Src/drive_def_var.o
                0x0000000020000018                positionCoef
 .data.positionIdxMax
                0x000000002000001c        0x1 ./Main/Src/drive_def_var.o
                0x000000002000001c                positionIdxMax
 .data.positionIdxMin
                0x000000002000001d        0x1 ./Main/Src/drive_def_var.o
                0x000000002000001d                positionIdxMin
 *fill*         0x000000002000001e        0x2 
 .data.targetAccele
                0x0000000020000020        0x4 ./Main/Src/drive_def_var.o
                0x0000000020000020                targetAccele
 .data.curAccele
                0x0000000020000024        0x4 ./Main/Src/drive_def_var.o
                0x0000000020000024                curAccele
 .data.decele   0x0000000020000028        0x4 ./Main/Src/drive_def_var.o
                0x0000000020000028                decele
 .data.targetSpeed
                0x000000002000002c        0x4 ./Main/Src/drive_def_var.o
                0x000000002000002c                targetSpeed
 .data.curSpeed
                0x0000000020000030        0x4 ./Main/Src/drive_def_var.o
                0x0000000020000030                curSpeed
 .data.boostSpeed
                0x0000000020000034        0x4 ./Main/Src/drive_def_var.o
                0x0000000020000034                boostSpeed
 .data.curveDeceleCoef
                0x0000000020000038        0x4 ./Main/Src/drive_def_var.o
                0x0000000020000038                curveDeceleCoef
 .data.markState
                0x000000002000003c        0x1 ./Main/Src/drive_def_var.o
                0x000000002000003c                markState
 *fill*         0x000000002000003d        0x1 
 .data.lineMasking
                0x000000002000003e        0x2 ./Main/Src/drive_def_var.o
                0x000000002000003e                lineMasking
 .data.rightMarkMasking
                0x0000000020000040        0x2 ./Main/Src/drive_def_var.o
                0x0000000020000040                rightMarkMasking
 .data.leftMarkMasking
                0x0000000020000042        0x2 ./Main/Src/drive_def_var.o
                0x0000000020000042                leftMarkMasking
 .data.bothMarkMasking
                0x0000000020000044        0x2 ./Main/Src/drive_def_var.o
                0x0000000020000044                bothMarkMasking
 .data.markAreaMasking
                0x0000000020000046        0x2 ./Main/Src/drive_def_var.o
                0x0000000020000046                markAreaMasking
 .data.isReadAllMark
                0x0000000020000048        0x1 ./Main/Src/drive_def_var.o
                0x0000000020000048                isReadAllMark
 *fill*         0x0000000020000049        0x3 
 .data.pitInLen
                0x000000002000004c        0x4 ./Main/Src/drive_def_var.o
                0x000000002000004c                pitInLen
 .data.acceleStartTick
                0x0000000020000050        0x4 ./Main/Src/drive_def_var.o
                0x0000000020000050                acceleStartTick
 .data.deceleEndTick
                0x0000000020000054        0x4 ./Main/Src/drive_def_var.o
                0x0000000020000054                deceleEndTick
 .data.deceleEndRatio
                0x0000000020000058        0x4 ./Main/Src/drive_def_var.o
                0x0000000020000058                deceleEndRatio
 .data.whiteMaxs
                0x000000002000005c       0x10 ./Main/Src/sensor.o
                0x000000002000005c                whiteMaxs
 .data.threshold
                0x000000002000006c        0x1 ./Main/Src/sensor.o
                0x000000002000006c                threshold
 *fill*         0x000000002000006d        0x3 
 .data.positionTable
                0x0000000020000070       0x40 ./Main/Src/sensor.o
                0x0000000020000070                positionTable
 .data._impure_data
                0x00000000200000b0       0x4c /Applications/STM32CubeIDE.app/Contents/Eclipse/plugins/com.st.stm32cube.ide.mcu.externaltools.gnu-tools-for-stm32.11.3.rel1.macos64_1.1.100.202310310803/tools/bin/../lib/gcc/arm-none-eabi/11.3.1/../../../../arm-none-eabi/lib/thumb/v7e-m+fp/hard/libc_nano.a(libc_a-impure.o)
                0x00000000200000b0                _impure_data
 .data._impure_ptr
                0x00000000200000fc        0x4 /Applications/STM32CubeIDE.app/Contents/Eclipse/plugins/com.st.stm32cube.ide.mcu.externaltools.gnu-tools-for-stm32.11.3.rel1.macos64_1.1.100.202310310803/tools/bin/../lib/gcc/arm-none-eabi/11.3.1/../../../../arm-none-eabi/lib/thumb/v7e-m+fp/hard/libc_nano.a(libc_a-impure.o)
                0x00000000200000fc                _impure_ptr
 *(.RamFunc)
 *(.RamFunc*)
                0x0000000020000100                . = ALIGN (0x4)
                0x0000000020000100                _edata = .

.igot.plt       0x0000000020000100        0x0 load address 0x000000000800aa68
 .igot.plt      0x0000000020000100        0x0 /Applications/STM32CubeIDE.app/Contents/Eclipse/plugins/com.st.stm32cube.ide.mcu.externaltools.gnu-tools-for-stm32.11.3.rel1.macos64_1.1.100.202310310803/tools/bin/../lib/gcc/arm-none-eabi/11.3.1/thumb/v7e-m+fp/hard/crtbegin.o
                0x0000000020000100                . = ALIGN (0x4)

.bss            0x0000000020000100     0x45c8 load address 0x000000000800aa68
                0x0000000020000100                _sbss = .
                0x0000000020000100                __bss_start__ = _sbss
 *(.bss)
 .bss           0x0000000020000100       0x1c /Applications/STM32CubeIDE.app/Contents/Eclipse/plugins/com.st.stm32cube.ide.mcu.externaltools.gnu-tools-for-stm32.11.3.rel1.macos64_1.1.100.202310310803/tools/bin/../lib/gcc/arm-none-eabi/11.3.1/thumb/v7e-m+fp/hard/crtbegin.o
 *(.bss*)
 .bss.uwTick    0x000000002000011c        0x4 ./Core/Src/stm32f4xx_it.o
                0x000000002000011c                uwTick
 .bss.tim5Idx.2
                0x0000000020000120        0x1 ./Core/Src/stm32f4xx_it.o
 .bss.sensingVoltageIdx.1
                0x0000000020000121        0x1 ./Core/Src/stm32f4xx_it.o
 *fill*         0x0000000020000122        0x2 
 .bss.sensingVoltageMidian.0
                0x0000000020000124        0xc ./Core/Src/stm32f4xx_it.o
 .bss.__sbrk_heap_end
                0x0000000020000130        0x4 ./Core/Src/sysmem.o
 .bss._file     0x0000000020000134        0x4 ./External Library/Src/custom_exception.o
 .bss._line     0x0000000020000138        0x4 ./External Library/Src/custom_exception.o
 .bss._message  0x000000002000013c        0x4 ./External Library/Src/custom_exception.o
 .bss.filesystem
                0x0000000020000140     0x1001 ./External Library/Src/custom_filesystem.o
                0x0000000020000140                filesystem
 .bss.filesystemLoaded
                0x0000000020001141        0x1 ./External Library/Src/custom_filesystem.o
                0x0000000020001141                filesystemLoaded
 *fill*         0x0000000020001142        0x2 
 .bss.data.0    0x0000000020001144      0x140 ./External Library/Src/custom_oled.o
 .bss.isInitialized.3
                0x0000000020001284        0x1 ./External Library/Src/custom_switch.o
 *fill*         0x0000000020001285        0x3 
 .bss.sw1.2     0x0000000020001288       0x14 ./External Library/Src/custom_switch.o
 .bss.sw2.1     0x000000002000129c       0x14 ./External Library/Src/custom_switch.o
 .bss.sw3.0     0x00000000200012b0       0x14 ./External Library/Src/custom_switch.o
 .bss.levelMaxCCR
                0x00000000200012c4        0x4 ./Main/Src/drive_def_var.o
                0x00000000200012c4                levelMaxCCR
 .bss.prevErrorL
                0x00000000200012c8        0x4 ./Main/Src/drive_def_var.o
                0x00000000200012c8                prevErrorL
 .bss.prevErrorR
                0x00000000200012cc        0x4 ./Main/Src/drive_def_var.o
                0x00000000200012cc                prevErrorR
 .bss.targetEncoderValueL_cntl
                0x00000000200012d0        0x2 ./Main/Src/drive_def_var.o
                0x00000000200012d0                targetEncoderValueL_cntl
 .bss.targetEncoderValueR_cntl
                0x00000000200012d2        0x2 ./Main/Src/drive_def_var.o
                0x00000000200012d2                targetEncoderValueR_cntl
 .bss.prevCurEncoderValueL
                0x00000000200012d4        0x2 ./Main/Src/drive_def_var.o
                0x00000000200012d4                prevCurEncoderValueL
 .bss.prevCurEncoderValueR
                0x00000000200012d6        0x2 ./Main/Src/drive_def_var.o
                0x00000000200012d6                prevCurEncoderValueR
 .bss.positionVal
                0x00000000200012d8        0x4 ./Main/Src/drive_def_var.o
                0x00000000200012d8                positionVal
 .bss.limitedPositionVal
                0x00000000200012dc        0x4 ./Main/Src/drive_def_var.o
                0x00000000200012dc                limitedPositionVal
 .bss.positionSum
                0x00000000200012e0        0x4 ./Main/Src/drive_def_var.o
                0x00000000200012e0                positionSum
 .bss.sensorNormValsSum
                0x00000000200012e4        0x4 ./Main/Src/drive_def_var.o
                0x00000000200012e4                sensorNormValsSum
 .bss.curTick_L
                0x00000000200012e8        0x4 ./Main/Src/drive_def_var.o
                0x00000000200012e8                curTick_L
 .bss.curTick_R
                0x00000000200012ec        0x4 ./Main/Src/drive_def_var.o
                0x00000000200012ec                curTick_R
 .bss.targetInlineVal
                0x00000000200012f0        0x4 ./Main/Src/drive_def_var.o
                0x00000000200012f0                targetInlineVal
 .bss.curInlineVal
                0x00000000200012f4        0x4 ./Main/Src/drive_def_var.o
                0x00000000200012f4                curInlineVal
 .bss.driveState
                0x00000000200012f8        0x1 ./Main/Src/drive_def_var.o
                0x00000000200012f8                driveState
 .bss.starightBoostCntl
                0x00000000200012f9        0x1 ./Main/Src/drive_def_var.o
                0x00000000200012f9                starightBoostCntl
 .bss.curveInlineCntl
                0x00000000200012fa        0x1 ./Main/Src/drive_def_var.o
                0x00000000200012fa                curveInlineCntl
 *fill*         0x00000000200012fb        0x1 
 .bss.driveData
                0x00000000200012fc     0x1800 ./Main/Src/drive_def_var.o
                0x00000000200012fc                driveData
 .bss.driveDataBuffer
                0x0000000020002afc     0x1800 ./Main/Src/drive_def_var.o
                0x0000000020002afc                driveDataBuffer
 .bss.driveDataIdx
                0x00000000200042fc        0x2 ./Main/Src/drive_def_var.o
                0x00000000200042fc                driveDataIdx
 *fill*         0x00000000200042fe        0x2 
 .bss.crossCntTable
                0x0000000020004300      0x100 ./Main/Src/drive_def_var.o
                0x0000000020004300                crossCntTable
 .bss.crossCntTableBuffer
                0x0000000020004400      0x100 ./Main/Src/drive_def_var.o
                0x0000000020004400                crossCntTableBuffer
 .bss.crossCnt  0x0000000020004500        0x2 ./Main/Src/drive_def_var.o
                0x0000000020004500                crossCnt
 .bss.optimizeLevel
                0x0000000020004502        0x1 ./Main/Src/drive_def_var.o
                0x0000000020004502                optimizeLevel
 .bss.endMarkCnt
                0x0000000020004503        0x1 ./Main/Src/drive_def_var.o
                0x0000000020004503                endMarkCnt
 .bss.irSensorStateSum
                0x0000000020004504        0x1 ./Main/Src/drive_def_var.o
                0x0000000020004504                irSensorStateSum
 *fill*         0x0000000020004505        0x3 
 .bss.lineOutStartTime.0
                0x0000000020004508        0x4 ./Main/Src/first_drive.o
 .bss.lineOutStartTime.0
                0x000000002000450c        0x4 ./Main/Src/linetracer_test.o
 .bss.lineOutStartTime.9
                0x0000000020004510        0x4 ./Main/Src/second_drive.o
 .bss.finalDeceleEndTick_L.8
                0x0000000020004514        0x4 ./Main/Src/second_drive.o
 .bss.finalDeceleEndTick_R.7
                0x0000000020004518        0x4 ./Main/Src/second_drive.o
 .bss.deceleEndTickCoef.6
                0x000000002000451c        0x4 ./Main/Src/second_drive.o
 .bss.deceleEndTickCoef_L.5
                0x0000000020004520        0x4 ./Main/Src/second_drive.o
 .bss.deceleEndTickCoef_R.4
                0x0000000020004524        0x4 ./Main/Src/second_drive.o
 .bss.inlineEndTick_L.3
                0x0000000020004528        0x4 ./Main/Src/second_drive.o
 .bss.inlineEndTick_R.2
                0x000000002000452c        0x4 ./Main/Src/second_drive.o
 .bss.inlinePositioningTick_L.1
                0x0000000020004530        0x4 ./Main/Src/second_drive.o
 .bss.inlinePositioningTick_R.0
                0x0000000020004534        0x4 ./Main/Src/second_drive.o
 .bss.sensorRawVals
                0x0000000020004538       0x10 ./Main/Src/sensor.o
                0x0000000020004538                sensorRawVals
 .bss.sensorNormVals
                0x0000000020004548       0x10 ./Main/Src/sensor.o
                0x0000000020004548                sensorNormVals
 .bss.normalizeCoef
                0x0000000020004558       0x10 ./Main/Src/sensor.o
                0x0000000020004558                normalizeCoef
 .bss.blackMaxs
                0x0000000020004568       0x10 ./Main/Src/sensor.o
                0x0000000020004568                blackMaxs
 .bss.irSensorState
                0x0000000020004578        0x2 ./Main/Src/sensor.o
                0x0000000020004578                irSensorState
 *fill*         0x000000002000457a        0x2 
 .bss.sensingVoltage
                0x000000002000457c        0x4 ./Main/Src/sensor.o
                0x000000002000457c                sensingVoltage
 .bss.__sf      0x0000000020004580      0x138 /Applications/STM32CubeIDE.app/Contents/Eclipse/plugins/com.st.stm32cube.ide.mcu.externaltools.gnu-tools-for-stm32.11.3.rel1.macos64_1.1.100.202310310803/tools/bin/../lib/gcc/arm-none-eabi/11.3.1/../../../../arm-none-eabi/lib/thumb/v7e-m+fp/hard/libc_nano.a(libc_a-findfp.o)
                0x0000000020004580                __sf
 .bss.__lock___malloc_recursive_mutex
                0x00000000200046b8        0x1 /Applications/STM32CubeIDE.app/Contents/Eclipse/plugins/com.st.stm32cube.ide.mcu.externaltools.gnu-tools-for-stm32.11.3.rel1.macos64_1.1.100.202310310803/tools/bin/../lib/gcc/arm-none-eabi/11.3.1/../../../../arm-none-eabi/lib/thumb/v7e-m+fp/hard/libc_nano.a(libc_a-lock.o)
                0x00000000200046b8                __lock___malloc_recursive_mutex
 *fill*         0x00000000200046b9        0x3 
 .bss.__malloc_free_list
                0x00000000200046bc        0x4 /Applications/STM32CubeIDE.app/Contents/Eclipse/plugins/com.st.stm32cube.ide.mcu.externaltools.gnu-tools-for-stm32.11.3.rel1.macos64_1.1.100.202310310803/tools/bin/../lib/gcc/arm-none-eabi/11.3.1/../../../../arm-none-eabi/lib/thumb/v7e-m+fp/hard/libc_nano.a(libc_a-mallocr.o)
                0x00000000200046bc                __malloc_free_list
 .bss.__malloc_sbrk_start
                0x00000000200046c0        0x4 /Applications/STM32CubeIDE.app/Contents/Eclipse/plugins/com.st.stm32cube.ide.mcu.externaltools.gnu-tools-for-stm32.11.3.rel1.macos64_1.1.100.202310310803/tools/bin/../lib/gcc/arm-none-eabi/11.3.1/../../../../arm-none-eabi/lib/thumb/v7e-m+fp/hard/libc_nano.a(libc_a-mallocr.o)
                0x00000000200046c0                __malloc_sbrk_start
 .bss.errno     0x00000000200046c4        0x4 /Applications/STM32CubeIDE.app/Contents/Eclipse/plugins/com.st.stm32cube.ide.mcu.externaltools.gnu-tools-for-stm32.11.3.rel1.macos64_1.1.100.202310310803/tools/bin/../lib/gcc/arm-none-eabi/11.3.1/../../../../arm-none-eabi/lib/thumb/v7e-m+fp/hard/libc_nano.a(libc_a-reent.o)
                0x00000000200046c4                errno
 *(COMMON)
                0x00000000200046c8                . = ALIGN (0x4)
                0x00000000200046c8                _ebss = .
                0x00000000200046c8                __bss_end__ = _ebss

._user_heap_stack
                0x00000000200046c8      0x600 load address 0x000000000800aa68
                0x00000000200046c8                . = ALIGN (0x8)
                [!provide]                        PROVIDE (end = .)
                0x00000000200046c8                PROVIDE (_end = .)
                0x00000000200048c8                . = (. + _Min_Heap_Size)
 *fill*         0x00000000200046c8      0x200 
                0x0000000020004cc8                . = (. + _Min_Stack_Size)
 *fill*         0x00000000200048c8      0x400 
                0x0000000020004cc8                . = ALIGN (0x8)

/DISCARD/
 libc.a(*)
 libm.a(*)
 libgcc.a(*)

.ARM.attributes
                0x0000000000000000       0x30
 *(.ARM.attributes)
 .ARM.attributes
                0x0000000000000000       0x1e /Applications/STM32CubeIDE.app/Contents/Eclipse/plugins/com.st.stm32cube.ide.mcu.externaltools.gnu-tools-for-stm32.11.3.rel1.macos64_1.1.100.202310310803/tools/bin/../lib/gcc/arm-none-eabi/11.3.1/thumb/v7e-m+fp/hard/crti.o
 .ARM.attributes
                0x000000000000001e       0x34 /Applications/STM32CubeIDE.app/Contents/Eclipse/plugins/com.st.stm32cube.ide.mcu.externaltools.gnu-tools-for-stm32.11.3.rel1.macos64_1.1.100.202310310803/tools/bin/../lib/gcc/arm-none-eabi/11.3.1/thumb/v7e-m+fp/hard/crtbegin.o
 .ARM.attributes
                0x0000000000000052       0x34 ./Core/Src/main.o
 .ARM.attributes
                0x0000000000000086       0x34 ./Core/Src/stm32f4xx_it.o
 .ARM.attributes
                0x00000000000000ba       0x34 ./Core/Src/sysmem.o
 .ARM.attributes
                0x00000000000000ee       0x34 ./Core/Src/system_stm32f4xx.o
 .ARM.attributes
                0x0000000000000122       0x21 ./Core/Startup/startup_stm32f411retx.o
 .ARM.attributes
                0x0000000000000143       0x34 ./Drivers/STM32F4xx_HAL_Driver/Src/stm32f4xx_ll_adc.o
 .ARM.attributes
                0x0000000000000177       0x34 ./Drivers/STM32F4xx_HAL_Driver/Src/stm32f4xx_ll_exti.o
 .ARM.attributes
                0x00000000000001ab       0x34 ./Drivers/STM32F4xx_HAL_Driver/Src/stm32f4xx_ll_gpio.o
 .ARM.attributes
                0x00000000000001df       0x34 ./Drivers/STM32F4xx_HAL_Driver/Src/stm32f4xx_ll_i2c.o
 .ARM.attributes
                0x0000000000000213       0x34 ./Drivers/STM32F4xx_HAL_Driver/Src/stm32f4xx_ll_rcc.o
 .ARM.attributes
                0x0000000000000247       0x34 ./Drivers/STM32F4xx_HAL_Driver/Src/stm32f4xx_ll_spi.o
 .ARM.attributes
                0x000000000000027b       0x34 ./Drivers/STM32F4xx_HAL_Driver/Src/stm32f4xx_ll_tim.o
 .ARM.attributes
                0x00000000000002af       0x34 ./Drivers/STM32F4xx_HAL_Driver/Src/stm32f4xx_ll_usart.o
 .ARM.attributes
                0x00000000000002e3       0x34 ./Drivers/STM32F4xx_HAL_Driver/Src/stm32f4xx_ll_utils.o
 .ARM.attributes
                0x0000000000000317       0x34 ./External Library/Src/custom_exception.o
 .ARM.attributes
                0x000000000000034b       0x34 ./External Library/Src/custom_filesystem.o
 .ARM.attributes
                0x000000000000037f       0x34 ./External Library/Src/custom_flash.o
 .ARM.attributes
                0x00000000000003b3       0x34 ./External Library/Src/custom_oled.o
 .ARM.attributes
                0x00000000000003e7       0x34 ./External Library/Src/custom_switch.o
 .ARM.attributes
                0x000000000000041b       0x34 ./Main/Src/drive_data_tools.o
 .ARM.attributes
                0x000000000000044f       0x34 ./Main/Src/drive_def_var.o
 .ARM.attributes
                0x0000000000000483       0x34 ./Main/Src/drive_preset.o
 .ARM.attributes
                0x00000000000004b7       0x34 ./Main/Src/first_drive.o
 .ARM.attributes
                0x00000000000004eb       0x34 ./Main/Src/init.o
 .ARM.attributes
                0x000000000000051f       0x34 ./Main/Src/linetracer_test.o
 .ARM.attributes
                0x0000000000000553       0x34 ./Main/Src/motor.o
 .ARM.attributes
                0x0000000000000587       0x34 ./Main/Src/second_drive.o
 .ARM.attributes
                0x00000000000005bb       0x34 ./Main/Src/sensor.o
 .ARM.attributes
                0x00000000000005ef       0x34 /Applications/STM32CubeIDE.app/Contents/Eclipse/plugins/com.st.stm32cube.ide.mcu.externaltools.gnu-tools-for-stm32.11.3.rel1.macos64_1.1.100.202310310803/tools/bin/../lib/gcc/arm-none-eabi/11.3.1/../../../../arm-none-eabi/lib/thumb/v7e-m+fp/hard/libc_nano.a(libc_a-findfp.o)
 .ARM.attributes
                0x0000000000000623       0x34 /Applications/STM32CubeIDE.app/Contents/Eclipse/plugins/com.st.stm32cube.ide.mcu.externaltools.gnu-tools-for-stm32.11.3.rel1.macos64_1.1.100.202310310803/tools/bin/../lib/gcc/arm-none-eabi/11.3.1/../../../../arm-none-eabi/lib/thumb/v7e-m+fp/hard/libc_nano.a(libc_a-vsprintf.o)
 .ARM.attributes
                0x0000000000000657       0x34 /Applications/STM32CubeIDE.app/Contents/Eclipse/plugins/com.st.stm32cube.ide.mcu.externaltools.gnu-tools-for-stm32.11.3.rel1.macos64_1.1.100.202310310803/tools/bin/../lib/gcc/arm-none-eabi/11.3.1/../../../../arm-none-eabi/lib/thumb/v7e-m+fp/hard/libc_nano.a(libc_a-memset.o)
 .ARM.attributes
                0x000000000000068b       0x34 /Applications/STM32CubeIDE.app/Contents/Eclipse/plugins/com.st.stm32cube.ide.mcu.externaltools.gnu-tools-for-stm32.11.3.rel1.macos64_1.1.100.202310310803/tools/bin/../lib/gcc/arm-none-eabi/11.3.1/../../../../arm-none-eabi/lib/thumb/v7e-m+fp/hard/libc_nano.a(libc_a-impure.o)
 .ARM.attributes
                0x00000000000006bf       0x34 /Applications/STM32CubeIDE.app/Contents/Eclipse/plugins/com.st.stm32cube.ide.mcu.externaltools.gnu-tools-for-stm32.11.3.rel1.macos64_1.1.100.202310310803/tools/bin/../lib/gcc/arm-none-eabi/11.3.1/../../../../arm-none-eabi/lib/thumb/v7e-m+fp/hard/libc_nano.a(libc_a-errno.o)
 .ARM.attributes
                0x00000000000006f3       0x34 /Applications/STM32CubeIDE.app/Contents/Eclipse/plugins/com.st.stm32cube.ide.mcu.externaltools.gnu-tools-for-stm32.11.3.rel1.macos64_1.1.100.202310310803/tools/bin/../lib/gcc/arm-none-eabi/11.3.1/../../../../arm-none-eabi/lib/thumb/v7e-m+fp/hard/libc_nano.a(libc_a-init.o)
 .ARM.attributes
                0x0000000000000727       0x34 /Applications/STM32CubeIDE.app/Contents/Eclipse/plugins/com.st.stm32cube.ide.mcu.externaltools.gnu-tools-for-stm32.11.3.rel1.macos64_1.1.100.202310310803/tools/bin/../lib/gcc/arm-none-eabi/11.3.1/../../../../arm-none-eabi/lib/thumb/v7e-m+fp/hard/libc_nano.a(libc_a-lock.o)
 .ARM.attributes
                0x000000000000075b       0x34 /Applications/STM32CubeIDE.app/Contents/Eclipse/plugins/com.st.stm32cube.ide.mcu.externaltools.gnu-tools-for-stm32.11.3.rel1.macos64_1.1.100.202310310803/tools/bin/../lib/gcc/arm-none-eabi/11.3.1/../../../../arm-none-eabi/lib/thumb/v7e-m+fp/hard/libc_nano.a(libc_a-memcpy-stub.o)
 .ARM.attributes
                0x000000000000078f       0x34 /Applications/STM32CubeIDE.app/Contents/Eclipse/plugins/com.st.stm32cube.ide.mcu.externaltools.gnu-tools-for-stm32.11.3.rel1.macos64_1.1.100.202310310803/tools/bin/../lib/gcc/arm-none-eabi/11.3.1/../../../../arm-none-eabi/lib/thumb/v7e-m+fp/hard/libc_nano.a(libc_a-nano-svfprintf.o)
 .ARM.attributes
                0x00000000000007c3       0x34 /Applications/STM32CubeIDE.app/Contents/Eclipse/plugins/com.st.stm32cube.ide.mcu.externaltools.gnu-tools-for-stm32.11.3.rel1.macos64_1.1.100.202310310803/tools/bin/../lib/gcc/arm-none-eabi/11.3.1/../../../../arm-none-eabi/lib/thumb/v7e-m+fp/hard/libc_nano.a(libc_a-mallocr.o)
 .ARM.attributes
                0x00000000000007f7       0x34 /Applications/STM32CubeIDE.app/Contents/Eclipse/plugins/com.st.stm32cube.ide.mcu.externaltools.gnu-tools-for-stm32.11.3.rel1.macos64_1.1.100.202310310803/tools/bin/../lib/gcc/arm-none-eabi/11.3.1/../../../../arm-none-eabi/lib/thumb/v7e-m+fp/hard/libc_nano.a(libc_a-nano-vfprintf_i.o)
 .ARM.attributes
                0x000000000000082b       0x34 /Applications/STM32CubeIDE.app/Contents/Eclipse/plugins/com.st.stm32cube.ide.mcu.externaltools.gnu-tools-for-stm32.11.3.rel1.macos64_1.1.100.202310310803/tools/bin/../lib/gcc/arm-none-eabi/11.3.1/../../../../arm-none-eabi/lib/thumb/v7e-m+fp/hard/libc_nano.a(libc_a-mlock.o)
 .ARM.attributes
                0x000000000000085f       0x34 /Applications/STM32CubeIDE.app/Contents/Eclipse/plugins/com.st.stm32cube.ide.mcu.externaltools.gnu-tools-for-stm32.11.3.rel1.macos64_1.1.100.202310310803/tools/bin/../lib/gcc/arm-none-eabi/11.3.1/../../../../arm-none-eabi/lib/thumb/v7e-m+fp/hard/libc_nano.a(libc_a-reallocr.o)
 .ARM.attributes
                0x0000000000000893       0x34 /Applications/STM32CubeIDE.app/Contents/Eclipse/plugins/com.st.stm32cube.ide.mcu.externaltools.gnu-tools-for-stm32.11.3.rel1.macos64_1.1.100.202310310803/tools/bin/../lib/gcc/arm-none-eabi/11.3.1/../../../../arm-none-eabi/lib/thumb/v7e-m+fp/hard/libc_nano.a(libc_a-memmove.o)
 .ARM.attributes
                0x00000000000008c7       0x34 /Applications/STM32CubeIDE.app/Contents/Eclipse/plugins/com.st.stm32cube.ide.mcu.externaltools.gnu-tools-for-stm32.11.3.rel1.macos64_1.1.100.202310310803/tools/bin/../lib/gcc/arm-none-eabi/11.3.1/../../../../arm-none-eabi/lib/thumb/v7e-m+fp/hard/libc_nano.a(libc_a-reent.o)
 .ARM.attributes