Archive member included to satisfy reference by file (symbol)

/Applications/STM32CubeIDE.app/Contents/Eclipse/plugins/com.st.stm32cube.ide.mcu.externaltools.gnu-tools-for-stm32.11.3.rel1.macos64_1.1.100.202310310803/tools/bin/../lib/gcc/arm-none-eabi/11.3.1/../../../../arm-none-eabi/lib/thumb/v7e-m+fp/hard/libc_nano.a(libc_a-exit.o)
                              /Applications/STM32CubeIDE.app/Contents/Eclipse/plugins/com.st.stm32cube.ide.mcu.externaltools.gnu-tools-for-stm32.11.3.rel1.macos64_1.1.100.202310310803/tools/bin/../lib/gcc/arm-none-eabi/11.3.1/../../../../arm-none-eabi/lib/thumb/v7e-m+fp/hard/crt0.o (exit)
/Applications/STM32CubeIDE.app/Contents/Eclipse/plugins/com.st.stm32cube.ide.mcu.externaltools.gnu-tools-for-stm32.11.3.rel1.macos64_1.1.100.202310310803/tools/bin/../lib/gcc/arm-none-eabi/11.3.1/../../../../arm-none-eabi/lib/thumb/v7e-m+fp/hard/libc_nano.a(libc_a-nano-vfprintf_float.o)
                              (_printf_float)
/Applications/STM32CubeIDE.app/Contents/Eclipse/plugins/com.st.stm32cube.ide.mcu.externaltools.gnu-tools-for-stm32.11.3.rel1.macos64_1.1.100.202310310803/tools/bin/../lib/gcc/arm-none-eabi/11.3.1/../../../../arm-none-eabi/lib/thumb/v7e-m+fp/hard/libc_nano.a(libc_a-nano-vfprintf_i.o)
                              /Applications/STM32CubeIDE.app/Contents/Eclipse/plugins/com.st.stm32cube.ide.mcu.externaltools.gnu-tools-for-stm32.11.3.rel1.macos64_1.1.100.202310310803/tools/bin/../lib/gcc/arm-none-eabi/11.3.1/../../../../arm-none-eabi/lib/thumb/v7e-m+fp/hard/libc_nano.a(libc_a-nano-vfprintf_float.o) (_printf_common)
/Applications/STM32CubeIDE.app/Contents/Eclipse/plugins/com.st.stm32cube.ide.mcu.externaltools.gnu-tools-for-stm32.11.3.rel1.macos64_1.1.100.202310310803/tools/bin/../lib/gcc/arm-none-eabi/11.3.1/../../../../arm-none-eabi/lib/thumb/v7e-m+fp/hard/libc_nano.a(libc_a-sprintf.o)
                              ./External Library/Src/custom_exception.o (sprintf)
/Applications/STM32CubeIDE.app/Contents/Eclipse/plugins/com.st.stm32cube.ide.mcu.externaltools.gnu-tools-for-stm32.11.3.rel1.macos64_1.1.100.202310310803/tools/bin/../lib/gcc/arm-none-eabi/11.3.1/../../../../arm-none-eabi/lib/thumb/v7e-m+fp/hard/libc_nano.a(libc_a-findfp.o)
                              /Applications/STM32CubeIDE.app/Contents/Eclipse/plugins/com.st.stm32cube.ide.mcu.externaltools.gnu-tools-for-stm32.11.3.rel1.macos64_1.1.100.202310310803/tools/bin/../lib/gcc/arm-none-eabi/11.3.1/../../../../arm-none-eabi/lib/thumb/v7e-m+fp/hard/libc_nano.a(libc_a-exit.o) (__stdio_exit_handler)
/Applications/STM32CubeIDE.app/Contents/Eclipse/plugins/com.st.stm32cube.ide.mcu.externaltools.gnu-tools-for-stm32.11.3.rel1.macos64_1.1.100.202310310803/tools/bin/../lib/gcc/arm-none-eabi/11.3.1/../../../../arm-none-eabi/lib/thumb/v7e-m+fp/hard/libc_nano.a(libc_a-fwalk.o)
                              /Applications/STM32CubeIDE.app/Contents/Eclipse/plugins/com.st.stm32cube.ide.mcu.externaltools.gnu-tools-for-stm32.11.3.rel1.macos64_1.1.100.202310310803/tools/bin/../lib/gcc/arm-none-eabi/11.3.1/../../../../arm-none-eabi/lib/thumb/v7e-m+fp/hard/libc_nano.a(libc_a-findfp.o) (_fwalk_sglue)
/Applications/STM32CubeIDE.app/Contents/Eclipse/plugins/com.st.stm32cube.ide.mcu.externaltools.gnu-tools-for-stm32.11.3.rel1.macos64_1.1.100.202310310803/tools/bin/../lib/gcc/arm-none-eabi/11.3.1/../../../../arm-none-eabi/lib/thumb/v7e-m+fp/hard/libc_nano.a(libc_a-vsprintf.o)
                              ./External Library/Src/custom_oled.o (vsprintf)
/Applications/STM32CubeIDE.app/Contents/Eclipse/plugins/com.st.stm32cube.ide.mcu.externaltools.gnu-tools-for-stm32.11.3.rel1.macos64_1.1.100.202310310803/tools/bin/../lib/gcc/arm-none-eabi/11.3.1/../../../../arm-none-eabi/lib/thumb/v7e-m+fp/hard/libc_nano.a(libc_a-memset.o)
                              /Applications/STM32CubeIDE.app/Contents/Eclipse/plugins/com.st.stm32cube.ide.mcu.externaltools.gnu-tools-for-stm32.11.3.rel1.macos64_1.1.100.202310310803/tools/bin/../lib/gcc/arm-none-eabi/11.3.1/../../../../arm-none-eabi/lib/thumb/v7e-m+fp/hard/crt0.o (memset)
/Applications/STM32CubeIDE.app/Contents/Eclipse/plugins/com.st.stm32cube.ide.mcu.externaltools.gnu-tools-for-stm32.11.3.rel1.macos64_1.1.100.202310310803/tools/bin/../lib/gcc/arm-none-eabi/11.3.1/../../../../arm-none-eabi/lib/thumb/v7e-m+fp/hard/libc_nano.a(libc_a-localeconv.o)
                              /Applications/STM32CubeIDE.app/Contents/Eclipse/plugins/com.st.stm32cube.ide.mcu.externaltools.gnu-tools-for-stm32.11.3.rel1.macos64_1.1.100.202310310803/tools/bin/../lib/gcc/arm-none-eabi/11.3.1/../../../../arm-none-eabi/lib/thumb/v7e-m+fp/hard/libc_nano.a(libc_a-nano-vfprintf_float.o) (_localeconv_r)
/Applications/STM32CubeIDE.app/Contents/Eclipse/plugins/com.st.stm32cube.ide.mcu.externaltools.gnu-tools-for-stm32.11.3.rel1.macos64_1.1.100.202310310803/tools/bin/../lib/gcc/arm-none-eabi/11.3.1/../../../../arm-none-eabi/lib/thumb/v7e-m+fp/hard/libc_nano.a(libc_a-impure.o)
[...]
Memory Configuration

Name             Origin             Length             Attributes
RAM              0x0000000020000000 0x0000000000020000 xrw
FLASH            0x0000000008000000 0x0000000000080000 xr
*default*        0x0000000000000000 0xffffffffffffffff

Linker script and memory map

LOAD /Applications/STM32CubeIDE.app/Contents/Eclipse/plugins/com.st.stm32cube.ide.mcu.externaltools.gnu-tools-for-stm32.11.3.rel1.macos64_1.1.100.202310310803/tools/bin/../lib/gcc/arm-none-eabi/11.3.1/thumb/v7e-m+fp/hard/crti.o
LOAD /Applications/STM32CubeIDE.app/Contents/Eclipse/plugins/com.st.stm32cube.ide.mcu.externaltools.gnu-tools-for-stm32.11.3.rel1.macos64_1.1.100.202310310803/tools/bin/../lib/gcc/arm-none-eabi/11.3.1/thumb/v7e-m+fp/hard/crtbegin.o
LOAD /Applications/STM32CubeIDE.app/Contents/Eclipse/plugins/com.st.stm32cube.ide.mcu.externaltools.gnu-tools-for-stm32.11.3.rel1.macos64_1.1.100.202310310803/tools/bin/../lib/gcc/arm-none-eabi/11.3.1/../../../../arm-none-eabi/lib/thumb/v7e-m+fp/hard/crt0.o
LOAD ./Core/Src/main.o
LOAD ./Core/Src/stm32f4xx_it.o
LOAD ./Core/Src/syscalls.o
LOAD ./Core/Src/sysmem.o
LOAD ./Core/Src/system_stm32f4xx.o
LOAD ./Core/Startup/startup_stm32f411retx.o
LOAD ./Drivers/STM32F4xx_HAL_Driver/Src/stm32f4xx_ll_adc.o
LOAD ./Drivers/STM32F4xx_HAL_Driver/Src/stm32f4xx_ll_dma.o
LOAD ./Drivers/STM32F4xx_HAL_Driver/Src/stm32f4xx_ll_exti.o
LOAD ./Drivers/STM32F4xx_HAL_Driver/Src/stm32f4xx_ll_gpio.o
LOAD ./Drivers/STM32F4xx_HAL_Driver/Src/stm32f4xx_ll_i2c.o
LOAD ./Drivers/STM32F4xx_HAL_Driver/Src/stm32f4xx_ll_rcc.o
LOAD ./Drivers/STM32F4xx_HAL_Driver/Src/stm32f4xx_ll_spi.o
LOAD ./Drivers/STM32F4xx_HAL_Driver/Src/stm32f4xx_ll_tim.o
LOAD ./Drivers/STM32F4xx_HAL_Driver/Src/stm32f4xx_ll_usart.o
LOAD ./Drivers/STM32F4xx_HAL_Driver/Src/stm32f4xx_ll_utils.o
LOAD ./External Library/Src/custom_exception.o
LOAD ./External Library/Src/custom_filesystem.o
LOAD ./External Library/Src/custom_flash.o
LOAD ./External Library/Src/custom_oled.o
LOAD ./External Library/Src/custom_switch.o
LOAD ./Main/Src/config.o
LOAD ./Main/Src/drive_data_tools.o
LOAD ./Main/Src/drive_preset.o
LOAD ./Main/Src/first_drive.o
LOAD ./Main/Src/init.o
LOAD ./Main/Src/linetracer_test.o
LOAD ./Main/Src/motor.o
LOAD ./Main/Src/second_drive.o
LOAD ./Main/Src/sensor.o
START GROUP
LOAD /Applications/STM32CubeIDE.app/Contents/Eclipse/plugins/com.st.stm32cube.ide.mcu.externaltools.gnu-tools-for-stm32.11.3.rel1.macos64_1.1.100.202310310803/tools/bin/../lib/gcc/arm-none-eabi/11.3.1/../../../../arm-none-eabi/lib/thumb/v7e-m+fp/hard/libc_nano.a
LOAD /Applications/STM32CubeIDE.app/Contents/Eclipse/plugins/com.st.stm32cube.ide.mcu.externaltools.gnu-tools-for-stm32.11.3.rel1.macos64_1.1.100.202310310803/tools/bin/../lib/gcc/arm-none-eabi/11.3.1/../../../../arm-none-eabi/lib/thumb/v7e-m+fp/hard/libm.a
END GROUP
START GROUP
LOAD /Applications/STM32CubeIDE.app/Contents/Eclipse/plugins/com.st.stm32cube.ide.mcu.externaltools.gnu-tools-for-stm32.11.3.rel1.macos64_1.1.100.202310310803/tools/bin/../lib/gcc/arm-none-eabi/11.3.1/thumb/v7e-m+fp/hard/libgcc.a
LOAD /Applications/STM32CubeIDE.app/Contents/Eclipse/plugins/com.st.stm32cube.ide.mcu.externaltools.gnu-tools-for-stm32.11.3.rel1.macos64_1.1.100.202310310803/tools/bin/../lib/gcc/arm-none-eabi/11.3.1/../../../../arm-none-eabi/lib/thumb/v7e-m+fp/hard/libc_nano.a
END GROUP
START GROUP
LOAD /Applications/STM32CubeIDE.app/Contents/Eclipse/plugins/com.st.stm32cube.ide.mcu.externaltools.gnu-tools-for-stm32.11.3.rel1.macos64_1.1.100.202310310803/tools/bin/../lib/gcc/arm-none-eabi/11.3.1/thumb/v7e-m+fp/hard/libgcc.a
LOAD /Applications/STM32CubeIDE.app/Contents/Eclipse/plugins/com.st.stm32cube.ide.mcu.externaltools.gnu-tools-for-stm32.11.3.rel1.macos64_1.1.100.202310310803/tools/bin/../lib/gcc/arm-none-eabi/11.3.1/../../../../arm-none-eabi/lib/thumb/v7e-m+fp/hard/libc_nano.a
LOAD /Applications/STM32CubeIDE.app/Contents/Eclipse/plugins/com.st.stm32cube.ide.mcu.externaltools.gnu-tools-for-stm32.11.3.rel1.macos64_1.1.100.202310310803/tools/bin/../lib/gcc/arm-none-eabi/11.3.1/../../../../arm-none-eabi/lib/thumb/v7e-m+fp/hard/libnosys.a
END GROUP
START GROUP
LOAD /Applications/STM32CubeIDE.app/Contents/Eclipse/plugins/com.st.stm32cube.ide.mcu.externaltools.gnu-tools-for-stm32.11.3.rel1.macos64_1.1.100.202310310803/tools/bin/../lib/gcc/arm-none-eabi/11.3.1/thumb/v7e-m+fp/hard/libgcc.a
LOAD /Applications/STM32CubeIDE.app/Contents/Eclipse/plugins/com.st.stm32cube.ide.mcu.externaltools.gnu-tools-for-stm32.11.3.rel1.macos64_1.1.100.202310310803/tools/bin/../lib/gcc/arm-none-eabi/11.3.1/../../../../arm-none-eabi/lib/thumb/v7e-m+fp/hard/libc_nano.a
LOAD /Applications/STM32CubeIDE.app/Contents/Eclipse/plugins/com.st.stm32cube.ide.mcu.externaltools.gnu-tools-for-stm32.11.3.rel1.macos64_1.1.100.202310310803/tools/bin/../lib/gcc/arm-none-eabi/11.3.1/../../../../arm-none-eabi/lib/thumb/v7e-m+fp/hard/libnosys.a
END GROUP
LOAD /Applications/STM32CubeIDE.app/Contents/Eclipse/plugins/com.st.stm32cube.ide.mcu.externaltools.gnu-tools-for-stm32.11.3.rel1.macos64_1.1.100.202310310803/tools/bin/../lib/gcc/arm-none-eabi/11.3.1/thumb/v7e-m+fp/hard/crtend.o
LOAD /Applications/STM32CubeIDE.app/Contents/Eclipse/plugins/com.st.stm32cube.ide.mcu.externaltools.gnu-tools-for-stm32.11.3.rel1.macos64_1.1.100.202310310803/tools/bin/../lib/gcc/arm-none-eabi/11.3.1/thumb/v7e-m+fp/hard/crtn.o
                0x0000000020020000                _estack = (ORIGIN (RAM) + LENGTH (RAM))
                0x0000000000000200                _Min_Heap_Size = 0x200
                0x0000000000000400                _Min_Stack_Size = 0x400

.isr_vector     0x0000000008000000      0x198
                0x0000000008000000                . = ALIGN (0x4)
 *(.isr_vector)
 .isr_vector    0x0000000008000000      0x198 ./Core/Startup/startup_stm32f411retx.o
                0x0000000008000000                g_pfnVectors
                0x0000000008000198                . = ALIGN (0x4)

.text           0x00000000080001a0     0xd748
                0x00000000080001a0                . = ALIGN (0x4)
 *(.text)
 .text          0x00000000080001a0       0x40 /Applications/STM32CubeIDE.app/Contents/Eclipse/plugins/com.st.stm32cube.ide.mcu.externaltools.gnu-tools-for-stm32.11.3.rel1.macos64_1.1.100.202310310803/tools/bin/../lib/gcc/arm-none-eabi/11.3.1/thumb/v7e-m+fp/hard/crtbegin.o
 .text          0x00000000080001e0       0xa0 /Applications/STM32CubeIDE.app/Contents/Eclipse/plugins/com.st.stm32cube.ide.mcu.externaltools.gnu-tools-for-stm32.11.3.rel1.macos64_1.1.100.202310310803/tools/bin/../lib/gcc/arm-none-eabi/11.3.1/../../../../arm-none-eabi/lib/thumb/v7e-m+fp/hard/libc_nano.a(libc_a-memchr.o)
                0x00000000080001e0                memchr
 .text          0x0000000008000280       0x10 /Applications/STM32CubeIDE.app/Contents/Eclipse/plugins/com.st.stm32cube.ide.mcu.externaltools.gnu-tools-for-stm32.11.3.rel1.macos64_1.1.100.202310310803/tools/bin/../lib/gcc/arm-none-eabi/11.3.1/../../../../arm-none-eabi/lib/thumb/v7e-m+fp/hard/libc_nano.a(libc_a-strlen.o)
                0x0000000008000280                strlen
 .text          0x0000000008000290      0x378 /Applications/STM32CubeIDE.app/Contents/Eclipse/plugins/com.st.stm32cube.ide.mcu.externaltools.gnu-tools-for-stm32.11.3.rel1.macos64_1.1.100.202310310803/tools/bin/../lib/gcc/arm-none-eabi/11.3.1/thumb/v7e-m+fp/hard/libgcc.a(_arm_addsubdf3.o)
                0x0000000008000290                __aeabi_drsub
                0x0000000008000298                __subdf3
                0x0000000008000298                __aeabi_dsub
                0x000000000800029c                __aeabi_dadd
                0x000000000800029c                __adddf3
                0x0000000008000514                __aeabi_ui2d
                0x0000000008000514                __floatunsidf
                0x0000000008000534                __floatsidf
                0x0000000008000534                __aeabi_i2d
                0x0000000008000558                __extendsfdf2
                0x0000000008000558                __aeabi_f2d
                0x000000000800059c                __aeabi_ul2d
                0x000000000800059c                __floatundidf
                0x00000000080005ac                __aeabi_l2d
                0x00000000080005ac                __floatdidf
 .text          0x0000000008000608      0x424 /Applications/STM32CubeIDE.app/Contents/Eclipse/plugins/com.st.stm32cube.ide.mcu.externaltools.gnu-tools-for-stm32.11.3.rel1.macos64_1.1.100.202310310803/tools/bin/../lib/gcc/arm-none-eabi/11.3.1/thumb/v7e-m+fp/hard/libgcc.a(_arm_muldivdf3.o)
                0x0000000008000608                __aeabi_dmul
                0x0000000008000608                __muldf3
                0x000000000800085c                __aeabi_ddiv
                0x000000000800085c                __divdf3
 .text          0x0000000008000a2c      0x110 /Applications/STM32CubeIDE.app/Contents/Eclipse/plugins/com.st.stm32cube.ide.mcu.externaltools.gnu-tools-for-stm32.11.3.rel1.macos64_1.1.100.202310310803/tools/bin/../lib/gcc/arm-none-eabi/11.3.1/thumb/v7e-m+fp/hard/libgcc.a(_arm_cmpdf2.o)
                0x0000000008000a2c                __gedf2
                0x0000000008000a2c                __gtdf2
                0x0000000008000a34                __ledf2
                0x0000000008000a34                __ltdf2
                0x0000000008000a3c                __cmpdf2
                0x0000000008000a3c                __eqdf2
                0x0000000008000a3c                __nedf2
                0x0000000008000ab8                __aeabi_cdrcmple
                0x0000000008000ac8                __aeabi_cdcmple
                0x0000000008000ac8                __aeabi_cdcmpeq
                0x0000000008000ad8                __aeabi_dcmpeq
                0x0000000008000aec                __aeabi_dcmplt
                0x0000000008000b00                __aeabi_dcmple
                0x0000000008000b14                __aeabi_dcmpge
                0x0000000008000b28                __aeabi_dcmpgt
 .text          0x0000000008000b3c       0x2c /Applications/STM32CubeIDE.app/Contents/Eclipse/plugins/com.st.stm32cube.ide.mcu.externaltools.gnu-tools-for-stm32.11.3.rel1.macos64_1.1.100.202310310803/tools/bin/../lib/gcc/arm-none-eabi/11.3.1/thumb/v7e-m+fp/hard/libgcc.a(_arm_unorddf2.o)
                0x0000000008000b3c                __aeabi_dcmpun
                0x0000000008000b3c                __unorddf2
 .text          0x0000000008000b68       0x50 /Applications/STM32CubeIDE.app/Contents/Eclipse/plugins/com.st.stm32cube.ide.mcu.externaltools.gnu-tools-for-stm32.11.3.rel1.macos64_1.1.100.202310310803/tools/bin/../lib/gcc/arm-none-eabi/11.3.1/thumb/v7e-m+fp/hard/libgcc.a(_arm_fixdfsi.o)
                0x0000000008000b68                __fixdfsi
                0x0000000008000b68                __aeabi_d2iz
 .text          0x0000000008000bb8       0xa0 /Applications/STM32CubeIDE.app/Contents/Eclipse/plugins/com.st.stm32cube.ide.mcu.externaltools.gnu-tools-for-stm32.11.3.rel1.macos64_1.1.100.202310310803/tools/bin/../lib/gcc/arm-none-eabi/11.3.1/thumb/v7e-m+fp/hard/libgcc.a(_arm_truncdfsf2.o)
                0x0000000008000bb8                __aeabi_d2f
                0x0000000008000bb8                __truncdfsf2
 .text          0x0000000008000c58       0x30 /Applications/STM32CubeIDE.app/Contents/Eclipse/plugins/com.st.stm32cube.ide.mcu.externaltools.gnu-tools-for-stm32.11.3.rel1.macos64_1.1.100.202310310803/tools/bin/../lib/gcc/arm-none-eabi/11.3.1/thumb/v7e-m+fp/hard/libgcc.a(_aeabi_uldivmod.o)
                0x0000000008000c58                __aeabi_uldivmod
 .text          0x0000000008000c88       0x28 /Applications/STM32CubeIDE.app/Contents/Eclipse/plugins/com.st.stm32cube.ide.mcu.externaltools.gnu-tools-for-stm32.11.3.rel1.macos64_1.1.100.202310310803/tools/bin/../lib/gcc/arm-none-eabi/11.3.1/thumb/v7e-m+fp/hard/libgcc.a(_popcountsi2.o)
                0x0000000008000c88                __popcountsi2
 .text          0x0000000008000cb0      0x2c8 /Applications/STM32CubeIDE.app/Contents/Eclipse/plugins/com.st.stm32cube.ide.mcu.externaltools.gnu-tools-for-stm32.11.3.rel1.macos64_1.1.100.202310310803/tools/bin/../lib/gcc/arm-none-eabi/11.3.1/thumb/v7e-m+fp/hard/libgcc.a(_udivmoddi4.o)
                0x0000000008000cb0                __udivmoddi4
 .text          0x0000000008000f78        0x4 /Applications/STM32CubeIDE.app/Contents/Eclipse/plugins/com.st.stm32cube.ide.mcu.externaltools.gnu-tools-for-stm32.11.3.rel1.macos64_1.1.100.202310310803/tools/bin/../lib/gcc/arm-none-eabi/11.3.1/thumb/v7e-m+fp/hard/libgcc.a(_dvmd_tls.o)
                0x0000000008000f78                __aeabi_ldiv0
                0x0000000008000f78                __aeabi_idiv0
 *(.text*)
 .text.__NVIC_SetPriorityGrouping
                0x0000000008000f7c       0x48 ./Core/Src/main.o
 .text.__NVIC_GetPriorityGrouping
                0x0000000008000fc4       0x1c ./Core/Src/main.o
 .text.__NVIC_EnableIRQ
                0x0000000008000fe0       0x3c ./Core/Src/main.o
 .text.__NVIC_SetPriority
                0x000000000800101c       0x54 ./Core/Src/main.o
 .text.NVIC_EncodePriority
                0x0000000008001070       0x66 ./Core/Src/main.o
 .text.LL_ADC_REG_SetSequencerRanks
                0x00000000080010d6       0x6c ./Core/Src/main.o
 .text.LL_ADC_REG_SetFlagEndOfConversion
                0x0000000008001142       0x26 ./Core/Src/main.o
 .text.LL_ADC_SetChannelSamplingTime
                0x0000000008001168       0x98 ./Core/Src/main.o
 .text.LL_I2C_EnableClockStretching
                0x0000000008001200       0x20 ./Core/Src/main.o
 .text.LL_I2C_DisableGeneralCall
                0x0000000008001220       0x20 ./Core/Src/main.o
 .text.LL_I2C_SetOwnAddress2
                0x0000000008001240       0x26 ./Core/Src/main.o
 .text.LL_I2C_DisableOwnAddress2
                0x0000000008001266       0x20 ./Core/Src/main.o
 *fill*         0x0000000008001286        0x2 
 .text.LL_RCC_HSI_Enable
                0x0000000008001288       0x20 ./Core/Src/main.o
 .text.LL_RCC_HSI_IsReady
                0x00000000080012a8       0x24 ./Core/Src/main.o
 .text.LL_RCC_HSI_SetCalibTrimming
                0x00000000080012cc       0x2c ./Core/Src/main.o
 .text.LL_RCC_SetSysClkSource
                0x00000000080012f8       0x28 ./Core/Src/main.o
 .text.LL_RCC_GetSysClkSource
                0x0000000008001320       0x1c ./Core/Src/main.o
 .text.LL_RCC_SetAHBPrescaler
                0x000000000800133c       0x28 ./Core/Src/main.o
 .text.LL_RCC_SetAPB1Prescaler
                0x0000000008001364       0x28 ./Core/Src/main.o
 .text.LL_RCC_SetAPB2Prescaler
                0x000000000800138c       0x28 ./Core/Src/main.o
 .text.LL_RCC_SetTIMPrescaler
                0x00000000080013b4       0x2c ./Core/Src/main.o
 .text.LL_RCC_PLL_Enable
                0x00000000080013e0       0x20 ./Core/Src/main.o
 .text.LL_RCC_PLL_IsReady
                0x0000000008001400       0x28 ./Core/Src/main.o
 .text.LL_RCC_PLL_ConfigDomain_SYS
                0x0000000008001428       0x4c ./Core/Src/main.o
 .text.LL_AHB1_GRP1_EnableClock
                0x0000000008001474       0x30 ./Core/Src/main.o
 .text.LL_APB1_GRP1_EnableClock
                0x00000000080014a4       0x30 ./Core/Src/main.o
 .text.LL_APB2_GRP1_EnableClock
                0x00000000080014d4       0x30 ./Core/Src/main.o
 .text.LL_SYSCFG_SetEXTISource
                0x0000000008001504       0x5c ./Core/Src/main.o
 .text.LL_FLASH_SetLatency
                0x0000000008001560       0x28 ./Core/Src/main.o
 .text.LL_FLASH_GetLatency
                0x0000000008001588       0x1c ./Core/Src/main.o
 .text.LL_PWR_SetRegulVoltageScaling
                0x00000000080015a4       0x28 ./Core/Src/main.o
 .text.LL_PWR_IsActiveFlag_VOS
                0x00000000080015cc       0x28 ./Core/Src/main.o
 .text.LL_SPI_SetStandard
                0x00000000080015f4       0x26 ./Core/Src/main.o
 .text.LL_TIM_SetOnePulseMode
                0x000000000800161a       0x26 ./Core/Src/main.o
 .text.LL_TIM_DisableARRPreload
                0x0000000008001640       0x20 ./Core/Src/main.o
 .text.LL_TIM_OC_DisableFast
                0x0000000008001660       0x8c ./Core/Src/main.o
 .text.LL_TIM_OC_EnablePreload
                0x00000000080016ec       0x88 ./Core/Src/main.o
 .text.LL_TIM_IC_SetActiveInput
                0x0000000008001774       0x9c ./Core/Src/main.o
 .text.LL_TIM_IC_SetPrescaler
                0x0000000008001810       0x9c ./Core/Src/main.o
 .text.LL_TIM_IC_SetFilter
                0x00000000080018ac       0x9c ./Core/Src/main.o
 .text.LL_TIM_IC_SetPolarity
                0x0000000008001948       0x88 ./Core/Src/main.o
 .text.LL_TIM_SetClockSource
                0x00000000080019d0       0x2a ./Core/Src/main.o
 .text.LL_TIM_SetEncoderMode
                0x00000000080019fa       0x26 ./Core/Src/main.o
 .text.LL_TIM_SetTriggerOutput
                0x0000000008001a20       0x26 ./Core/Src/main.o
 .text.LL_TIM_DisableMasterSlaveMode
                0x0000000008001a46       0x20 ./Core/Src/main.o
 .text.LL_USART_Enable
                0x0000000008001a66       0x20 ./Core/Src/main.o
 .text.LL_USART_ConfigAsyncMode
                0x0000000008001a86       0x2c ./Core/Src/main.o
 .text.LL_GPIO_SetPinMode
                0x0000000008001ab2       0x5e ./Core/Src/main.o
 .text.LL_GPIO_SetPinPull
                0x0000000008001b10       0x5e ./Core/Src/main.o
 .text.LL_GPIO_ResetOutputPin
                0x0000000008001b6e       0x1e ./Core/Src/main.o
 .text.main     0x0000000008001b8c       0x54 ./Core/Src/main.o
                0x0000000008001b8c                main
 .text.SystemClock_Config
                0x0000000008001be0       0x9c ./Core/Src/main.o
                0x0000000008001be0                SystemClock_Config
 .text.MX_ADC1_Init
                0x0000000008001c7c       0xfc ./Core/Src/main.o
 .text.MX_I2C3_Init
                0x0000000008001d78       0xdc ./Core/Src/main.o
 .text.MX_SPI2_Init
                0x0000000008001e54       0xa8 ./Core/Src/main.o
 .text.MX_TIM2_Init
                0x0000000008001efc       0x6e ./Core/Src/main.o
 *fill*         0x0000000008001f6a        0x2 
 .text.MX_TIM3_Init
                0x0000000008001f6c       0xf4 ./Core/Src/main.o
 .text.MX_TIM4_Init
                0x0000000008002060       0xf4 ./Core/Src/main.o
 .text.MX_TIM5_Init
                0x0000000008002154       0x80 ./Core/Src/main.o
 .text.MX_TIM9_Init
                0x00000000080021d4       0x74 ./Core/Src/main.o
 .text.MX_TIM10_Init
                0x0000000008002248       0xcc ./Core/Src/main.o
 .text.MX_TIM11_Init
                0x0000000008002314       0xcc ./Core/Src/main.o
 .text.MX_USART2_UART_Init
                0x00000000080023e0       0xa0 ./Core/Src/main.o
 .text.MX_GPIO_Init
                0x0000000008002480      0x134 ./Core/Src/main.o
 .text.LL_ADC_REG_SetSequencerRanks
                0x00000000080025b4       0x6c ./Core/Src/stm32f4xx_it.o
 .text.LL_ADC_REG_StartConversionSWStart
                0x0000000008002620       0x20 ./Core/Src/stm32f4xx_it.o
 .text.LL_ADC_REG_ReadConversionData12
                0x0000000008002640       0x1a ./Core/Src/stm32f4xx_it.o
 .text.LL_ADC_IsActiveFlag_EOCS
                0x000000000800265a       0x26 ./Core/Src/stm32f4xx_it.o
 .text.LL_ADC_ClearFlag_EOCS
                0x0000000008002680       0x1c ./Core/Src/stm32f4xx_it.o
 .text.LL_TIM_ClearFlag_UPDATE
                0x000000000800269c       0x1c ./Core/Src/stm32f4xx_it.o
 .text.Custom_GPIO_Set
                0x00000000080026b8       0x3a ./Core/Src/stm32f4xx_it.o
 *fill*         0x00000000080026f2        0x2 
 .text.ADC_Read
                0x00000000080026f4       0x48 ./Core/Src/stm32f4xx_it.o
 .text.Make_Sensor_Raw_Vals
                0x000000000800273c      0x1c0 ./Core/Src/stm32f4xx_it.o
 .text.Make_Sensor_Norm_Vals
                0x00000000080028fc       0x9c ./Core/Src/stm32f4xx_it.o
 .text.Make_Sensor_State
                0x0000000008002998       0x70 ./Core/Src/stm32f4xx_it.o
 .text.Make_Voltage_Raw_Val
                0x0000000008002a08       0x48 ./Core/Src/stm32f4xx_it.o
 .text.Make_Battery_Voltage
                0x0000000008002a50       0xfc ./Core/Src/stm32f4xx_it.o
 .text.Sensor_TIM5_IRQ
                0x0000000008002b4c       0x84 ./Core/Src/stm32f4xx_it.o
 .text.Motor_Speed_Control
                0x0000000008002bd0      0x4d4 ./Core/Src/stm32f4xx_it.o
 .text.Drive_Speed_Accele_Control
                0x00000000080030a4      0x138 ./Core/Src/stm32f4xx_it.o
 .text.Make_Limited_Position
                0x00000000080031dc       0x84 ./Core/Src/stm32f4xx_it.o
 .text.Make_Inline_Val
                0x0000000008003260       0x6c ./Core/Src/stm32f4xx_it.o
 .text.Drive_TIM9_IRQ
                0x00000000080032cc       0xd0 ./Core/Src/stm32f4xx_it.o
 .text.NMI_Handler
                0x000000000800339c        0x6 ./Core/Src/stm32f4xx_it.o
                0x000000000800339c                NMI_Handler
 .text.HardFault_Handler
                0x00000000080033a2        0xa ./Core/Src/stm32f4xx_it.o
                0x00000000080033a2                HardFault_Handler
 .text.MemManage_Handler
                0x00000000080033ac        0xa ./Core/Src/stm32f4xx_it.o
                0x00000000080033ac                MemManage_Handler
 .text.BusFault_Handler
                0x00000000080033b6        0xa ./Core/Src/stm32f4xx_it.o
                0x00000000080033b6                BusFault_Handler
 .text.UsageFault_Handler
                0x00000000080033c0        0xa ./Core/Src/stm32f4xx_it.o
                0x00000000080033c0                UsageFault_Handler
 .text.SVC_Handler
                0x00000000080033ca        0xe ./Core/Src/stm32f4xx_it.o
                0x00000000080033ca                SVC_Handler
 .text.DebugMon_Handler
                0x00000000080033d8        0xe ./Core/Src/stm32f4xx_it.o
                0x00000000080033d8                DebugMon_Handler
 .text.PendSV_Handler
                0x00000000080033e6        0xe ./Core/Src/stm32f4xx_it.o
                0x00000000080033e6                PendSV_Handler
 .text.SysTick_Handler
                0x00000000080033f4       0x1c ./Core/Src/stm32f4xx_it.o
                0x00000000080033f4                SysTick_Handler
 .text.TIM1_BRK_TIM9_IRQHandler
                0x0000000008003410       0x18 ./Core/Src/stm32f4xx_it.o
                0x0000000008003410                TIM1_BRK_TIM9_IRQHandler
 .text.TIM5_IRQHandler
                0x0000000008003428       0x18 ./Core/Src/stm32f4xx_it.o
                0x0000000008003428                TIM5_IRQHandler
 .text._getpid  0x0000000008003440       0x10 ./Core/Src/syscalls.o
                0x0000000008003440                _getpid
 .text._kill    0x0000000008003450       0x20 ./Core/Src/syscalls.o
                0x0000000008003450                _kill
 .text._exit    0x0000000008003470       0x14 ./Core/Src/syscalls.o
                0x0000000008003470                _exit
 .text._read    0x0000000008003484       0x3a ./Core/Src/syscalls.o
                0x0000000008003484                _read
 .text._write   0x00000000080034be       0x38 ./Core/Src/syscalls.o
                0x00000000080034be                _write
 .text._close   0x00000000080034f6       0x18 ./Core/Src/syscalls.o
                0x00000000080034f6                _close
 .text._fstat   0x000000000800350e       0x20 ./Core/Src/syscalls.o
                0x000000000800350e                _fstat
 .text._isatty  0x000000000800352e       0x16 ./Core/Src/syscalls.o
                0x000000000800352e                _isatty
 .text._lseek   0x0000000008003544       0x1a ./Core/Src/syscalls.o
                0x0000000008003544                _lseek
 *fill*         0x000000000800355e        0x2 
 .text._sbrk    0x0000000008003560       0x6c ./Core/Src/sysmem.o
                0x0000000008003560                _sbrk
 .text.SystemInit
                0x00000000080035cc       0x24 ./Core/Src/system_stm32f4xx.o
                0x00000000080035cc                SystemInit
 .text.Reset_Handler
                0x00000000080035f0       0x50 ./Core/Startup/startup_stm32f411retx.o
                0x00000000080035f0                Reset_Handler
 .text.Default_Handler
                0x0000000008003640        0x2 ./Core/Startup/startup_stm32f411retx.o
                0x0000000008003640                DMA1_Stream3_IRQHandler
                0x0000000008003640                EXTI2_IRQHandler
                0x0000000008003640                SPI4_IRQHandler
                0x0000000008003640                TIM1_CC_IRQHandler
                0x0000000008003640                DMA2_Stream5_IRQHandler
                0x0000000008003640                DMA1_Stream5_IRQHandler
                0x0000000008003640                PVD_IRQHandler
                0x0000000008003640                SDIO_IRQHandler
                0x0000000008003640                TAMP_STAMP_IRQHandler
                0x0000000008003640                EXTI3_IRQHandler
                0x0000000008003640                TIM1_UP_TIM10_IRQHandler
                0x0000000008003640                I2C3_ER_IRQHandler
                0x0000000008003640                EXTI0_IRQHandler
                0x0000000008003640                I2C2_EV_IRQHandler
                0x0000000008003640                DMA1_Stream2_IRQHandler
                0x0000000008003640                FPU_IRQHandler
                0x0000000008003640                DMA2_Stream2_IRQHandler
                0x0000000008003640                SPI1_IRQHandler
                0x0000000008003640                DMA2_Stream3_IRQHandler
                0x0000000008003640                USART6_IRQHandler
                0x0000000008003640                DMA2_Stream0_IRQHandler
                0x0000000008003640                TIM4_IRQHandler
                0x0000000008003640                I2C1_EV_IRQHandler
                0x0000000008003640                DMA1_Stream6_IRQHandler
                0x0000000008003640                DMA1_Stream1_IRQHandler
                0x0000000008003640                TIM3_IRQHandler
                0x0000000008003640                RCC_IRQHandler
                0x0000000008003640                Default_Handler
                0x0000000008003640                EXTI15_10_IRQHandler
                0x0000000008003640                ADC_IRQHandler
                0x0000000008003640                DMA1_Stream7_IRQHandler
                0x0000000008003640                SPI5_IRQHandler
                0x0000000008003640                DMA2_Stream7_IRQHandler
                0x0000000008003640                I2C3_EV_IRQHandler
                0x0000000008003640                EXTI9_5_IRQHandler
                0x0000000008003640                RTC_WKUP_IRQHandler
                0x0000000008003640                SPI2_IRQHandler
                0x0000000008003640                DMA1_Stream0_IRQHandler
                0x0000000008003640                EXTI4_IRQHandler
                0x0000000008003640                WWDG_IRQHandler
                0x0000000008003640                TIM2_IRQHandler
                0x0000000008003640                OTG_FS_WKUP_IRQHandler
                0x0000000008003640                TIM1_TRG_COM_TIM11_IRQHandler
                0x0000000008003640                EXTI1_IRQHandler
                0x0000000008003640                USART2_IRQHandler
                0x0000000008003640                I2C2_ER_IRQHandler
                0x0000000008003640                DMA2_Stream1_IRQHandler
                0x0000000008003640                FLASH_IRQHandler
                0x0000000008003640                DMA2_Stream4_IRQHandler
                0x0000000008003640                USART1_IRQHandler
                0x0000000008003640                OTG_FS_IRQHandler
                0x0000000008003640                SPI3_IRQHandler
                0x0000000008003640                DMA1_Stream4_IRQHandler
                0x0000000008003640                I2C1_ER_IRQHandler
                0x0000000008003640                DMA2_Stream6_IRQHandler
                0x0000000008003640                RTC_Alarm_IRQHandler
 .text.LL_ADC_SetCommonClock
                0x0000000008003642       0x26 ./Drivers/STM32F4xx_HAL_Driver/Src/stm32f4xx_ll_adc.o
 .text.LL_ADC_REG_SetSequencerLength
                0x0000000008003668       0x26 ./Drivers/STM32F4xx_HAL_Driver/Src/stm32f4xx_ll_adc.o
 .text.LL_ADC_IsEnabled
                0x000000000800368e       0x26 ./Drivers/STM32F4xx_HAL_Driver/Src/stm32f4xx_ll_adc.o
 .text.LL_ADC_CommonInit
                0x00000000080036b4       0x3c ./Drivers/STM32F4xx_HAL_Driver/Src/stm32f4xx_ll_adc.o
                0x00000000080036b4                LL_ADC_CommonInit
 .text.LL_ADC_Init
                0x00000000080036f0       0x58 ./Drivers/STM32F4xx_HAL_Driver/Src/stm32f4xx_ll_adc.o
                0x00000000080036f0                LL_ADC_Init
 .text.LL_ADC_REG_Init
                0x0000000008003748       0x84 ./Drivers/STM32F4xx_HAL_Driver/Src/stm32f4xx_ll_adc.o
                0x0000000008003748                LL_ADC_REG_Init
 .text.LL_EXTI_EnableIT_0_31
                0x00000000080037cc       0x24 ./Drivers/STM32F4xx_HAL_Driver/Src/stm32f4xx_ll_exti.o
 .text.LL_EXTI_DisableIT_0_31
                0x00000000080037f0       0x28 ./Drivers/STM32F4xx_HAL_Driver/Src/stm32f4xx_ll_exti.o
 .text.LL_EXTI_EnableEvent_0_31
                0x0000000008003818       0x24 ./Drivers/STM32F4xx_HAL_Driver/Src/stm32f4xx_ll_exti.o
 .text.LL_EXTI_DisableEvent_0_31
                0x000000000800383c       0x28 ./Drivers/STM32F4xx_HAL_Driver/Src/stm32f4xx_ll_exti.o
 .text.LL_EXTI_EnableRisingTrig_0_31
                0x0000000008003864       0x24 ./Drivers/STM32F4xx_HAL_Driver/Src/stm32f4xx_ll_exti.o
 .text.LL_EXTI_DisableRisingTrig_0_31
                0x0000000008003888       0x28 ./Drivers/STM32F4xx_HAL_Driver/Src/stm32f4xx_ll_exti.o
 .text.LL_EXTI_EnableFallingTrig_0_31
                0x00000000080038b0       0x24 ./Drivers/STM32F4xx_HAL_Driver/Src/stm32f4xx_ll_exti.o
 .text.LL_EXTI_DisableFallingTrig_0_31
                0x00000000080038d4       0x28 ./Drivers/STM32F4xx_HAL_Driver/Src/stm32f4xx_ll_exti.o
 .text.LL_EXTI_Init
                0x00000000080038fc       0xfe ./Drivers/STM32F4xx_HAL_Driver/Src/stm32f4xx_ll_exti.o
                0x00000000080038fc                LL_EXTI_Init
 .text.LL_GPIO_SetPinMode
                0x00000000080039fa       0x5e ./Drivers/STM32F4xx_HAL_Driver/Src/stm32f4xx_ll_gpio.o
 .text.LL_GPIO_SetPinOutputType
                0x0000000008003a58       0x30 ./Drivers/STM32F4xx_HAL_Driver/Src/stm32f4xx_ll_gpio.o
 .text.LL_GPIO_SetPinSpeed
                0x0000000008003a88       0x5e ./Drivers/STM32F4xx_HAL_Driver/Src/stm32f4xx_ll_gpio.o
 .text.LL_GPIO_SetPinPull
                0x0000000008003ae6       0x5e ./Drivers/STM32F4xx_HAL_Driver/Src/stm32f4xx_ll_gpio.o
 .text.LL_GPIO_SetAFPin_0_7
                0x0000000008003b44       0x5e ./Drivers/STM32F4xx_HAL_Driver/Src/stm32f4xx_ll_gpio.o
 .text.LL_GPIO_SetAFPin_8_15
                0x0000000008003ba2       0x62 ./Drivers/STM32F4xx_HAL_Driver/Src/stm32f4xx_ll_gpio.o
 .text.LL_GPIO_Init
                0x0000000008003c04       0xe6 ./Drivers/STM32F4xx_HAL_Driver/Src/stm32f4xx_ll_gpio.o
                0x0000000008003c04                LL_GPIO_Init
 .text.LL_I2C_Enable
                0x0000000008003cea       0x20 ./Drivers/STM32F4xx_HAL_Driver/Src/stm32f4xx_ll_i2c.o
 .text.LL_I2C_Disable
                0x0000000008003d0a       0x20 ./Drivers/STM32F4xx_HAL_Driver/Src/stm32f4xx_ll_i2c.o
 .text.LL_I2C_ConfigFilters
                0x0000000008003d2a       0x2c ./Drivers/STM32F4xx_HAL_Driver/Src/stm32f4xx_ll_i2c.o
 .text.LL_I2C_SetOwnAddress1
                0x0000000008003d56       0x30 ./Drivers/STM32F4xx_HAL_Driver/Src/stm32f4xx_ll_i2c.o
 *fill*         0x0000000008003d86        0x2 
 .text.LL_I2C_ConfigSpeed
                0x0000000008003d88      0x130 ./Drivers/STM32F4xx_HAL_Driver/Src/stm32f4xx_ll_i2c.o
 .text.LL_I2C_SetMode
                0x0000000008003eb8       0x26 ./Drivers/STM32F4xx_HAL_Driver/Src/stm32f4xx_ll_i2c.o
 .text.LL_I2C_AcknowledgeNextData
                0x0000000008003ede       0x26 ./Drivers/STM32F4xx_HAL_Driver/Src/stm32f4xx_ll_i2c.o
 .text.LL_I2C_Init
                0x0000000008003f04       0x72 ./Drivers/STM32F4xx_HAL_Driver/Src/stm32f4xx_ll_i2c.o
                0x0000000008003f04                LL_I2C_Init
 *fill*         0x0000000008003f76        0x2 
 .text.LL_RCC_GetSysClkSource
                0x0000000008003f78       0x1c ./Drivers/STM32F4xx_HAL_Driver/Src/stm32f4xx_ll_rcc.o
 .text.LL_RCC_GetAHBPrescaler
                0x0000000008003f94       0x1c ./Drivers/STM32F4xx_HAL_Driver/Src/stm32f4xx_ll_rcc.o
 .text.LL_RCC_GetAPB1Prescaler
                0x0000000008003fb0       0x1c ./Drivers/STM32F4xx_HAL_Driver/Src/stm32f4xx_ll_rcc.o
 .text.LL_RCC_GetAPB2Prescaler
                0x0000000008003fcc       0x1c ./Drivers/STM32F4xx_HAL_Driver/Src/stm32f4xx_ll_rcc.o
 .text.LL_RCC_PLL_GetMainSource
                0x0000000008003fe8       0x1c ./Drivers/STM32F4xx_HAL_Driver/Src/stm32f4xx_ll_rcc.o
 .text.LL_RCC_PLL_GetN
                0x0000000008004004       0x1c ./Drivers/STM32F4xx_HAL_Driver/Src/stm32f4xx_ll_rcc.o
 .text.LL_RCC_PLL_GetP
                0x0000000008004020       0x1c ./Drivers/STM32F4xx_HAL_Driver/Src/stm32f4xx_ll_rcc.o
 .text.LL_RCC_PLL_GetDivider
                0x000000000800403c       0x1c ./Drivers/STM32F4xx_HAL_Driver/Src/stm32f4xx_ll_rcc.o
 .text.LL_RCC_GetSystemClocksFreq
                0x0000000008004058       0x4a ./Drivers/STM32F4xx_HAL_Driver/Src/stm32f4xx_ll_rcc.o
                0x0000000008004058                LL_RCC_GetSystemClocksFreq
 *fill*         0x00000000080040a2        0x2 
 .text.RCC_GetSystemClockFreq
                0x00000000080040a4       0x50 ./Drivers/STM32F4xx_HAL_Driver/Src/stm32f4xx_ll_rcc.o
                0x00000000080040a4                RCC_GetSystemClockFreq
 .text.RCC_GetHCLKClockFreq
                0x00000000080040f4       0x2c ./Drivers/STM32F4xx_HAL_Driver/Src/stm32f4xx_ll_rcc.o
                0x00000000080040f4                RCC_GetHCLKClockFreq
 .text.RCC_GetPCLK1ClockFreq
                0x0000000008004120       0x28 ./Drivers/STM32F4xx_HAL_Driver/Src/stm32f4xx_ll_rcc.o
                0x0000000008004120                RCC_GetPCLK1ClockFreq
 .text.RCC_GetPCLK2ClockFreq
                0x0000000008004148       0x28 ./Drivers/STM32F4xx_HAL_Driver/Src/stm32f4xx_ll_rcc.o
                0x0000000008004148                RCC_GetPCLK2ClockFreq
 .text.RCC_PLL_GetFreqDomain_SYS
                0x0000000008004170       0x7c ./Drivers/STM32F4xx_HAL_Driver/Src/stm32f4xx_ll_rcc.o
                0x0000000008004170                RCC_PLL_GetFreqDomain_SYS
 .text.LL_SPI_IsEnabled
                0x00000000080041ec       0x26 ./Drivers/STM32F4xx_HAL_Driver/Src/stm32f4xx_ll_spi.o
 .text.LL_SPI_SetCRCPolynomial
                0x0000000008004212       0x20 ./Drivers/STM32F4xx_HAL_Driver/Src/stm32f4xx_ll_spi.o
 .text.LL_SPI_Init
                0x0000000008004232       0xa4 ./Drivers/STM32F4xx_HAL_Driver/Src/stm32f4xx_ll_spi.o
                0x0000000008004232                LL_SPI_Init
 .text.LL_TIM_SetPrescaler
                0x00000000080042d6       0x1c ./Drivers/STM32F4xx_HAL_Driver/Src/stm32f4xx_ll_tim.o
 .text.LL_TIM_SetAutoReload
                0x00000000080042f2       0x1c ./Drivers/STM32F4xx_HAL_Driver/Src/stm32f4xx_ll_tim.o
 .text.LL_TIM_SetRepetitionCounter
                0x000000000800430e       0x1c ./Drivers/STM32F4xx_HAL_Driver/Src/stm32f4xx_ll_tim.o
 .text.LL_TIM_OC_SetCompareCH1
                0x000000000800432a       0x1c ./Drivers/STM32F4xx_HAL_Driver/Src/stm32f4xx_ll_tim.o
 .text.LL_TIM_OC_SetCompareCH2
                0x0000000008004346       0x1c ./Drivers/STM32F4xx_HAL_Driver/Src/stm32f4xx_ll_tim.o
 .text.LL_TIM_OC_SetCompareCH3
                0x0000000008004362       0x1c ./Drivers/STM32F4xx_HAL_Driver/Src/stm32f4xx_ll_tim.o
 .text.LL_TIM_OC_SetCompareCH4
                0x000000000800437e       0x1c ./Drivers/STM32F4xx_HAL_Driver/Src/stm32f4xx_ll_tim.o
 .text.LL_TIM_GenerateEvent_UPDATE
                0x000000000800439a       0x20 ./Drivers/STM32F4xx_HAL_Driver/Src/stm32f4xx_ll_tim.o
 *fill*         0x00000000080043ba        0x2 
 .text.LL_TIM_Init
                0x00000000080043bc       0xf4 ./Drivers/STM32F4xx_HAL_Driver/Src/stm32f4xx_ll_tim.o
                0x00000000080043bc                LL_TIM_Init
 .text.LL_TIM_OC_Init
                0x00000000080044b0       0x82 ./Drivers/STM32F4xx_HAL_Driver/Src/stm32f4xx_ll_tim.o
                0x00000000080044b0                LL_TIM_OC_Init
 *fill*         0x0000000008004532        0x2 
 .text.OC1Config
                0x0000000008004534       0xcc ./Drivers/STM32F4xx_HAL_Driver/Src/stm32f4xx_ll_tim.o
 .text.OC2Config
                0x0000000008004600       0xd4 ./Drivers/STM32F4xx_HAL_Driver/Src/stm32f4xx_ll_tim.o
 .text.OC3Config
                0x00000000080046d4       0xd4 ./Drivers/STM32F4xx_HAL_Driver/Src/stm32f4xx_ll_tim.o
 .text.OC4Config
                0x00000000080047a8       0xa4 ./Drivers/STM32F4xx_HAL_Driver/Src/stm32f4xx_ll_tim.o
 .text.LL_USART_IsEnabled
                0x000000000800484c       0x28 ./Drivers/STM32F4xx_HAL_Driver/Src/stm32f4xx_ll_usart.o
 .text.LL_USART_SetStopBitsLength
                0x0000000008004874       0x26 ./Drivers/STM32F4xx_HAL_Driver/Src/stm32f4xx_ll_usart.o
 .text.LL_USART_SetHWFlowCtrl
                0x000000000800489a       0x26 ./Drivers/STM32F4xx_HAL_Driver/Src/stm32f4xx_ll_usart.o
 .text.LL_USART_SetBaudRate
                0x00000000080048c0      0x45c ./Drivers/STM32F4xx_HAL_Driver/Src/stm32f4xx_ll_usart.o
 .text.LL_USART_Init
                0x0000000008004d1c       0xc8 ./Drivers/STM32F4xx_HAL_Driver/Src/stm32f4xx_ll_usart.o
                0x0000000008004d1c                LL_USART_Init
 .text.LL_InitTick
                0x0000000008004de4       0x34 ./Drivers/STM32F4xx_HAL_Driver/Src/stm32f4xx_ll_utils.o
 .text.LL_Init1msTick
                0x0000000008004e18       0x1a ./Drivers/STM32F4xx_HAL_Driver/Src/stm32f4xx_ll_utils.o
                0x0000000008004e18                LL_Init1msTick
 *fill*         0x0000000008004e32        0x2 
 .text.LL_SetSystemCoreClock
                0x0000000008004e34       0x20 ./Drivers/STM32F4xx_HAL_Driver/Src/stm32f4xx_ll_utils.o
                0x0000000008004e34                LL_SetSystemCoreClock
 .text.__Custom_Exception_Set_Message
                0x0000000008004e54       0x38 ./External Library/Src/custom_exception.o
                0x0000000008004e54                __Custom_Exception_Set_Message
 .text.Custom_FileSystem_Load
                0x0000000008004e8c       0x20 ./External Library/Src/custom_filesystem.o
                0x0000000008004e8c                Custom_FileSystem_Load
 .text.Custom_Flash_Check_Error
                0x0000000008004eac       0x90 ./External Library/Src/custom_flash.o
                0x0000000008004eac                Custom_Flash_Check_Error
 .text.Custom_Flash_Read
                0x0000000008004f3c       0x64 ./External Library/Src/custom_flash.o
                0x0000000008004f3c                Custom_Flash_Read
 .text.LL_SPI_Enable
                0x0000000008004fa0       0x20 ./External Library/Src/custom_oled.o
 .text.LL_SPI_SetTransferDirection
                0x0000000008004fc0       0x26 ./External Library/Src/custom_oled.o
 .text.LL_SPI_IsActiveFlag_TXE
                0x0000000008004fe6       0x26 ./External Library/Src/custom_oled.o
 .text.LL_SPI_IsActiveFlag_BSY
                0x000000000800500c       0x26 ./External Library/Src/custom_oled.o
 .text.LL_SPI_TransmitData8
                0x0000000008005032       0x24 ./External Library/Src/custom_oled.o
 .text.Custom_GPIO_Set
                0x0000000008005056       0x3a ./External Library/Src/custom_oled.o
 .text.Custom_OLED_SPI_Tramsnit_Blocking
                0x0000000008005090       0x40 ./External Library/Src/custom_oled.o
 .text.Custom_OLED_Write_Command
                0x00000000080050d0       0x5c ./External Library/Src/custom_oled.o
 .text.Custom_OLED_Write_Data
                0x000000000800512c       0x74 ./External Library/Src/custom_oled.o
 .text.Custom_OLED_Set_Window
                0x00000000080051a0       0x4a ./External Library/Src/custom_oled.o
 .text.Custom_OLED_Clear
                0x00000000080051ea       0x3e ./External Library/Src/custom_oled.o
                0x00000000080051ea                Custom_OLED_Clear
 .text.Custom_OLED_Init
                0x0000000008005228       0x4c ./External Library/Src/custom_oled.o
                0x0000000008005228                Custom_OLED_Init
 .text.Custom_OLED_Putchar
                0x0000000008005274      0x140 ./External Library/Src/custom_oled.o
                0x0000000008005274                Custom_OLED_Putchar
 .text.Custom_OLED_Printf
                0x00000000080053b4      0x4c8 ./External Library/Src/custom_oled.o
                0x00000000080053b4                Custom_OLED_Printf
 .text.LL_GPIO_ReadInputPort
                0x000000000800587c       0x18 ./External Library/Src/custom_switch.o
 .text.Custom_Delay_Get_SysTick
                0x0000000008005894       0x18 ./External Library/Src/custom_switch.o
 .text.Custom_Switch_Init_ButtonState
                0x00000000080058ac       0x36 ./External Library/Src/custom_switch.o
 *fill*         0x00000000080058e2        0x2 
 .text.Custom_Switch_State_Machine
                0x00000000080058e4      0x130 ./External Library/Src/custom_switch.o
 .text.Custom_Switch_Read
                0x0000000008005a14      0x180 ./External Library/Src/custom_switch.o
                0x0000000008005a14                Custom_Switch_Read
 .text.Print_Drive_Data
                0x0000000008005b94      0x264 ./Main/Src/drive_data_tools.o
                0x0000000008005b94                Print_Drive_Data
 .text.Print_Drive_Data_Buffer
                0x0000000008005df8      0x268 ./Main/Src/drive_data_tools.o
                0x0000000008005df8                Print_Drive_Data_Buffer
 .text.Mark_Masking_Init
                0x0000000008006060      0x184 ./Main/Src/drive_preset.o
 .text.Mark_Sampling_Reset
                0x00000000080061e4       0x4c ./Main/Src/drive_preset.o
 .text.Drive_Optimize_Setting
                0x0000000008006230       0x34 ./Main/Src/drive_preset.o
                0x0000000008006230                Drive_Optimize_Setting
 .text.Pre_Drive_Setting
                0x0000000008006264       0x30 ./Main/Src/drive_preset.o
                0x0000000008006264                Pre_Drive_Setting
 .text.Pre_Drive_Read_Map
                0x0000000008006294       0x40 ./Main/Src/drive_preset.o
                0x0000000008006294                Pre_Drive_Read_Map
 .text.Pre_Drive_Second_Quick
                0x00000000080062d4       0xac ./Main/Src/drive_preset.o
                0x00000000080062d4                Pre_Drive_Second_Quick
 .text.Pre_Drive_Third_Quick
                0x0000000008006380       0xb8 ./Main/Src/drive_preset.o
                0x0000000008006380                Pre_Drive_Third_Quick
 .text.Adjust_First_Drive
                0x0000000008006438       0x64 ./Main/Src/drive_preset.o
 .text.Adjust_Straight_Boost
                0x000000000800649c      0x174 ./Main/Src/drive_preset.o
 .text.Adjust_Curve_Boost
                0x0000000008006610       0x34 ./Main/Src/drive_preset.o
 .text.Adjust_Int_Val
                0x0000000008006644      0x13c ./Main/Src/drive_preset.o
 .text.Adjust_Float_Val
                0x0000000008006780      0x18c ./Main/Src/drive_preset.o
 .text.Pre_Drive_Var_Init
                0x000000000800690c      0x280 ./Main/Src/drive_preset.o
                0x000000000800690c                Pre_Drive_Var_Init
 .text.Custom_Delay_us
                0x0000000008006b8c       0x50 ./Main/Src/first_drive.o
 .text.Custom_Delay_ms
                0x0000000008006bdc       0x20 ./Main/Src/first_drive.o
 .text.Drive_Fit_In
                0x0000000008006bfc       0xb0 ./Main/Src/first_drive.o
 .text.Is_Drive_End
                0x0000000008006cac       0x38 ./Main/Src/first_drive.o
 .text.Mark_Masking
                0x0000000008006ce4       0x80 ./Main/Src/first_drive.o
 .text.Mark_Accumming
                0x0000000008006d64       0xd0 ./Main/Src/first_drive.o
 .text.Mark_Accumming_Reset
                0x0000000008006e34       0x18 ./Main/Src/first_drive.o
 .text.Is_Line_Out
                0x0000000008006e4c       0x24 ./Main/Src/first_drive.o
 .text.Is_Passed_Marker
                0x0000000008006e70       0x30 ./Main/Src/first_drive.o
 .text.Mark_Decision
                0x0000000008006ea0       0x80 ./Main/Src/first_drive.o
 .text.Mark     0x0000000008006f20      0x174 ./Main/Src/first_drive.o
 .text.Positioning
                0x0000000008007094       0xd8 ./Main/Src/first_drive.o
 .text.First_Drive
                0x000000000800716c       0xbc ./Main/Src/first_drive.o
                0x000000000800716c                First_Drive
 .text.First_Drive_Read_Map
                0x0000000008007228       0xbc ./Main/Src/first_drive.o
                0x0000000008007228                First_Drive_Read_Map
 .text.First_Driving
                0x00000000080072e4       0x90 ./Main/Src/first_drive.o
 .text.First_Drive_Cntl
                0x0000000008007374      0x198 ./Main/Src/first_drive.o
 .text.Set_First_Drive_Data
                0x000000000800750c       0xc8 ./Main/Src/first_drive.o
 .text.First_Drive_Data_Cntl
                0x00000000080075d4      0x300 ./Main/Src/first_drive.o
 .text.First_Drive_Data_Update_Cntl
                0x00000000080078d4      0x168 ./Main/Src/first_drive.o
 .text.LL_USART_Enable
                0x0000000008007a3c       0x20 ./Main/Src/init.o
 .text.LL_USART_IsActiveFlag_TXE
                0x0000000008007a5c       0x26 ./Main/Src/init.o
 .text.LL_USART_TransmitData8
                0x0000000008007a82       0x1e ./Main/Src/init.o
 .text.Custom_Delay_us
                0x0000000008007aa0       0x50 ./Main/Src/init.o
 .text.Custom_Delay_ms
                0x0000000008007af0       0x20 ./Main/Src/init.o
 .text.Custom_Delay_Init_SysTick
                0x0000000008007b10       0x28 ./Main/Src/init.o
 .text.__io_putchar
                0x0000000008007b38       0x30 ./Main/Src/init.o
                0x0000000008007b38                __io_putchar
 .text.Init     0x0000000008007b68      0x150 ./Main/Src/init.o
                0x0000000008007b68                Init
 .text.LL_TIM_EnableCounter
                0x0000000008007cb8       0x20 ./Main/Src/linetracer_test.o
 .text.LL_TIM_DisableCounter
                0x0000000008007cd8       0x20 ./Main/Src/linetracer_test.o
 .text.LL_TIM_CC_EnableChannel
                0x0000000008007cf8       0x22 ./Main/Src/linetracer_test.o
 .text.LL_TIM_CC_DisableChannel
                0x0000000008007d1a       0x24 ./Main/Src/linetracer_test.o
 .text.LL_TIM_OC_SetCompareCH2
                0x0000000008007d3e       0x1c ./Main/Src/linetracer_test.o
 .text.Custom_GPIO_Set
                0x0000000008007d5a       0x3a ./Main/Src/linetracer_test.o
 .text.Mark_Masking
                0x0000000008007d94       0x80 ./Main/Src/linetracer_test.o
 .text.Mark_Accumming
                0x0000000008007e14       0xd0 ./Main/Src/linetracer_test.o
 .text.Mark_Accumming_Reset
                0x0000000008007ee4       0x18 ./Main/Src/linetracer_test.o
 .text.Is_Line_Out
                0x0000000008007efc       0x24 ./Main/Src/linetracer_test.o
 .text.Is_Passed_Marker
                0x0000000008007f20       0x30 ./Main/Src/linetracer_test.o
 .text.Mark_Decision
                0x0000000008007f50       0x80 ./Main/Src/linetracer_test.o
 .text.Mark     0x0000000008007fd0      0x174 ./Main/Src/linetracer_test.o
 .text.Positioning
                0x0000000008008144       0xd8 ./Main/Src/linetracer_test.o
 .text.Sensor_Test_Raw
                0x000000000800821c       0xe0 ./Main/Src/linetracer_test.o
                0x000000000800821c                Sensor_Test_Raw
 .text.Sensor_Test_Normalized
                0x00000000080082fc       0xe0 ./Main/Src/linetracer_test.o
                0x00000000080082fc                Sensor_Test_Normalized
 .text.Sensor_Test_State
                0x00000000080083dc      0x19c ./Main/Src/linetracer_test.o
                0x00000000080083dc                Sensor_Test_State
 .text.Battery_Test_Voltage
                0x0000000008008578       0x40 ./Main/Src/linetracer_test.o
                0x0000000008008578                Battery_Test_Voltage
 .text.MotorR_Test_Duty
                0x00000000080085b8      0x188 ./Main/Src/linetracer_test.o
                0x00000000080085b8                MotorR_Test_Duty
 .text.MotorL_Test_Duty
                0x0000000008008740      0x188 ./Main/Src/linetracer_test.o
                0x0000000008008740                MotorL_Test_Duty
 .text.MotorL_Test_PD
                0x00000000080088c8      0x180 ./Main/Src/linetracer_test.o
                0x00000000080088c8                MotorL_Test_PD
 .text.MotorR_Test_PD
                0x0000000008008a48      0x180 ./Main/Src/linetracer_test.o
                0x0000000008008a48                MotorR_Test_PD
 .text.Motor_Test_Speed
                0x0000000008008bc8      0x128 ./Main/Src/linetracer_test.o
                0x0000000008008bc8                Motor_Test_Speed
 .text.Drive_Test_Position
                0x0000000008008cf0       0x94 ./Main/Src/linetracer_test.o
                0x0000000008008cf0                Drive_Test_Position
 .text.Mark_Live_Test
                0x0000000008008d84      0x28c ./Main/Src/linetracer_test.o
                0x0000000008008d84                Mark_Live_Test
 .text.LL_TIM_EnableCounter
                0x0000000008009010       0x20 ./Main/Src/motor.o
 .text.LL_TIM_DisableCounter
                0x0000000008009030       0x20 ./Main/Src/motor.o
 .text.LL_TIM_CC_EnableChannel
                0x0000000008009050       0x22 ./Main/Src/motor.o
 .text.LL_TIM_CC_DisableChannel
                0x0000000008009072       0x24 ./Main/Src/motor.o
 .text.LL_TIM_OC_SetCompareCH2
                0x0000000008009096       0x1c ./Main/Src/motor.o
 .text.LL_TIM_EnableIT_UPDATE
                0x00000000080090b2       0x20 ./Main/Src/motor.o
 .text.LL_TIM_DisableIT_UPDATE
                0x00000000080090d2       0x20 ./Main/Src/motor.o
 *fill*         0x00000000080090f2        0x2 
 .text.MotorL_Start
                0x00000000080090f4       0x2c ./Main/Src/motor.o
                0x00000000080090f4                MotorL_Start
 .text.MotorR_Start
                0x0000000008009120       0x2c ./Main/Src/motor.o
                0x0000000008009120                MotorR_Start
 .text.Motor_Start
                0x000000000800914c       0x10 ./Main/Src/motor.o
                0x000000000800914c                Motor_Start
 .text.MotorL_Power_Off
                0x000000000800915c       0x18 ./Main/Src/motor.o
                0x000000000800915c                MotorL_Power_Off
 .text.MotorR_Power_Off
                0x0000000008009174       0x18 ./Main/Src/motor.o
                0x0000000008009174                MotorR_Power_Off
 .text.Motor_Power_Off
                0x000000000800918c       0x10 ./Main/Src/motor.o
                0x000000000800918c                Motor_Power_Off
 .text.MotorL_Stop
                0x000000000800919c       0x28 ./Main/Src/motor.o
                0x000000000800919c                MotorL_Stop
 .text.MotorR_Stop
                0x00000000080091c4       0x28 ./Main/Src/motor.o
                0x00000000080091c4                MotorR_Stop
 .text.Motor_Stop
                0x00000000080091ec       0x10 ./Main/Src/motor.o
                0x00000000080091ec                Motor_Stop
 .text.Speed_Control_Start
                0x00000000080091fc       0x18 ./Main/Src/motor.o
                0x00000000080091fc                Speed_Control_Start
 .text.Speed_Control_Stop
                0x0000000008009214       0x18 ./Main/Src/motor.o
                0x0000000008009214                Speed_Control_Stop
 .text.Custom_Delay_us
                0x000000000800922c       0x50 ./Main/Src/second_drive.o
 .text.Custom_Delay_ms
                0x000000000800927c       0x20 ./Main/Src/second_drive.o
 .text.Drive_Fit_In
                0x000000000800929c       0xb0 ./Main/Src/second_drive.o
 .text.Is_Drive_End
                0x000000000800934c       0x38 ./Main/Src/second_drive.o
 .text.Inline_Drive
                0x0000000008009384      0x1a0 ./Main/Src/second_drive.o
 .text.Mark_Masking
                0x0000000008009524       0x80 ./Main/Src/second_drive.o
 .text.Mark_Accumming
                0x00000000080095a4       0xd0 ./Main/Src/second_drive.o
 .text.Mark_Accumming_Reset
                0x0000000008009674       0x18 ./Main/Src/second_drive.o
 .text.Is_Line_Out
                0x000000000800968c       0x24 ./Main/Src/second_drive.o
 .text.Is_Passed_Marker
                0x00000000080096b0       0x30 ./Main/Src/second_drive.o
 .text.Mark_Decision
                0x00000000080096e0       0x80 ./Main/Src/second_drive.o
 .text.Mark     0x0000000008009760      0x174 ./Main/Src/second_drive.o
 .text.Positioning
                0x00000000080098d4       0xd8 ./Main/Src/second_drive.o
 .text.Curve_Boost
                0x00000000080099ac      0x3a8 ./Main/Src/second_drive.o
 .text.Straight_Boost
                0x0000000008009d54      0x4bc ./Main/Src/second_drive.o
 .text.Second_Drive
                0x000000000800a210       0xf0 ./Main/Src/second_drive.o
                0x000000000800a210                Second_Drive
 .text.Second_Drive_Quick
                0x000000000800a300       0xe4 ./Main/Src/second_drive.o
                0x000000000800a300                Second_Drive_Quick
 .text.Third_Drive_Quick
                0x000000000800a3e4       0xe4 ./Main/Src/second_drive.o
                0x000000000800a3e4                Third_Drive_Quick
 .text.Second_Driving
                0x000000000800a4c8       0x94 ./Main/Src/second_drive.o
 .text.Second_Drive_Cntl
                0x000000000800a55c      0x12c ./Main/Src/second_drive.o
 .text.Set_Second_Drive_Data
                0x000000000800a688      0x130 ./Main/Src/second_drive.o
 .text.LL_ADC_Enable
                0x000000000800a7b8       0x20 ./Main/Src/sensor.o
 .text.LL_ADC_Disable
                0x000000000800a7d8       0x20 ./Main/Src/sensor.o
 .text.LL_TIM_EnableCounter
                0x000000000800a7f8       0x20 ./Main/Src/sensor.o
 .text.LL_TIM_DisableCounter
                0x000000000800a818       0x20 ./Main/Src/sensor.o
 .text.LL_TIM_EnableIT_UPDATE
                0x000000000800a838       0x20 ./Main/Src/sensor.o
 .text.LL_TIM_DisableIT_UPDATE
                0x000000000800a858       0x20 ./Main/Src/sensor.o
 .text.Custom_Delay_us
                0x000000000800a878       0x50 ./Main/Src/sensor.o
 .text.Custom_Delay_ms
                0x000000000800a8c8       0x20 ./Main/Src/sensor.o
 .text.Sensor_Start
                0x000000000800a8e8       0x30 ./Main/Src/sensor.o
                0x000000000800a8e8                Sensor_Start
 .text.Sensor_Stop
                0x000000000800a918       0x34 ./Main/Src/sensor.o
                0x000000000800a918                Sensor_Stop
 .text.Sensor_Calibration
                0x000000000800a94c      0x27c ./Main/Src/sensor.o
                0x000000000800a94c                Sensor_Calibration
 .text.__cvt    0x000000000800abc8       0xc4 /Applications/STM32CubeIDE.app/Contents/Eclipse/plugins/com.st.stm32cube.ide.mcu.externaltools.gnu-tools-for-stm32.11.3.rel1.macos64_1.1.100.202310310803/tools/bin/../lib/gcc/arm-none-eabi/11.3.1/../../../../arm-none-eabi/lib/thumb/v7e-m+fp/hard/libc_nano.a(libc_a-nano-vfprintf_float.o)
                0x000000000800abc8                __cvt
 .text.__exponent
                0x000000000800ac8c       0x7c /Applications/STM32CubeIDE.app/Contents/Eclipse/plugins/com.st.stm32cube.ide.mcu.externaltools.gnu-tools-for-stm32.11.3.rel1.macos64_1.1.100.202310310803/tools/bin/../lib/gcc/arm-none-eabi/11.3.1/../../../../arm-none-eabi/lib/thumb/v7e-m+fp/hard/libc_nano.a(libc_a-nano-vfprintf_float.o)
                0x000000000800ac8c                __exponent
 .text._printf_float
                0x000000000800ad08      0x46c /Applications/STM32CubeIDE.app/Contents/Eclipse/plugins/com.st.stm32cube.ide.mcu.externaltools.gnu-tools-for-stm32.11.3.rel1.macos64_1.1.100.202310310803/tools/bin/../lib/gcc/arm-none-eabi/11.3.1/../../../../arm-none-eabi/lib/thumb/v7e-m+fp/hard/libc_nano.a(libc_a-nano-vfprintf_float.o)
                0x000000000800ad08                _printf_float
 .text._printf_common
                0x000000000800b174       0xda /Applications/STM32CubeIDE.app/Contents/Eclipse/plugins/com.st.stm32cube.ide.mcu.externaltools.gnu-tools-for-stm32.11.3.rel1.macos64_1.1.100.202310310803/tools/bin/../lib/gcc/arm-none-eabi/11.3.1/../../../../arm-none-eabi/lib/thumb/v7e-m+fp/hard/libc_nano.a(libc_a-nano-vfprintf_i.o)
                0x000000000800b174                _printf_common
 *fill*         0x000000000800b24e        0x2 
 .text._printf_i
                0x000000000800b250      0x244 /Applications/STM32CubeIDE.app/Contents/Eclipse/plugins/com.st.stm32cube.ide.mcu.externaltools.gnu-tools-for-stm32.11.3.rel1.macos64_1.1.100.202310310803/tools/bin/../lib/gcc/arm-none-eabi/11.3.1/../../../../arm-none-eabi/lib/thumb/v7e-m+fp/hard/libc_nano.a(libc_a-nano-vfprintf_i.o)
                0x000000000800b250                _printf_i
 .text.std      0x000000000800b494       0x6c /Applications/STM32CubeIDE.app/Contents/Eclipse/plugins/com.st.stm32cube.ide.mcu.externaltools.gnu-tools-for-stm32.11.3.rel1.macos64_1.1.100.202310310803/tools/bin/../lib/gcc/arm-none-eabi/11.3.1/../../../../arm-none-eabi/lib/thumb/v7e-m+fp/hard/libc_nano.a(libc_a-findfp.o)
 .text.stdio_exit_handler
                0x000000000800b500       0x18 /Applications/STM32CubeIDE.app/Contents/Eclipse/plugins/com.st.stm32cube.ide.mcu.externaltools.gnu-tools-for-stm32.11.3.rel1.macos64_1.1.100.202310310803/tools/bin/../lib/gcc/arm-none-eabi/11.3.1/../../../../arm-none-eabi/lib/thumb/v7e-m+fp/hard/libc_nano.a(libc_a-findfp.o)
 .text.cleanup_stdio
                0x000000000800b518       0x40 /Applications/STM32CubeIDE.app/Contents/Eclipse/plugins/com.st.stm32cube.ide.mcu.externaltools.gnu-tools-for-stm32.11.3.rel1.macos64_1.1.100.202310310803/tools/bin/../lib/gcc/arm-none-eabi/11.3.1/../../../../arm-none-eabi/lib/thumb/v7e-m+fp/hard/libc_nano.a(libc_a-findfp.o)
 .text.global_stdio_init.part.0
                0x000000000800b558       0x3c /Applications/STM32CubeIDE.app/Contents/Eclipse/plugins/com.st.stm32cube.ide.mcu.externaltools.gnu-tools-for-stm32.11.3.rel1.macos64_1.1.100.202310310803/tools/bin/../lib/gcc/arm-none-eabi/11.3.1/../../../../arm-none-eabi/lib/thumb/v7e-m+fp/hard/libc_nano.a(libc_a-findfp.o)
 .text.__sfp_lock_acquire
                0x000000000800b594        0xc /Applications/STM32CubeIDE.app/Contents/Eclipse/plugins/com.st.stm32cube.ide.mcu.externaltools.gnu-tools-for-stm32.11.3.rel1.macos64_1.1.100.202310310803/tools/bin/../lib/gcc/arm-none-eabi/11.3.1/../../../../arm-none-eabi/lib/thumb/v7e-m+fp/hard/libc_nano.a(libc_a-findfp.o)
                0x000000000800b594                __sfp_lock_acquire
 .text.__sfp_lock_release
                0x000000000800b5a0        0xc /Applications/STM32CubeIDE.app/Contents/Eclipse/plugins/com.st.stm32cube.ide.mcu.externaltools.gnu-tools-for-stm32.11.3.rel1.macos64_1.1.100.202310310803/tools/bin/../lib/gcc/arm-none-eabi/11.3.1/../../../../arm-none-eabi/lib/thumb/v7e-m+fp/hard/libc_nano.a(libc_a-findfp.o)
                0x000000000800b5a0                __sfp_lock_release
 .text.__sinit  0x000000000800b5ac       0x30 /Applications/STM32CubeIDE.app/Contents/Eclipse/plugins/com.st.stm32cube.ide.mcu.externaltools.gnu-tools-for-stm32.11.3.rel1.macos64_1.1.100.202310310803/tools/bin/../lib/gcc/arm-none-eabi/11.3.1/../../../../arm-none-eabi/lib/thumb/v7e-m+fp/hard/libc_nano.a(libc_a-findfp.o)
                0x000000000800b5ac                __sinit
 .text._fwalk_sglue
                0x000000000800b5dc       0x3c /Applications/STM32CubeIDE.app/Contents/Eclipse/plugins/com.st.stm32cube.ide.mcu.externaltools.gnu-tools-for-stm32.11.3.rel1.macos64_1.1.100.202310310803/tools/bin/../lib/gcc/arm-none-eabi/11.3.1/../../../../arm-none-eabi/lib/thumb/v7e-m+fp/hard/libc_nano.a(libc_a-fwalk.o)
                0x000000000800b5dc                _fwalk_sglue
 .text._vsprintf_r
                0x000000000800b618       0x2c /Applications/STM32CubeIDE.app/Contents/Eclipse/plugins/com.st.stm32cube.ide.mcu.externaltools.gnu-tools-for-stm32.11.3.rel1.macos64_1.1.100.202310310803/tools/bin/../lib/gcc/arm-none-eabi/11.3.1/../../../../arm-none-eabi/lib/thumb/v7e-m+fp/hard/libc_nano.a(libc_a-vsprintf.o)
                0x000000000800b618                _vsiprintf_r
                0x000000000800b618                _vsprintf_r
 .text.vsprintf
                0x000000000800b644       0x14 /Applications/STM32CubeIDE.app/Contents/Eclipse/plugins/com.st.stm32cube.ide.mcu.externaltools.gnu-tools-for-stm32.11.3.rel1.macos64_1.1.100.202310310803/tools/bin/../lib/gcc/arm-none-eabi/11.3.1/../../../../arm-none-eabi/lib/thumb/v7e-m+fp/hard/libc_nano.a(libc_a-vsprintf.o)
                0x000000000800b644                vsprintf
                0x000000000800b644                vsiprintf
 .text.memset   0x000000000800b658       0x10 /Applications/STM32CubeIDE.app/Contents/Eclipse/plugins/com.st.stm32cube.ide.mcu.externaltools.gnu-tools-for-stm32.11.3.rel1.macos64_1.1.100.202310310803/tools/bin/../lib/gcc/arm-none-eabi/11.3.1/../../../../arm-none-eabi/lib/thumb/v7e-m+fp/hard/libc_nano.a(libc_a-memset.o)
                0x000000000800b658                memset
 .text._localeconv_r
                0x000000000800b668        0x8 /Applications/STM32CubeIDE.app/Contents/Eclipse/plugins/com.st.stm32cube.ide.mcu.externaltools.gnu-tools-for-stm32.11.3.rel1.macos64_1.1.100.202310310803/tools/bin/../lib/gcc/arm-none-eabi/11.3.1/../../../../arm-none-eabi/lib/thumb/v7e-m+fp/hard/libc_nano.a(libc_a-localeconv.o)
                0x000000000800b668                _localeconv_r
 .text.__errno  0x000000000800b670        0xc /Applications/STM32CubeIDE.app/Contents/Eclipse/plugins/com.st.stm32cube.ide.mcu.externaltools.gnu-tools-for-stm32.11.3.rel1.macos64_1.1.100.202310310803/tools/bin/../lib/gcc/arm-none-eabi/11.3.1/../../../../arm-none-eabi/lib/thumb/v7e-m+fp/hard/libc_nano.a(libc_a-errno.o)
                0x000000000800b670                __errno
 .text.__libc_init_array
                0x000000000800b67c       0x48 /Applications/STM32CubeIDE.app/Contents/Eclipse/plugins/com.st.stm32cube.ide.mcu.externaltools.gnu-tools-for-stm32.11.3.rel1.macos64_1.1.100.202310310803/tools/bin/../lib/gcc/arm-none-eabi/11.3.1/../../../../arm-none-eabi/lib/thumb/v7e-m+fp/hard/libc_nano.a(libc_a-init.o)
                0x000000000800b67c                __libc_init_array
 .text.__retarget_lock_init_recursive
                0x000000000800b6c4        0x2 /Applications/STM32CubeIDE.app/Contents/Eclipse/plugins/com.st.stm32cube.ide.mcu.externaltools.gnu-tools-for-stm32.11.3.rel1.macos64_1.1.100.202310310803/tools/bin/../lib/gcc/arm-none-eabi/11.3.1/../../../../arm-none-eabi/lib/thumb/v7e-m+fp/hard/libc_nano.a(libc_a-lock.o)
                0x000000000800b6c4                __retarget_lock_init_recursive
 .text.__retarget_lock_acquire_recursive
                0x000000000800b6c6        0x2 /Applications/STM32CubeIDE.app/Contents/Eclipse/plugins/com.st.stm32cube.ide.mcu.externaltools.gnu-tools-for-stm32.11.3.rel1.macos64_1.1.100.202310310803/tools/bin/../lib/gcc/arm-none-eabi/11.3.1/../../../../arm-none-eabi/lib/thumb/v7e-m+fp/hard/libc_nano.a(libc_a-lock.o)
                0x000000000800b6c6                __retarget_lock_acquire_recursive
 .text.__retarget_lock_release_recursive
                0x000000000800b6c8        0x2 /Applications/STM32CubeIDE.app/Contents/Eclipse/plugins/com.st.stm32cube.ide.mcu.externaltools.gnu-tools-for-stm32.11.3.rel1.macos64_1.1.100.202310310803/tools/bin/../lib/gcc/arm-none-eabi/11.3.1/../../../../arm-none-eabi/lib/thumb/v7e-m+fp/hard/libc_nano.a(libc_a-lock.o)
                0x000000000800b6c8                __retarget_lock_release_recursive
 .text.memcpy   0x000000000800b6ca       0x1c /Applications/STM32CubeIDE.app/Contents/Eclipse/plugins/com.st.stm32cube.ide.mcu.externaltools.gnu-tools-for-stm32.11.3.rel1.macos64_1.1.100.202310310803/tools/bin/../lib/gcc/arm-none-eabi/11.3.1/../../../../arm-none-eabi/lib/thumb/v7e-m+fp/hard/libc_nano.a(libc_a-memcpy-stub.o)
                0x000000000800b6ca                memcpy
 .text.quorem   0x000000000800b6e6      0x110 /Applications/STM32CubeIDE.app/Contents/Eclipse/plugins/com.st.stm32cube.ide.mcu.externaltools.gnu-tools-for-stm32.11.3.rel1.macos64_1.1.100.202310310803/tools/bin/../lib/gcc/arm-none-eabi/11.3.1/../../../../arm-none-eabi/lib/thumb/v7e-m+fp/hard/libc_nano.a(libc_a-dtoa.o)
 *fill*         0x000000000800b7f6        0x2 
 .text._dtoa_r  0x000000000800b7f8      0xbe4 /Applications/STM32CubeIDE.app/Contents/Eclipse/plugins/com.st.stm32cube.ide.mcu.externaltools.gnu-tools-for-stm32.11.3.rel1.macos64_1.1.100.202310310803/tools/bin/../lib/gcc/arm-none-eabi/11.3.1/../../../../arm-none-eabi/lib/thumb/v7e-m+fp/hard/libc_nano.a(libc_a-dtoa.o)
                0x000000000800b7f8                _dtoa_r
 .text.__ssputs_r
                0x000000000800c3dc       0xb4 /Applications/STM32CubeIDE.app/Contents/Eclipse/plugins/com.st.stm32cube.ide.mcu.externaltools.gnu-tools-for-stm32.11.3.rel1.macos64_1.1.100.202310310803/tools/bin/../lib/gcc/arm-none-eabi/11.3.1/../../../../arm-none-eabi/lib/thumb/v7e-m+fp/hard/libc_nano.a(libc_a-nano-svfprintf.o)
                0x000000000800c3dc                __ssputs_r
 .text._svfprintf_r
                0x000000000800c490      0x1fc /Applications/STM32CubeIDE.app/Contents/Eclipse/plugins/com.st.stm32cube.ide.mcu.externaltools.gnu-tools-for-stm32.11.3.rel1.macos64_1.1.100.202310310803/tools/bin/../lib/gcc/arm-none-eabi/11.3.1/../../../../arm-none-eabi/lib/thumb/v7e-m+fp/hard/libc_nano.a(libc_a-nano-svfprintf.o)
                0x000000000800c490                _svfprintf_r
                0x000000000800c490                _svfiprintf_r
 .text.malloc   0x000000000800c68c       0x10 /Applications/STM32CubeIDE.app/Contents/Eclipse/plugins/com.st.stm32cube.ide.mcu.externaltools.gnu-tools-for-stm32.11.3.rel1.macos64_1.1.100.202310310803/tools/bin/../lib/gcc/arm-none-eabi/11.3.1/../../../../arm-none-eabi/lib/thumb/v7e-m+fp/hard/libc_nano.a(libc_a-malloc.o)
                0x000000000800c68c                malloc
 .text.sbrk_aligned
                0x000000000800c69c       0x40 /Applications/STM32CubeIDE.app/Contents/Eclipse/plugins/com.st.stm32cube.ide.mcu.externaltools.gnu-tools-for-stm32.11.3.rel1.macos64_1.1.100.202310310803/tools/bin/../lib/gcc/arm-none-eabi/11.3.1/../../../../arm-none-eabi/lib/thumb/v7e-m+fp/hard/libc_nano.a(libc_a-mallocr.o)
 .text._malloc_r
                0x000000000800c6dc      0x100 /Applications/STM32CubeIDE.app/Contents/Eclipse/plugins/com.st.stm32cube.ide.mcu.externaltools.gnu-tools-for-stm32.11.3.rel1.macos64_1.1.100.202310310803/tools/bin/../lib/gcc/arm-none-eabi/11.3.1/../../../../arm-none-eabi/lib/thumb/v7e-m+fp/hard/libc_nano.a(libc_a-mallocr.o)
                0x000000000800c6dc                _malloc_r
 .text.__sflush_r
                0x000000000800c7dc      0x10c /Applications/STM32CubeIDE.app/Contents/Eclipse/plugins/com.st.stm32cube.ide.mcu.externaltools.gnu-tools-for-stm32.11.3.rel1.macos64_1.1.100.202310310803/tools/bin/../lib/gcc/arm-none-eabi/11.3.1/../../../../arm-none-eabi/lib/thumb/v7e-m+fp/hard/libc_nano.a(libc_a-fflush.o)
                0x000000000800c7dc                __sflush_r
 .text._fflush_r
                0x000000000800c8e8       0x50 /Applications/STM32CubeIDE.app/Contents/Eclipse/plugins/com.st.stm32cube.ide.mcu.externaltools.gnu-tools-for-stm32.11.3.rel1.macos64_1.1.100.202310310803/tools/bin/../lib/gcc/arm-none-eabi/11.3.1/../../../../arm-none-eabi/lib/thumb/v7e-m+fp/hard/libc_nano.a(libc_a-fflush.o)
                0x000000000800c8e8                _fflush_r
 .text.__malloc_lock
                0x000000000800c938        0xc /Applications/STM32CubeIDE.app/Contents/Eclipse/plugins/com.st.stm32cube.ide.mcu.externaltools.gnu-tools-for-stm32.11.3.rel1.macos64_1.1.100.202310310803/tools/bin/../lib/gcc/arm-none-eabi/11.3.1/../../../../arm-none-eabi/lib/thumb/v7e-m+fp/hard/libc_nano.a(libc_a-mlock.o)
                0x000000000800c938                __malloc_lock
 .text.__malloc_unlock
                0x000000000800c944        0xc /Applications/STM32CubeIDE.app/Contents/Eclipse/plugins/com.st.stm32cube.ide.mcu.externaltools.gnu-tools-for-stm32.11.3.rel1.macos64_1.1.100.202310310803/tools/bin/../lib/gcc/arm-none-eabi/11.3.1/../../../../arm-none-eabi/lib/thumb/v7e-m+fp/hard/libc_nano.a(libc_a-mlock.o)
                0x000000000800c944                __malloc_unlock
 .text._Balloc  0x000000000800c950       0x80 /Applications/STM32CubeIDE.app/Contents/Eclipse/plugins/com.st.stm32cube.ide.mcu.externaltools.gnu-tools-for-stm32.11.3.rel1.macos64_1.1.100.202310310803/tools/bin/../lib/gcc/arm-none-eabi/11.3.1/../../../../arm-none-eabi/lib/thumb/v7e-m+fp/hard/libc_nano.a(libc_a-mprec.o)
                0x000000000800c950                _Balloc
 .text._Bfree   0x000000000800c9d0       0x44 /Applications/STM32CubeIDE.app/Contents/Eclipse/plugins/com.st.stm32cube.ide.mcu.externaltools.gnu-tools-for-stm32.11.3.rel1.macos64_1.1.100.202310310803/tools/bin/../lib/gcc/arm-none-eabi/11.3.1/../../../../arm-none-eabi/lib/thumb/v7e-m+fp/hard/libc_nano.a(libc_a-mprec.o)
                0x000000000800c9d0                _Bfree
 .text.__multadd
                0x000000000800ca14       0x8c /Applications/STM32CubeIDE.app/Contents/Eclipse/plugins/com.st.stm32cube.ide.mcu.externaltools.gnu-tools-for-stm32.11.3.rel1.macos64_1.1.100.202310310803/tools/bin/../lib/gcc/arm-none-eabi/11.3.1/../../../../arm-none-eabi/lib/thumb/v7e-m+fp/hard/libc_nano.a(libc_a-mprec.o)
                0x000000000800ca14                __multadd
 .text.__hi0bits
                0x000000000800caa0       0x40 /Applications/STM32CubeIDE.app/Contents/Eclipse/plugins/com.st.stm32cube.ide.mcu.externaltools.gnu-tools-for-stm32.11.3.rel1.macos64_1.1.100.202310310803/tools/bin/../lib/gcc/arm-none-eabi/11.3.1/../../../../arm-none-eabi/lib/thumb/v7e-m+fp/hard/libc_nano.a(libc_a-mprec.o)
                0x000000000800caa0                __hi0bits
 .text.__lo0bits
                0x000000000800cae0       0x5a /Applications/STM32CubeIDE.app/Contents/Eclipse/plugins/com.st.stm32cube.ide.mcu.externaltools.gnu-tools-for-stm32.11.3.rel1.macos64_1.1.100.202310310803/tools/bin/../lib/gcc/arm-none-eabi/11.3.1/../../../../arm-none-eabi/lib/thumb/v7e-m+fp/hard/libc_nano.a(libc_a-mprec.o)
                0x000000000800cae0                __lo0bits
 *fill*         0x000000000800cb3a        0x2 
 .text.__i2b    0x000000000800cb3c       0x2c /Applications/STM32CubeIDE.app/Contents/Eclipse/plugins/com.st.stm32cube.ide.mcu.externaltools.gnu-tools-for-stm32.11.3.rel1.macos64_1.1.100.202310310803/tools/bin/../lib/gcc/arm-none-eabi/11.3.1/../../../../arm-none-eabi/lib/thumb/v7e-m+fp/hard/libc_nano.a(libc_a-mprec.o)
                0x000000000800cb3c                __i2b
 .text.__multiply
                0x000000000800cb68      0x154 /Applications/STM32CubeIDE.app/Contents/Eclipse/plugins/com.st.stm32cube.ide.mcu.externaltools.gnu-tools-for-stm32.11.3.rel1.macos64_1.1.100.202310310803/tools/bin/../lib/gcc/arm-none-eabi/11.3.1/../../../../arm-none-eabi/lib/thumb/v7e-m+fp/hard/libc_nano.a(libc_a-mprec.o)
                0x000000000800cb68                __multiply
 .text.__pow5mult
                0x000000000800ccbc       0xb4 /Applications/STM32CubeIDE.app/Contents/Eclipse/plugins/com.st.stm32cube.ide.mcu.externaltools.gnu-tools-for-stm32.11.3.rel1.macos64_1.1.100.202310310803/tools/bin/../lib/gcc/arm-none-eabi/11.3.1/../../../../arm-none-eabi/lib/thumb/v7e-m+fp/hard/libc_nano.a(libc_a-mprec.o)
                0x000000000800ccbc                __pow5mult
 .text.__lshift
                0x000000000800cd70       0xd8 /Applications/STM32CubeIDE.app/Contents/Eclipse/plugins/com.st.stm32cube.ide.mcu.externaltools.gnu-tools-for-stm32.11.3.rel1.macos64_1.1.100.202310310803/tools/bin/../lib/gcc/arm-none-eabi/11.3.1/../../../../arm-none-eabi/lib/thumb/v7e-m+fp/hard/libc_nano.a(libc_a-mprec.o)
                0x000000000800cd70                __lshift
 .text.__mcmp   0x000000000800ce48       0x38 /Applications/STM32CubeIDE.app/Contents/Eclipse/plugins/com.st.stm32cube.ide.mcu.externaltools.gnu-tools-for-stm32.11.3.rel1.macos64_1.1.100.202310310803/tools/bin/../lib/gcc/arm-none-eabi/11.3.1/../../../../arm-none-eabi/lib/thumb/v7e-m+fp/hard/libc_nano.a(libc_a-mprec.o)
                0x000000000800ce48                __mcmp
 .text.__mdiff  0x000000000800ce80      0x114 /Applications/STM32CubeIDE.app/Contents/Eclipse/plugins/com.st.stm32cube.ide.mcu.externaltools.gnu-tools-for-stm32.11.3.rel1.macos64_1.1.100.202310310803/tools/bin/../lib/gcc/arm-none-eabi/11.3.1/../../../../arm-none-eabi/lib/thumb/v7e-m+fp/hard/libc_nano.a(libc_a-mprec.o)
                0x000000000800ce80                __mdiff
 .text.__d2b    0x000000000800cf94       0xb4 /Applications/STM32CubeIDE.app/Contents/Eclipse/plugins/com.st.stm32cube.ide.mcu.externaltools.gnu-tools-for-stm32.11.3.rel1.macos64_1.1.100.202310310803/tools/bin/../lib/gcc/arm-none-eabi/11.3.1/../../../../arm-none-eabi/lib/thumb/v7e-m+fp/hard/libc_nano.a(libc_a-mprec.o)
                0x000000000800cf94                __d2b
 .text.__sread  0x000000000800d048       0x22 /Applications/STM32CubeIDE.app/Contents/Eclipse/plugins/com.st.stm32cube.ide.mcu.externaltools.gnu-tools-for-stm32.11.3.rel1.macos64_1.1.100.202310310803/tools/bin/../lib/gcc/arm-none-eabi/11.3.1/../../../../arm-none-eabi/lib/thumb/v7e-m+fp/hard/libc_nano.a(libc_a-stdio.o)
                0x000000000800d048                __sread
 .text.__swrite
                0x000000000800d06a       0x38 /Applications/STM32CubeIDE.app/Contents/Eclipse/plugins/com.st.stm32cube.ide.mcu.externaltools.gnu-tools-for-stm32.11.3.rel1.macos64_1.1.100.202310310803/tools/bin/../lib/gcc/arm-none-eabi/11.3.1/../../../../arm-none-eabi/lib/thumb/v7e-m+fp/hard/libc_nano.a(libc_a-stdio.o)
                0x000000000800d06a                __swrite
 .text.__sseek  0x000000000800d0a2       0x24 /Applications/STM32CubeIDE.app/Contents/Eclipse/plugins/com.st.stm32cube.ide.mcu.externaltools.gnu-tools-for-stm32.11.3.rel1.macos64_1.1.100.202310310803/tools/bin/../lib/gcc/arm-none-eabi/11.3.1/../../../../arm-none-eabi/lib/thumb/v7e-m+fp/hard/libc_nano.a(libc_a-stdio.o)
                0x000000000800d0a2                __sseek
 .text.__sclose
                0x000000000800d0c6        0x8 /Applications/STM32CubeIDE.app/Contents/Eclipse/plugins/com.st.stm32cube.ide.mcu.externaltools.gnu-tools-for-stm32.11.3.rel1.macos64_1.1.100.202310310803/tools/bin/../lib/gcc/arm-none-eabi/11.3.1/../../../../arm-none-eabi/lib/thumb/v7e-m+fp/hard/libc_nano.a(libc_a-stdio.o)
                0x000000000800d0c6                __sclose
 .text._realloc_r
                0x000000000800d0ce       0x5e /Applications/STM32CubeIDE.app/Contents/Eclipse/plugins/com.st.stm32cube.ide.mcu.externaltools.gnu-tools-for-stm32.11.3.rel1.macos64_1.1.100.202310310803/tools/bin/../lib/gcc/arm-none-eabi/11.3.1/../../../../arm-none-eabi/lib/thumb/v7e-m+fp/hard/libc_nano.a(libc_a-reallocr.o)
                0x000000000800d0ce                _realloc_r
 .text.memmove  0x000000000800d12c       0x34 /Applications/STM32CubeIDE.app/Contents/Eclipse/plugins/com.st.stm32cube.ide.mcu.externaltools.gnu-tools-for-stm32.11.3.rel1.macos64_1.1.100.202310310803/tools/bin/../lib/gcc/arm-none-eabi/11.3.1/../../../../arm-none-eabi/lib/thumb/v7e-m+fp/hard/libc_nano.a(libc_a-memmove.o)
                0x000000000800d12c                memmove
 .text._close_r
                0x000000000800d160       0x20 /Applications/STM32CubeIDE.app/Contents/Eclipse/plugins/com.st.stm32cube.ide.mcu.externaltools.gnu-tools-for-stm32.11.3.rel1.macos64_1.1.100.202310310803/tools/bin/../lib/gcc/arm-none-eabi/11.3.1/../../../../arm-none-eabi/lib/thumb/v7e-m+fp/hard/libc_nano.a(libc_a-closer.o)
                0x000000000800d160                _close_r
 .text._lseek_r
                0x000000000800d180       0x24 /Applications/STM32CubeIDE.app/Contents/Eclipse/plugins/com.st.stm32cube.ide.mcu.externaltools.gnu-tools-for-stm32.11.3.rel1.macos64_1.1.100.202310310803/tools/bin/../lib/gcc/arm-none-eabi/11.3.1/../../../../arm-none-eabi/lib/thumb/v7e-m+fp/hard/libc_nano.a(libc_a-lseekr.o)
                0x000000000800d180                _lseek_r
 .text._read_r  0x000000000800d1a4       0x24 /Applications/STM32CubeIDE.app/Contents/Eclipse/plugins/com.st.stm32cube.ide.mcu.externaltools.gnu-tools-for-stm32.11.3.rel1.macos64_1.1.100.202310310803/tools/bin/../lib/gcc/arm-none-eabi/11.3.1/../../../../arm-none-eabi/lib/thumb/v7e-m+fp/hard/libc_nano.a(libc_a-readr.o)
                0x000000000800d1a4                _read_r
 .text._sbrk_r  0x000000000800d1c8       0x20 /Applications/STM32CubeIDE.app/Contents/Eclipse/plugins/com.st.stm32cube.ide.mcu.externaltools.gnu-tools-for-stm32.11.3.rel1.macos64_1.1.100.202310310803/tools/bin/../lib/gcc/arm-none-eabi/11.3.1/../../../../arm-none-eabi/lib/thumb/v7e-m+fp/hard/libc_nano.a(libc_a-sbrkr.o)
                0x000000000800d1c8                _sbrk_r
 .text._write_r
                0x000000000800d1e8       0x24 /Applications/STM32CubeIDE.app/Contents/Eclipse/plugins/com.st.stm32cube.ide.mcu.externaltools.gnu-tools-for-stm32.11.3.rel1.macos64_1.1.100.202310310803/tools/bin/../lib/gcc/arm-none-eabi/11.3.1/../../../../arm-none-eabi/lib/thumb/v7e-m+fp/hard/libc_nano.a(libc_a-writer.o)
                0x000000000800d1e8                _write_r
 .text.__assert_func
                0x000000000800d20c       0x3c /Applications/STM32CubeIDE.app/Contents/Eclipse/plugins/com.st.stm32cube.ide.mcu.externaltools.gnu-tools-for-stm32.11.3.rel1.macos64_1.1.100.202310310803/tools/bin/../lib/gcc/arm-none-eabi/11.3.1/../../../../arm-none-eabi/lib/thumb/v7e-m+fp/hard/libc_nano.a(libc_a-assert.o)
                0x000000000800d20c                __assert_func
 .text._calloc_r
                0x000000000800d248       0x2c /Applications/STM32CubeIDE.app/Contents/Eclipse/plugins/com.st.stm32cube.ide.mcu.externaltools.gnu-tools-for-stm32.11.3.rel1.macos64_1.1.100.202310310803/tools/bin/../lib/gcc/arm-none-eabi/11.3.1/../../../../arm-none-eabi/lib/thumb/v7e-m+fp/hard/libc_nano.a(libc_a-callocr.o)
                0x000000000800d248                _calloc_r
 .text._free_r  0x000000000800d274       0x98 /Applications/STM32CubeIDE.app/Contents/Eclipse/plugins/com.st.stm32cube.ide.mcu.externaltools.gnu-tools-for-stm32.11.3.rel1.macos64_1.1.100.202310310803/tools/bin/../lib/gcc/arm-none-eabi/11.3.1/../../../../arm-none-eabi/lib/thumb/v7e-m+fp/hard/libc_nano.a(libc_a-freer.o)
                0x000000000800d274                _free_r
 .text.__ascii_mbtowc
                0x000000000800d30c       0x24 /Applications/STM32CubeIDE.app/Contents/Eclipse/plugins/com.st.stm32cube.ide.mcu.externaltools.gnu-tools-for-stm32.11.3.rel1.macos64_1.1.100.202310310803/tools/bin/../lib/gcc/arm-none-eabi/11.3.1/../../../../arm-none-eabi/lib/thumb/v7e-m+fp/hard/libc_nano.a(libc_a-mbtowc_r.o)
                0x000000000800d30c                __ascii_mbtowc
 .text._malloc_usable_size_r
                0x000000000800d330       0x10 /Applications/STM32CubeIDE.app/Contents/Eclipse/plugins/com.st.stm32cube.ide.mcu.externaltools.gnu-tools-for-stm32.11.3.rel1.macos64_1.1.100.202310310803/tools/bin/../lib/gcc/arm-none-eabi/11.3.1/../../../../arm-none-eabi/lib/thumb/v7e-m+fp/hard/libc_nano.a(libc_a-msizer.o)
                0x000000000800d330                _malloc_usable_size_r
 .text.fprintf  0x000000000800d340       0x24 /Applications/STM32CubeIDE.app/Contents/Eclipse/plugins/com.st.stm32cube.ide.mcu.externaltools.gnu-tools-for-stm32.11.3.rel1.macos64_1.1.100.202310310803/tools/bin/../lib/gcc/arm-none-eabi/11.3.1/../../../../arm-none-eabi/lib/thumb/v7e-m+fp/hard/libc_nano.a(libc_a-fprintf.o)
                0x000000000800d340                fprintf
                0x000000000800d340                fiprintf
 .text.__ascii_wctomb
                0x000000000800d364       0x1a /Applications/STM32CubeIDE.app/Contents/Eclipse/plugins/com.st.stm32cube.ide.mcu.externaltools.gnu-tools-for-stm32.11.3.rel1.macos64_1.1.100.202310310803/tools/bin/../lib/gcc/arm-none-eabi/11.3.1/../../../../arm-none-eabi/lib/thumb/v7e-m+fp/hard/libc_nano.a(libc_a-wctomb_r.o)
                0x000000000800d364                __ascii_wctomb
 .text.abort    0x000000000800d37e        0xe /Applications/STM32CubeIDE.app/Contents/Eclipse/plugins/com.st.stm32cube.ide.mcu.externaltools.gnu-tools-for-stm32.11.3.rel1.macos64_1.1.100.202310310803/tools/bin/../lib/gcc/arm-none-eabi/11.3.1/../../../../arm-none-eabi/lib/thumb/v7e-m+fp/hard/libc_nano.a(libc_a-abort.o)
                0x000000000800d37e                abort
 .text.__sfputc_r
                0x000000000800d38c       0x2e /Applications/STM32CubeIDE.app/Contents/Eclipse/plugins/com.st.stm32cube.ide.mcu.externaltools.gnu-tools-for-stm32.11.3.rel1.macos64_1.1.100.202310310803/tools/bin/../lib/gcc/arm-none-eabi/11.3.1/../../../../arm-none-eabi/lib/thumb/v7e-m+fp/hard/libc_nano.a(libc_a-nano-vfprintf.o)
 .text.__sfputs_r
                0x000000000800d3ba       0x24 /Applications/STM32CubeIDE.app/Contents/Eclipse/plugins/com.st.stm32cube.ide.mcu.externaltools.gnu-tools-for-stm32.11.3.rel1.macos64_1.1.100.202310310803/tools/bin/../lib/gcc/arm-none-eabi/11.3.1/../../../../arm-none-eabi/lib/thumb/v7e-m+fp/hard/libc_nano.a(libc_a-nano-vfprintf.o)
                0x000000000800d3ba                __sfputs_r
 *fill*         0x000000000800d3de        0x2 
 .text._vfprintf_r
                0x000000000800d3e0      0x234 /Applications/STM32CubeIDE.app/Contents/Eclipse/plugins/com.st.stm32cube.ide.mcu.externaltools.gnu-tools-for-stm32.11.3.rel1.macos64_1.1.100.202310310803/tools/bin/../lib/gcc/arm-none-eabi/11.3.1/../../../../arm-none-eabi/lib/thumb/v7e-m+fp/hard/libc_nano.a(libc_a-nano-vfprintf.o)
                0x000000000800d3e0                _vfiprintf_r
                0x000000000800d3e0                _vfprintf_r
 .text.__swbuf_r
                0x000000000800d614       0x7a /Applications/STM32CubeIDE.app/Contents/Eclipse/plugins/com.st.stm32cube.ide.mcu.externaltools.gnu-tools-for-stm32.11.3.rel1.macos64_1.1.100.202310310803/tools/bin/../lib/gcc/arm-none-eabi/11.3.1/../../../../arm-none-eabi/lib/thumb/v7e-m+fp/hard/libc_nano.a(libc_a-wbuf.o)
                0x000000000800d614                __swbuf_r
 *fill*         0x000000000800d68e        0x2 
 .text.__swsetup_r
                0x000000000800d690       0xb0 /Applications/STM32CubeIDE.app/Contents/Eclipse/plugins/com.st.stm32cube.ide.mcu.externaltools.gnu-tools-for-stm32.11.3.rel1.macos64_1.1.100.202310310803/tools/bin/../lib/gcc/arm-none-eabi/11.3.1/../../../../arm-none-eabi/lib/thumb/v7e-m+fp/hard/libc_nano.a(libc_a-wsetup.o)
                0x000000000800d690                __swsetup_r
 .text.__swhatbuf_r
                0x000000000800d740       0x4c /Applications/STM32CubeIDE.app/Contents/Eclipse/plugins/com.st.stm32cube.ide.mcu.externaltools.gnu-tools-for-stm32.11.3.rel1.macos64_1.1.100.202310310803/tools/bin/../lib/gcc/arm-none-eabi/11.3.1/../../../../arm-none-eabi/lib/thumb/v7e-m+fp/hard/libc_nano.a(libc_a-makebuf.o)
                0x000000000800d740                __swhatbuf_r
 .text.__smakebuf_r
                0x000000000800d78c       0x78 /Applications/STM32CubeIDE.app/Contents/Eclipse/plugins/com.st.stm32cube.ide.mcu.externaltools.gnu-tools-for-stm32.11.3.rel1.macos64_1.1.100.202310310803/tools/bin/../lib/gcc/arm-none-eabi/11.3.1/../../../../arm-none-eabi/lib/thumb/v7e-m+fp/hard/libc_nano.a(libc_a-makebuf.o)
                0x000000000800d78c                __smakebuf_r
 .text._fstat_r
                0x000000000800d804       0x24 /Applications/STM32CubeIDE.app/Contents/Eclipse/plugins/com.st.stm32cube.ide.mcu.externaltools.gnu-tools-for-stm32.11.3.rel1.macos64_1.1.100.202310310803/tools/bin/../lib/gcc/arm-none-eabi/11.3.1/../../../../arm-none-eabi/lib/thumb/v7e-m+fp/hard/libc_nano.a(libc_a-fstatr.o)
                0x000000000800d804                _fstat_r
 .text._isatty_r
                0x000000000800d828       0x20 /Applications/STM32CubeIDE.app/Contents/Eclipse/plugins/com.st.stm32cube.ide.mcu.externaltools.gnu-tools-for-stm32.11.3.rel1.macos64_1.1.100.202310310803/tools/bin/../lib/gcc/arm-none-eabi/11.3.1/../../../../arm-none-eabi/lib/thumb/v7e-m+fp/hard/libc_nano.a(libc_a-isattyr.o)
                0x000000000800d828                _isatty_r
 .text._raise_r
                0x000000000800d848       0x50 /Applications/STM32CubeIDE.app/Contents/Eclipse/plugins/com.st.stm32cube.ide.mcu.externaltools.gnu-tools-for-stm32.11.3.rel1.macos64_1.1.100.202310310803/tools/bin/../lib/gcc/arm-none-eabi/11.3.1/../../../../arm-none-eabi/lib/thumb/v7e-m+fp/hard/libc_nano.a(libc_a-signal.o)
                0x000000000800d848                _raise_r
 .text.raise    0x000000000800d898       0x10 /Applications/STM32CubeIDE.app/Contents/Eclipse/plugins/com.st.stm32cube.ide.mcu.externaltools.gnu-tools-for-stm32.11.3.rel1.macos64_1.1.100.202310310803/tools/bin/../lib/gcc/arm-none-eabi/11.3.1/../../../../arm-none-eabi/lib/thumb/v7e-m+fp/hard/libc_nano.a(libc_a-signal.o)
                0x000000000800d898                raise
 .text._kill_r  0x000000000800d8a8       0x24 /Applications/STM32CubeIDE.app/Contents/Eclipse/plugins/com.st.stm32cube.ide.mcu.externaltools.gnu-tools-for-stm32.11.3.rel1.macos64_1.1.100.202310310803/tools/bin/../lib/gcc/arm-none-eabi/11.3.1/../../../../arm-none-eabi/lib/thumb/v7e-m+fp/hard/libc_nano.a(libc_a-signalr.o)
                0x000000000800d8a8                _kill_r
 .text._getpid_r
                0x000000000800d8cc        0x4 /Applications/STM32CubeIDE.app/Contents/Eclipse/plugins/com.st.stm32cube.ide.mcu.externaltools.gnu-tools-for-stm32.11.3.rel1.macos64_1.1.100.202310310803/tools/bin/../lib/gcc/arm-none-eabi/11.3.1/../../../../arm-none-eabi/lib/thumb/v7e-m+fp/hard/libc_nano.a(libc_a-signalr.o)
                0x000000000800d8cc                _getpid_r
 *(.glue_7)
 .glue_7        0x000000000800d8d0        0x0 linker stubs
 *(.glue_7t)
 .glue_7t       0x000000000800d8d0        0x0 linker stubs
 *(.eh_frame)
 .eh_frame      0x000000000800d8d0        0x0 /Applications/STM32CubeIDE.app/Contents/Eclipse/plugins/com.st.stm32cube.ide.mcu.externaltools.gnu-tools-for-stm32.11.3.rel1.macos64_1.1.100.202310310803/tools/bin/../lib/gcc/arm-none-eabi/11.3.1/thumb/v7e-m+fp/hard/crtbegin.o
 *(.init)
 .init          0x000000000800d8d0        0x4 /Applications/STM32CubeIDE.app/Contents/Eclipse/plugins/com.st.stm32cube.ide.mcu.externaltools.gnu-tools-for-stm32.11.3.rel1.macos64_1.1.100.202310310803/tools/bin/../lib/gcc/arm-none-eabi/11.3.1/thumb/v7e-m+fp/hard/crti.o
                0x000000000800d8d0                _init
 .init          0x000000000800d8d4        0x8 /Applications/STM32CubeIDE.app/Contents/Eclipse/plugins/com.st.stm32cube.ide.mcu.externaltools.gnu-tools-for-stm32.11.3.rel1.macos64_1.1.100.202310310803/tools/bin/../lib/gcc/arm-none-eabi/11.3.1/thumb/v7e-m+fp/hard/crtn.o
 *(.fini)
 .fini          0x000000000800d8dc        0x4 /Applications/STM32CubeIDE.app/Contents/Eclipse/plugins/com.st.stm32cube.ide.mcu.externaltools.gnu-tools-for-stm32.11.3.rel1.macos64_1.1.100.202310310803/tools/bin/../lib/gcc/arm-none-eabi/11.3.1/thumb/v7e-m+fp/hard/crti.o
                0x000000000800d8dc                _fini
 .fini          0x000000000800d8e0        0x8 /Applications/STM32CubeIDE.app/Contents/Eclipse/plugins/com.st.stm32cube.ide.mcu.externaltools.gnu-tools-for-stm32.11.3.rel1.macos64_1.1.100.202310310803/tools/bin/../lib/gcc/arm-none-eabi/11.3.1/thumb/v7e-m+fp/hard/crtn.o
                0x000000000800d8e8                . = ALIGN (0x4)
                0x000000000800d8e8                _etext = .

.vfp11_veneer   0x000000000800d8e8        0x0
 .vfp11_veneer  0x000000000800d8e8        0x0 linker stubs

.v4_bx          0x000000000800d8e8        0x0
 .v4_bx         0x000000000800d8e8        0x0 linker stubs

.iplt           0x000000000800d8e8        0x0
 .iplt          0x000000000800d8e8        0x0 /Applications/STM32CubeIDE.app/Contents/Eclipse/plugins/com.st.stm32cube.ide.mcu.externaltools.gnu-tools-for-stm32.11.3.rel1.macos64_1.1.100.202310310803/tools/bin/../lib/gcc/arm-none-eabi/11.3.1/thumb/v7e-m+fp/hard/crtbegin.o

.rodata         0x000000000800d8e8      0xef4
                0x000000000800d8e8                . = ALIGN (0x4)
 *(.rodata)
 .rodata        0x000000000800d8e8        0x8 ./Core/Src/stm32f4xx_it.o
 .rodata        0x000000000800d8f0       0xe3 ./External Library/Src/custom_flash.o
 *fill*         0x000000000800d9d3        0x1 
 .rodata        0x000000000800d9d4       0x25 ./External Library/Src/custom_oled.o
 *fill*         0x000000000800d9f9        0x3 
 .rodata        0x000000000800d9fc       0x8d ./Main/Src/drive_data_tools.o
 *fill*         0x000000000800da89        0x3 
 .rodata        0x000000000800da8c      0x150 ./Main/Src/drive_preset.o
 .rodata        0x000000000800dbdc       0x82 ./Main/Src/first_drive.o
 *fill*         0x000000000800dc5e        0x2 
 .rodata        0x000000000800dc60      0x158 ./Main/Src/init.o
 .rodata        0x000000000800ddb8      0x35b ./Main/Src/linetracer_test.o
 *fill*         0x000000000800e113        0x1 
 .rodata        0x000000000800e114       0x2f ./Main/Src/second_drive.o
 *fill*         0x000000000800e143        0x1 
 .rodata        0x000000000800e144       0x70 ./Main/Src/sensor.o
 *(.rodata*)
 .rodata.OFFSET_TAB_CCMRx
                0x000000000800e1b4        0x7 ./Core/Src/main.o
 *fill*         0x000000000800e1bb        0x1 
 .rodata.SHIFT_TAB_OCxx
                0x000000000800e1bc        0x7 ./Core/Src/main.o
 *fill*         0x000000000800e1c3        0x1 
 .rodata.SHIFT_TAB_ICxx
                0x000000000800e1c4        0x7 ./Core/Src/main.o
 *fill*         0x000000000800e1cb        0x1 
 .rodata.SHIFT_TAB_CCxP
                0x000000000800e1cc        0x7 ./Core/Src/main.o
 *fill*         0x000000000800e1d3        0x1 
 .rodata.AHBPrescTable
                0x000000000800e1d4       0x10 ./Core/Src/system_stm32f4xx.o
                0x000000000800e1d4                AHBPrescTable
 .rodata.APBPrescTable
                0x000000000800e1e4        0x8 ./Core/Src/system_stm32f4xx.o
                0x000000000800e1e4                APBPrescTable
 .rodata.STARFONT_ASCII
                0x000000000800e1ec      0x280 ./External Library/Src/custom_oled.o
                0x000000000800e1ec                STARFONT_ASCII
 .rodata._printf_float.str1.1
                0x000000000800e46c       0x12 /Applications/STM32CubeIDE.app/Contents/Eclipse/plugins/com.st.stm32cube.ide.mcu.externaltools.gnu-tools-for-stm32.11.3.rel1.macos64_1.1.100.202310310803/tools/bin/../lib/gcc/arm-none-eabi/11.3.1/../../../../arm-none-eabi/lib/thumb/v7e-m+fp/hard/libc_nano.a(libc_a-nano-vfprintf_float.o)
 .rodata._printf_i.str1.1
                0x000000000800e47e       0x22 /Applications/STM32CubeIDE.app/Contents/Eclipse/plugins/com.st.stm32cube.ide.mcu.externaltools.gnu-tools-for-stm32.11.3.rel1.macos64_1.1.100.202310310803/tools/bin/../lib/gcc/arm-none-eabi/11.3.1/../../../../arm-none-eabi/lib/thumb/v7e-m+fp/hard/libc_nano.a(libc_a-nano-vfprintf_i.o)
 .rodata._dtoa_r.str1.1
                0x000000000800e4a0       0x8d /Applications/STM32CubeIDE.app/Contents/Eclipse/plugins/com.st.stm32cube.ide.mcu.externaltools.gnu-tools-for-stm32.11.3.rel1.macos64_1.1.100.202310310803/tools/bin/../lib/gcc/arm-none-eabi/11.3.1/../../../../arm-none-eabi/lib/thumb/v7e-m+fp/hard/libc_nano.a(libc_a-dtoa.o)
                                         0x8f (size before relaxing)
 .rodata._svfprintf_r.str1.1
                0x000000000800e52d       0x11 /Applications/STM32CubeIDE.app/Contents/Eclipse/plugins/com.st.stm32cube.ide.mcu.externaltools.gnu-tools-for-stm32.11.3.rel1.macos64_1.1.100.202310310803/tools/bin/../lib/gcc/arm-none-eabi/11.3.1/../../../../arm-none-eabi/lib/thumb/v7e-m+fp/hard/libc_nano.a(libc_a-nano-svfprintf.o)
 .rodata._Balloc.str1.1
                0x000000000800e53e       0x59 /Applications/STM32CubeIDE.app/Contents/Eclipse/plugins/com.st.stm32cube.ide.mcu.externaltools.gnu-tools-for-stm32.11.3.rel1.macos64_1.1.100.202310310803/tools/bin/../lib/gcc/arm-none-eabi/11.3.1/../../../../arm-none-eabi/lib/thumb/v7e-m+fp/hard/libc_nano.a(libc_a-mprec.o)
                                         0x70 (size before relaxing)
 .rodata.__multadd.str1.1
                0x000000000800e597       0x11 /Applications/STM32CubeIDE.app/Contents/Eclipse/plugins/com.st.stm32cube.ide.mcu.externaltools.gnu-tools-for-stm32.11.3.rel1.macos64_1.1.100.202310310803/tools/bin/../lib/gcc/arm-none-eabi/11.3.1/../../../../arm-none-eabi/lib/thumb/v7e-m+fp/hard/libc_nano.a(libc_a-mprec.o)
 *fill*         0x000000000800e597        0x1 
 .rodata.__mprec_bigtens
                0x000000000800e598       0x28 /Applications/STM32CubeIDE.app/Contents/Eclipse/plugins/com.st.stm32cube.ide.mcu.externaltools.gnu-tools-for-stm32.11.3.rel1.macos64_1.1.100.202310310803/tools/bin/../lib/gcc/arm-none-eabi/11.3.1/../../../../arm-none-eabi/lib/thumb/v7e-m+fp/hard/libc_nano.a(libc_a-mprec.o)
                0x000000000800e598                __mprec_bigtens
 .rodata.__mprec_tens
                0x000000000800e5c0       0xc8 /Applications/STM32CubeIDE.app/Contents/Eclipse/plugins/com.st.stm32cube.ide.mcu.externaltools.gnu-tools-for-stm32.11.3.rel1.macos64_1.1.100.202310310803/tools/bin/../lib/gcc/arm-none-eabi/11.3.1/../../../../arm-none-eabi/lib/thumb/v7e-m+fp/hard/libc_nano.a(libc_a-mprec.o)
                0x000000000800e5c0                __mprec_tens
 .rodata.p05.0  0x000000000800e688        0xc /Applications/STM32CubeIDE.app/Contents/Eclipse/plugins/com.st.stm32cube.ide.mcu.externaltools.gnu-tools-for-stm32.11.3.rel1.macos64_1.1.100.202310310803/tools/bin/../lib/gcc/arm-none-eabi/11.3.1/../../../../arm-none-eabi/lib/thumb/v7e-m+fp/hard/libc_nano.a(libc_a-mprec.o)
 .rodata._setlocale_r.str1.1