Archive member included to satisfy reference by file (symbol)

/Applications/STM32CubeIDE.app/Contents/Eclipse/plugins/com.st.stm32cube.ide.mcu.externaltools.gnu-tools-for-stm32.11.3.rel1.macos64_1.1.100.202310310803/tools/bin/../lib/gcc/arm-none-eabi/11.3.1/../../../../arm-none-eabi/lib/thumb/v7e-m+fp/hard/libc_nano.a(libc_a-exit.o)
                              /Applications/STM32CubeIDE.app/Contents/Eclipse/plugins/com.st.stm32cube.ide.mcu.externaltools.gnu-tools-for-stm32.11.3.rel1.macos64_1.1.100.202310310803/tools/bin/../lib/gcc/arm-none-eabi/11.3.1/../../../../arm-none-eabi/lib/thumb/v7e-m+fp/hard/crt0.o (exit)
/Applications/STM32CubeIDE.app/Contents/Eclipse/plugins/com.st.stm32cube.ide.mcu.externaltools.gnu-tools-for-stm32.11.3.rel1.macos64_1.1.100.202310310803/tools/bin/../lib/gcc/arm-none-eabi/11.3.1/../../../../arm-none-eabi/lib/thumb/v7e-m+fp/hard/libc_nano.a(libc_a-nano-vfprintf_float.o)
                              (_printf_float)
/Applications/STM32CubeIDE.app/Contents/Eclipse/plugins/com.st.stm32cube.ide.mcu.externaltools.gnu-tools-for-stm32.11.3.rel1.macos64_1.1.100.202310310803/tools/bin/../lib/gcc/arm-none-eabi/11.3.1/../../../../arm-none-eabi/lib/thumb/v7e-m+fp/hard/libc_nano.a(libc_a-nano-vfprintf_i.o)
                              /Applications/STM32CubeIDE.app/Contents/Eclipse/plugins/com.st.stm32cube.ide.mcu.externaltools.gnu-tools-for-stm32.11.3.rel1.macos64_1.1.100.202310310803/tools/bin/../lib/gcc/arm-none-eabi/11.3.1/../../../../arm-none-eabi/lib/thumb/v7e-m+fp/hard/libc_nano.a(libc_a-nano-vfprintf_float.o) (_printf_common)
/Applications/STM32CubeIDE.app/Contents/Eclipse/plugins/com.st.stm32cube.ide.mcu.externaltools.gnu-tools-for-stm32.11.3.rel1.macos64_1.1.100.202310310803/tools/bin/../lib/gcc/arm-none-eabi/11.3.1/../../../../arm-none-eabi/lib/thumb/v7e-m+fp/hard/libc_nano.a(libc_a-sprintf.o)
                              ./External Library/Src/custom_exception.o (sprintf)
/Applications/STM32CubeIDE.app/Contents/Eclipse/plugins/com.st.stm32cube.ide.mcu.externaltools.gnu-tools-for-stm32.11.3.rel1.macos64_1.1.100.202310310803/tools/bin/../lib/gcc/arm-none-eabi/11.3.1/../../../../arm-none-eabi/lib/thumb/v7e-m+fp/hard/libc_nano.a(libc_a-findfp.o)
                              /Applications/STM32CubeIDE.app/Contents/Eclipse/plugins/com.st.stm32cube.ide.mcu.externaltools.gnu-tools-for-stm32.11.3.rel1.macos64_1.1.100.202310310803/tools/bin/../lib/gcc/arm-none-eabi/11.3.1/../../../../arm-none-eabi/lib/thumb/v7e-m+fp/hard/libc_nano.a(libc_a-exit.o) (__stdio_exit_handler)
/Applications/STM32CubeIDE.app/Contents/Eclipse/plugins/com.st.stm32cube.ide.mcu.externaltools.gnu-tools-for-stm32.11.3.rel1.macos64_1.1.100.202310310803/tools/bin/../lib/gcc/arm-none-eabi/11.3.1/../../../../arm-none-eabi/lib/thumb/v7e-m+fp/hard/libc_nano.a(libc_a-fwalk.o)
                              /Applications/STM32CubeIDE.app/Contents/Eclipse/plugins/com.st.stm32cube.ide.mcu.externaltools.gnu-tools-for-stm32.11.3.rel1.macos64_1.1.100.202310310803/tools/bin/../lib/gcc/arm-none-eabi/11.3.1/../../../../arm-none-eabi/lib/thumb/v7e-m+fp/hard/libc_nano.a(libc_a-findfp.o) (_fwalk_sglue)
/Applications/STM32CubeIDE.app/Contents/Eclipse/plugins/com.st.stm32cube.ide.mcu.externaltools.gnu-tools-for-stm32.11.3.rel1.macos64_1.1.100.202310310803/tools/bin/../lib/gcc/arm-none-eabi/11.3.1/../../../../arm-none-eabi/lib/thumb/v7e-m+fp/hard/libc_nano.a(libc_a-vsprintf.o)
                              ./External Library/Src/custom_oled.o (vsprintf)
/Applications/STM32CubeIDE.app/Contents/Eclipse/plugins/com.st.stm32cube.ide.mcu.externaltools.gnu-tools-for-stm32.11.3.rel1.macos64_1.1.100.202310310803/tools/bin/../lib/gcc/arm-none-eabi/11.3.1/../../../../arm-none-eabi/lib/thumb/v7e-m+fp/hard/libc_nano.a(libc_a-memset.o)
                              /Applications/STM32CubeIDE.app/Contents/Eclipse/plugins/com.st.stm32cube.ide.mcu.externaltools.gnu-tools-for-stm32.11.3.rel1.macos64_1.1.100.202310310803/tools/bin/../lib/gcc/arm-none-eabi/11.3.1/../../../../arm-none-eabi/lib/thumb/v7e-m+fp/hard/crt0.o (memset)
/Applications/STM32CubeIDE.app/Contents/Eclipse/plugins/com.st.stm32cube.ide.mcu.externaltools.gnu-tools-for-stm32.11.3.rel1.macos64_1.1.100.202310310803/tools/bin/../lib/gcc/arm-none-eabi/11.3.1/../../../../arm-none-eabi/lib/thumb/v7e-m+fp/hard/libc_nano.a(libc_a-localeconv.o)
                              /Applications/STM32CubeIDE.app/Contents/Eclipse/plugins/com.st.stm32cube.ide.mcu.externaltools.gnu-tools-for-stm32.11.3.rel1.macos64_1.1.100.202310310803/tools/bin/../lib/gcc/arm-none-eabi/11.3.1/../../../../arm-none-eabi/lib/thumb/v7e-m+fp/hard/libc_nano.a(libc_a-nano-vfprintf_float.o) (_localeconv_r)
/Applications/STM32CubeIDE.app/Contents/Eclipse/plugins/com.st.stm32cube.ide.mcu.externaltools.gnu-tools-for-stm32.11.3.rel1.macos64_1.1.100.202310310803/tools/bin/../lib/gcc/arm-none-eabi/11.3.1/../../../../arm-none-eabi/lib/thumb/v7e-m+fp/hard/libc_nano.a(libc_a-impure.o)
[...]
Memory Configuration

Name             Origin             Length             Attributes
RAM              0x0000000020000000 0x0000000000020000 xrw
FLASH            0x0000000008000000 0x0000000000080000 xr
*default*        0x0000000000000000 0xffffffffffffffff

Linker script and memory map

LOAD /Applications/STM32CubeIDE.app/Contents/Eclipse/plugins/com.st.stm32cube.ide.mcu.externaltools.gnu-tools-for-stm32.11.3.rel1.macos64_1.1.100.202310310803/tools/bin/../lib/gcc/arm-none-eabi/11.3.1/thumb/v7e-m+fp/hard/crti.o
LOAD /Applications/STM32CubeIDE.app/Contents/Eclipse/plugins/com.st.stm32cube.ide.mcu.externaltools.gnu-tools-for-stm32.11.3.rel1.macos64_1.1.100.202310310803/tools/bin/../lib/gcc/arm-none-eabi/11.3.1/thumb/v7e-m+fp/hard/crtbegin.o
LOAD /Applications/STM32CubeIDE.app/Contents/Eclipse/plugins/com.st.stm32cube.ide.mcu.externaltools.gnu-tools-for-stm32.11.3.rel1.macos64_1.1.100.202310310803/tools/bin/../lib/gcc/arm-none-eabi/11.3.1/../../../../arm-none-eabi/lib/thumb/v7e-m+fp/hard/crt0.o
LOAD ./Core/Src/main.o
LOAD ./Core/Src/stm32f4xx_it.o
LOAD ./Core/Src/syscalls.o
LOAD ./Core/Src/sysmem.o
LOAD ./Core/Src/system_stm32f4xx.o
LOAD ./Core/Startup/startup_stm32f411retx.o
LOAD ./Drivers/STM32F4xx_HAL_Driver/Src/stm32f4xx_ll_adc.o
LOAD ./Drivers/STM32F4xx_HAL_Driver/Src/stm32f4xx_ll_dma.o
LOAD ./Drivers/STM32F4xx_HAL_Driver/Src/stm32f4xx_ll_exti.o
LOAD ./Drivers/STM32F4xx_HAL_Driver/Src/stm32f4xx_ll_gpio.o
LOAD ./Drivers/STM32F4xx_HAL_Driver/Src/stm32f4xx_ll_i2c.o
LOAD ./Drivers/STM32F4xx_HAL_Driver/Src/stm32f4xx_ll_rcc.o
LOAD ./Drivers/STM32F4xx_HAL_Driver/Src/stm32f4xx_ll_spi.o
LOAD ./Drivers/STM32F4xx_HAL_Driver/Src/stm32f4xx_ll_tim.o
LOAD ./Drivers/STM32F4xx_HAL_Driver/Src/stm32f4xx_ll_usart.o
LOAD ./Drivers/STM32F4xx_HAL_Driver/Src/stm32f4xx_ll_utils.o
LOAD ./External Library/Src/custom_exception.o
LOAD ./External Library/Src/custom_filesystem.o
LOAD ./External Library/Src/custom_flash.o
LOAD ./External Library/Src/custom_oled.o
LOAD ./External Library/Src/custom_switch.o
LOAD ./Main/Src/drive_data_tools.o
LOAD ./Main/Src/drive_def_var.o
LOAD ./Main/Src/drive_preset.o
LOAD ./Main/Src/first_drive.o
LOAD ./Main/Src/init.o
LOAD ./Main/Src/linetracer_test.o
LOAD ./Main/Src/motor.o
LOAD ./Main/Src/second_drive.o
LOAD ./Main/Src/sensor.o
START GROUP
LOAD /Applications/STM32CubeIDE.app/Contents/Eclipse/plugins/com.st.stm32cube.ide.mcu.externaltools.gnu-tools-for-stm32.11.3.rel1.macos64_1.1.100.202310310803/tools/bin/../lib/gcc/arm-none-eabi/11.3.1/../../../../arm-none-eabi/lib/thumb/v7e-m+fp/hard/libc_nano.a
LOAD /Applications/STM32CubeIDE.app/Contents/Eclipse/plugins/com.st.stm32cube.ide.mcu.externaltools.gnu-tools-for-stm32.11.3.rel1.macos64_1.1.100.202310310803/tools/bin/../lib/gcc/arm-none-eabi/11.3.1/../../../../arm-none-eabi/lib/thumb/v7e-m+fp/hard/libm.a
END GROUP
START GROUP
LOAD /Applications/STM32CubeIDE.app/Contents/Eclipse/plugins/com.st.stm32cube.ide.mcu.externaltools.gnu-tools-for-stm32.11.3.rel1.macos64_1.1.100.202310310803/tools/bin/../lib/gcc/arm-none-eabi/11.3.1/thumb/v7e-m+fp/hard/libgcc.a
LOAD /Applications/STM32CubeIDE.app/Contents/Eclipse/plugins/com.st.stm32cube.ide.mcu.externaltools.gnu-tools-for-stm32.11.3.rel1.macos64_1.1.100.202310310803/tools/bin/../lib/gcc/arm-none-eabi/11.3.1/../../../../arm-none-eabi/lib/thumb/v7e-m+fp/hard/libc_nano.a
END GROUP
START GROUP
LOAD /Applications/STM32CubeIDE.app/Contents/Eclipse/plugins/com.st.stm32cube.ide.mcu.externaltools.gnu-tools-for-stm32.11.3.rel1.macos64_1.1.100.202310310803/tools/bin/../lib/gcc/arm-none-eabi/11.3.1/thumb/v7e-m+fp/hard/libgcc.a
LOAD /Applications/STM32CubeIDE.app/Contents/Eclipse/plugins/com.st.stm32cube.ide.mcu.externaltools.gnu-tools-for-stm32.11.3.rel1.macos64_1.1.100.202310310803/tools/bin/../lib/gcc/arm-none-eabi/11.3.1/../../../../arm-none-eabi/lib/thumb/v7e-m+fp/hard/libc_nano.a
LOAD /Applications/STM32CubeIDE.app/Contents/Eclipse/plugins/com.st.stm32cube.ide.mcu.externaltools.gnu-tools-for-stm32.11.3.rel1.macos64_1.1.100.202310310803/tools/bin/../lib/gcc/arm-none-eabi/11.3.1/../../../../arm-none-eabi/lib/thumb/v7e-m+fp/hard/libnosys.a
END GROUP
START GROUP
LOAD /Applications/STM32CubeIDE.app/Contents/Eclipse/plugins/com.st.stm32cube.ide.mcu.externaltools.gnu-tools-for-stm32.11.3.rel1.macos64_1.1.100.202310310803/tools/bin/../lib/gcc/arm-none-eabi/11.3.1/thumb/v7e-m+fp/hard/libgcc.a
LOAD /Applications/STM32CubeIDE.app/Contents/Eclipse/plugins/com.st.stm32cube.ide.mcu.externaltools.gnu-tools-for-stm32.11.3.rel1.macos64_1.1.100.202310310803/tools/bin/../lib/gcc/arm-none-eabi/11.3.1/../../../../arm-none-eabi/lib/thumb/v7e-m+fp/hard/libc_nano.a
LOAD /Applications/STM32CubeIDE.app/Contents/Eclipse/plugins/com.st.stm32cube.ide.mcu.externaltools.gnu-tools-for-stm32.11.3.rel1.macos64_1.1.100.202310310803/tools/bin/../lib/gcc/arm-none-eabi/11.3.1/../../../../arm-none-eabi/lib/thumb/v7e-m+fp/hard/libnosys.a
END GROUP
LOAD /Applications/STM32CubeIDE.app/Contents/Eclipse/plugins/com.st.stm32cube.ide.mcu.externaltools.gnu-tools-for-stm32.11.3.rel1.macos64_1.1.100.202310310803/tools/bin/../lib/gcc/arm-none-eabi/11.3.1/thumb/v7e-m+fp/hard/crtend.o
LOAD /Applications/STM32CubeIDE.app/Contents/Eclipse/plugins/com.st.stm32cube.ide.mcu.externaltools.gnu-tools-for-stm32.11.3.rel1.macos64_1.1.100.202310310803/tools/bin/../lib/gcc/arm-none-eabi/11.3.1/thumb/v7e-m+fp/hard/crtn.o
                0x0000000020020000                _estack = (ORIGIN (RAM) + LENGTH (RAM))
                0x0000000000000200                _Min_Heap_Size = 0x200
                0x0000000000000400                _Min_Stack_Size = 0x400

.isr_vector     0x0000000008000000      0x198
                0x0000000008000000                . = ALIGN (0x4)
 *(.isr_vector)
 .isr_vector    0x0000000008000000      0x198 ./Core/Startup/startup_stm32f411retx.o
                0x0000000008000000                g_pfnVectors
                0x0000000008000198                . = ALIGN (0x4)

.text           0x00000000080001a0     0xc660
                0x00000000080001a0                . = ALIGN (0x4)
 *(.text)
 .text          0x00000000080001a0       0x40 /Applications/STM32CubeIDE.app/Contents/Eclipse/plugins/com.st.stm32cube.ide.mcu.externaltools.gnu-tools-for-stm32.11.3.rel1.macos64_1.1.100.202310310803/tools/bin/../lib/gcc/arm-none-eabi/11.3.1/thumb/v7e-m+fp/hard/crtbegin.o
 .text          0x00000000080001e0       0xa0 /Applications/STM32CubeIDE.app/Contents/Eclipse/plugins/com.st.stm32cube.ide.mcu.externaltools.gnu-tools-for-stm32.11.3.rel1.macos64_1.1.100.202310310803/tools/bin/../lib/gcc/arm-none-eabi/11.3.1/../../../../arm-none-eabi/lib/thumb/v7e-m+fp/hard/libc_nano.a(libc_a-memchr.o)
                0x00000000080001e0                memchr
 .text          0x0000000008000280       0x10 /Applications/STM32CubeIDE.app/Contents/Eclipse/plugins/com.st.stm32cube.ide.mcu.externaltools.gnu-tools-for-stm32.11.3.rel1.macos64_1.1.100.202310310803/tools/bin/../lib/gcc/arm-none-eabi/11.3.1/../../../../arm-none-eabi/lib/thumb/v7e-m+fp/hard/libc_nano.a(libc_a-strlen.o)
                0x0000000008000280                strlen
 .text          0x0000000008000290      0x378 /Applications/STM32CubeIDE.app/Contents/Eclipse/plugins/com.st.stm32cube.ide.mcu.externaltools.gnu-tools-for-stm32.11.3.rel1.macos64_1.1.100.202310310803/tools/bin/../lib/gcc/arm-none-eabi/11.3.1/thumb/v7e-m+fp/hard/libgcc.a(_arm_addsubdf3.o)
                0x0000000008000290                __aeabi_drsub
                0x0000000008000298                __subdf3
                0x0000000008000298                __aeabi_dsub
                0x000000000800029c                __aeabi_dadd
                0x000000000800029c                __adddf3
                0x0000000008000514                __aeabi_ui2d
                0x0000000008000514                __floatunsidf
                0x0000000008000534                __floatsidf
                0x0000000008000534                __aeabi_i2d
                0x0000000008000558                __extendsfdf2
                0x0000000008000558                __aeabi_f2d
                0x000000000800059c                __aeabi_ul2d
                0x000000000800059c                __floatundidf
                0x00000000080005ac                __aeabi_l2d
                0x00000000080005ac                __floatdidf
 .text          0x0000000008000608      0x424 /Applications/STM32CubeIDE.app/Contents/Eclipse/plugins/com.st.stm32cube.ide.mcu.externaltools.gnu-tools-for-stm32.11.3.rel1.macos64_1.1.100.202310310803/tools/bin/../lib/gcc/arm-none-eabi/11.3.1/thumb/v7e-m+fp/hard/libgcc.a(_arm_muldivdf3.o)
                0x0000000008000608                __aeabi_dmul
                0x0000000008000608                __muldf3
                0x000000000800085c                __aeabi_ddiv
                0x000000000800085c                __divdf3
 .text          0x0000000008000a2c      0x110 /Applications/STM32CubeIDE.app/Contents/Eclipse/plugins/com.st.stm32cube.ide.mcu.externaltools.gnu-tools-for-stm32.11.3.rel1.macos64_1.1.100.202310310803/tools/bin/../lib/gcc/arm-none-eabi/11.3.1/thumb/v7e-m+fp/hard/libgcc.a(_arm_cmpdf2.o)
                0x0000000008000a2c                __gedf2
                0x0000000008000a2c                __gtdf2
                0x0000000008000a34                __ledf2
                0x0000000008000a34                __ltdf2
                0x0000000008000a3c                __cmpdf2
                0x0000000008000a3c                __eqdf2
                0x0000000008000a3c                __nedf2
                0x0000000008000ab8                __aeabi_cdrcmple
                0x0000000008000ac8                __aeabi_cdcmple
                0x0000000008000ac8                __aeabi_cdcmpeq
                0x0000000008000ad8                __aeabi_dcmpeq
                0x0000000008000aec                __aeabi_dcmplt
                0x0000000008000b00                __aeabi_dcmple
                0x0000000008000b14                __aeabi_dcmpge
                0x0000000008000b28                __aeabi_dcmpgt
 .text          0x0000000008000b3c       0x2c /Applications/STM32CubeIDE.app/Contents/Eclipse/plugins/com.st.stm32cube.ide.mcu.externaltools.gnu-tools-for-stm32.11.3.rel1.macos64_1.1.100.202310310803/tools/bin/../lib/gcc/arm-none-eabi/11.3.1/thumb/v7e-m+fp/hard/libgcc.a(_arm_unorddf2.o)
                0x0000000008000b3c                __aeabi_dcmpun
                0x0000000008000b3c                __unorddf2
 .text          0x0000000008000b68       0x50 /Applications/STM32CubeIDE.app/Contents/Eclipse/plugins/com.st.stm32cube.ide.mcu.externaltools.gnu-tools-for-stm32.11.3.rel1.macos64_1.1.100.202310310803/tools/bin/../lib/gcc/arm-none-eabi/11.3.1/thumb/v7e-m+fp/hard/libgcc.a(_arm_fixdfsi.o)
                0x0000000008000b68                __fixdfsi
                0x0000000008000b68                __aeabi_d2iz
 .text          0x0000000008000bb8       0x30 /Applications/STM32CubeIDE.app/Contents/Eclipse/plugins/com.st.stm32cube.ide.mcu.externaltools.gnu-tools-for-stm32.11.3.rel1.macos64_1.1.100.202310310803/tools/bin/../lib/gcc/arm-none-eabi/11.3.1/thumb/v7e-m+fp/hard/libgcc.a(_aeabi_uldivmod.o)
                0x0000000008000bb8                __aeabi_uldivmod
 .text          0x0000000008000be8       0x28 /Applications/STM32CubeIDE.app/Contents/Eclipse/plugins/com.st.stm32cube.ide.mcu.externaltools.gnu-tools-for-stm32.11.3.rel1.macos64_1.1.100.202310310803/tools/bin/../lib/gcc/arm-none-eabi/11.3.1/thumb/v7e-m+fp/hard/libgcc.a(_popcountsi2.o)
                0x0000000008000be8                __popcountsi2
 .text          0x0000000008000c10      0x2c8 /Applications/STM32CubeIDE.app/Contents/Eclipse/plugins/com.st.stm32cube.ide.mcu.externaltools.gnu-tools-for-stm32.11.3.rel1.macos64_1.1.100.202310310803/tools/bin/../lib/gcc/arm-none-eabi/11.3.1/thumb/v7e-m+fp/hard/libgcc.a(_udivmoddi4.o)
                0x0000000008000c10                __udivmoddi4
 .text          0x0000000008000ed8        0x4 /Applications/STM32CubeIDE.app/Contents/Eclipse/plugins/com.st.stm32cube.ide.mcu.externaltools.gnu-tools-for-stm32.11.3.rel1.macos64_1.1.100.202310310803/tools/bin/../lib/gcc/arm-none-eabi/11.3.1/thumb/v7e-m+fp/hard/libgcc.a(_dvmd_tls.o)
                0x0000000008000ed8                __aeabi_ldiv0
                0x0000000008000ed8                __aeabi_idiv0
 *(.text*)
 .text.__NVIC_SetPriorityGrouping
                0x0000000008000edc       0x48 ./Core/Src/main.o
 .text.__NVIC_GetPriorityGrouping
                0x0000000008000f24       0x1c ./Core/Src/main.o
 .text.__NVIC_EnableIRQ
                0x0000000008000f40       0x3c ./Core/Src/main.o
 .text.__NVIC_SetPriority
                0x0000000008000f7c       0x54 ./Core/Src/main.o
 .text.NVIC_EncodePriority
                0x0000000008000fd0       0x66 ./Core/Src/main.o
 .text.LL_ADC_REG_SetSequencerRanks
                0x0000000008001036       0x6c ./Core/Src/main.o
 .text.LL_ADC_REG_SetFlagEndOfConversion
                0x00000000080010a2       0x26 ./Core/Src/main.o
 .text.LL_ADC_SetChannelSamplingTime
                0x00000000080010c8       0x98 ./Core/Src/main.o
 .text.LL_I2C_EnableClockStretching
                0x0000000008001160       0x20 ./Core/Src/main.o
 .text.LL_I2C_DisableGeneralCall
                0x0000000008001180       0x20 ./Core/Src/main.o
 .text.LL_I2C_SetOwnAddress2
                0x00000000080011a0       0x26 ./Core/Src/main.o
 .text.LL_I2C_DisableOwnAddress2
                0x00000000080011c6       0x20 ./Core/Src/main.o
 *fill*         0x00000000080011e6        0x2 
 .text.LL_RCC_HSI_Enable
                0x00000000080011e8       0x20 ./Core/Src/main.o
 .text.LL_RCC_HSI_IsReady
                0x0000000008001208       0x24 ./Core/Src/main.o
 .text.LL_RCC_HSI_SetCalibTrimming
                0x000000000800122c       0x2c ./Core/Src/main.o
 .text.LL_RCC_SetSysClkSource
                0x0000000008001258       0x28 ./Core/Src/main.o
 .text.LL_RCC_GetSysClkSource
                0x0000000008001280       0x1c ./Core/Src/main.o
 .text.LL_RCC_SetAHBPrescaler
                0x000000000800129c       0x28 ./Core/Src/main.o
 .text.LL_RCC_SetAPB1Prescaler
                0x00000000080012c4       0x28 ./Core/Src/main.o
 .text.LL_RCC_SetAPB2Prescaler
                0x00000000080012ec       0x28 ./Core/Src/main.o
 .text.LL_RCC_SetTIMPrescaler
                0x0000000008001314       0x2c ./Core/Src/main.o
 .text.LL_RCC_PLL_Enable
                0x0000000008001340       0x20 ./Core/Src/main.o
 .text.LL_RCC_PLL_IsReady
                0x0000000008001360       0x28 ./Core/Src/main.o
 .text.LL_RCC_PLL_ConfigDomain_SYS
                0x0000000008001388       0x4c ./Core/Src/main.o
 .text.LL_AHB1_GRP1_EnableClock
                0x00000000080013d4       0x30 ./Core/Src/main.o
 .text.LL_APB1_GRP1_EnableClock
                0x0000000008001404       0x30 ./Core/Src/main.o
 .text.LL_APB2_GRP1_EnableClock
                0x0000000008001434       0x30 ./Core/Src/main.o
 .text.LL_SYSCFG_SetEXTISource
                0x0000000008001464       0x5c ./Core/Src/main.o
 .text.LL_FLASH_SetLatency
                0x00000000080014c0       0x28 ./Core/Src/main.o
 .text.LL_FLASH_GetLatency
                0x00000000080014e8       0x1c ./Core/Src/main.o
 .text.LL_PWR_SetRegulVoltageScaling
                0x0000000008001504       0x28 ./Core/Src/main.o
 .text.LL_PWR_IsActiveFlag_VOS
                0x000000000800152c       0x28 ./Core/Src/main.o
 .text.LL_SPI_SetStandard
                0x0000000008001554       0x26 ./Core/Src/main.o
 .text.LL_TIM_SetOnePulseMode
                0x000000000800157a       0x26 ./Core/Src/main.o
 .text.LL_TIM_DisableARRPreload
                0x00000000080015a0       0x20 ./Core/Src/main.o
 .text.LL_TIM_OC_DisableFast
                0x00000000080015c0       0x8c ./Core/Src/main.o
 .text.LL_TIM_OC_EnablePreload
                0x000000000800164c       0x88 ./Core/Src/main.o
 .text.LL_TIM_IC_SetActiveInput
                0x00000000080016d4       0x9c ./Core/Src/main.o
 .text.LL_TIM_IC_SetPrescaler
                0x0000000008001770       0x9c ./Core/Src/main.o
 .text.LL_TIM_IC_SetFilter
                0x000000000800180c       0x9c ./Core/Src/main.o
 .text.LL_TIM_IC_SetPolarity
                0x00000000080018a8       0x88 ./Core/Src/main.o
 .text.LL_TIM_SetClockSource
                0x0000000008001930       0x2a ./Core/Src/main.o
 .text.LL_TIM_SetEncoderMode
                0x000000000800195a       0x26 ./Core/Src/main.o
 .text.LL_TIM_SetTriggerOutput
                0x0000000008001980       0x26 ./Core/Src/main.o
 .text.LL_TIM_DisableMasterSlaveMode
                0x00000000080019a6       0x20 ./Core/Src/main.o
 .text.LL_USART_Enable
                0x00000000080019c6       0x20 ./Core/Src/main.o
 .text.LL_USART_ConfigAsyncMode
                0x00000000080019e6       0x2c ./Core/Src/main.o
 .text.LL_GPIO_SetPinMode
                0x0000000008001a12       0x5e ./Core/Src/main.o
 .text.LL_GPIO_SetPinPull
                0x0000000008001a70       0x5e ./Core/Src/main.o
 .text.LL_GPIO_ResetOutputPin
                0x0000000008001ace       0x1e ./Core/Src/main.o
 .text.main     0x0000000008001aec       0x54 ./Core/Src/main.o
                0x0000000008001aec                main
 .text.SystemClock_Config
                0x0000000008001b40       0x9c ./Core/Src/main.o
                0x0000000008001b40                SystemClock_Config
 .text.MX_ADC1_Init
                0x0000000008001bdc       0xfc ./Core/Src/main.o
 .text.MX_I2C3_Init
                0x0000000008001cd8       0xdc ./Core/Src/main.o
 .text.MX_SPI2_Init
                0x0000000008001db4       0xa8 ./Core/Src/main.o
 .text.MX_TIM2_Init
                0x0000000008001e5c       0x6e ./Core/Src/main.o
 *fill*         0x0000000008001eca        0x2 
 .text.MX_TIM3_Init
                0x0000000008001ecc       0xf4 ./Core/Src/main.o
 .text.MX_TIM4_Init
                0x0000000008001fc0       0xf4 ./Core/Src/main.o
 .text.MX_TIM5_Init
                0x00000000080020b4       0x80 ./Core/Src/main.o
 .text.MX_TIM9_Init
                0x0000000008002134       0x74 ./Core/Src/main.o
 .text.MX_TIM10_Init
                0x00000000080021a8       0xcc ./Core/Src/main.o
 .text.MX_TIM11_Init
                0x0000000008002274       0xcc ./Core/Src/main.o
 .text.MX_USART2_UART_Init
                0x0000000008002340       0xa0 ./Core/Src/main.o
 .text.MX_GPIO_Init
                0x00000000080023e0      0x134 ./Core/Src/main.o
 .text.LL_ADC_REG_SetSequencerRanks
                0x0000000008002514       0x6c ./Core/Src/stm32f4xx_it.o
 .text.LL_ADC_REG_StartConversionSWStart
                0x0000000008002580       0x20 ./Core/Src/stm32f4xx_it.o
 .text.LL_ADC_REG_ReadConversionData12
                0x00000000080025a0       0x1a ./Core/Src/stm32f4xx_it.o
 .text.LL_ADC_IsActiveFlag_EOCS
                0x00000000080025ba       0x26 ./Core/Src/stm32f4xx_it.o
 .text.LL_ADC_ClearFlag_EOCS
                0x00000000080025e0       0x1c ./Core/Src/stm32f4xx_it.o
 .text.LL_TIM_ClearFlag_UPDATE
                0x00000000080025fc       0x1c ./Core/Src/stm32f4xx_it.o
 .text.Custom_GPIO_Set
                0x0000000008002618       0x3a ./Core/Src/stm32f4xx_it.o
 *fill*         0x0000000008002652        0x2 
 .text.ADC_Read
                0x0000000008002654       0x40 ./Core/Src/stm32f4xx_it.o
 .text.Sensor_ADC_Midian_Filter
                0x0000000008002694       0x7a ./Core/Src/stm32f4xx_it.o
 *fill*         0x000000000800270e        0x2 
 .text.Make_Sensor_Raw_Vals
                0x0000000008002710       0x5c ./Core/Src/stm32f4xx_it.o
 .text.Make_Sensor_Norm_Vals
                0x000000000800276c       0x94 ./Core/Src/stm32f4xx_it.o
 .text.Make_Sensor_State
                0x0000000008002800       0x70 ./Core/Src/stm32f4xx_it.o
 .text.Make_Voltage_Raw_Val
                0x0000000008002870       0x48 ./Core/Src/stm32f4xx_it.o
 .text.Make_Battery_Voltage
                0x00000000080028b8       0xe4 ./Core/Src/stm32f4xx_it.o
 .text.Sensor_TIM5_IRQ
                0x000000000800299c       0x90 ./Core/Src/stm32f4xx_it.o
 .text.Get_Encoder_Value_Gap
                0x0000000008002a2c       0x52 ./Core/Src/stm32f4xx_it.o
 *fill*         0x0000000008002a7e        0x2 
 .text.Motor_Speed_Control
                0x0000000008002a80      0x35c ./Core/Src/stm32f4xx_it.o
 .text.Drive_Speed_Accele_Control
                0x0000000008002ddc      0x110 ./Core/Src/stm32f4xx_it.o
 .text.Make_Limited_Position
                0x0000000008002eec       0x84 ./Core/Src/stm32f4xx_it.o
 .text.Drive_TIM9_IRQ
                0x0000000008002f70       0xc8 ./Core/Src/stm32f4xx_it.o
 .text.NMI_Handler
                0x0000000008003038        0x6 ./Core/Src/stm32f4xx_it.o
                0x0000000008003038                NMI_Handler
 .text.HardFault_Handler
                0x000000000800303e        0xa ./Core/Src/stm32f4xx_it.o
                0x000000000800303e                HardFault_Handler
 .text.MemManage_Handler
                0x0000000008003048        0xa ./Core/Src/stm32f4xx_it.o
                0x0000000008003048                MemManage_Handler
 .text.BusFault_Handler
                0x0000000008003052        0xa ./Core/Src/stm32f4xx_it.o
                0x0000000008003052                BusFault_Handler
 .text.UsageFault_Handler
                0x000000000800305c        0xa ./Core/Src/stm32f4xx_it.o
                0x000000000800305c                UsageFault_Handler
 .text.SVC_Handler
                0x0000000008003066        0xe ./Core/Src/stm32f4xx_it.o
                0x0000000008003066                SVC_Handler
 .text.DebugMon_Handler
                0x0000000008003074        0xe ./Core/Src/stm32f4xx_it.o
                0x0000000008003074                DebugMon_Handler
 .text.PendSV_Handler
                0x0000000008003082        0xe ./Core/Src/stm32f4xx_it.o
                0x0000000008003082                PendSV_Handler
 .text.SysTick_Handler
                0x0000000008003090       0x1c ./Core/Src/stm32f4xx_it.o
                0x0000000008003090                SysTick_Handler
 .text.TIM1_BRK_TIM9_IRQHandler
                0x00000000080030ac       0x18 ./Core/Src/stm32f4xx_it.o
                0x00000000080030ac                TIM1_BRK_TIM9_IRQHandler
 .text.TIM5_IRQHandler
                0x00000000080030c4       0x18 ./Core/Src/stm32f4xx_it.o
                0x00000000080030c4                TIM5_IRQHandler
 .text._getpid  0x00000000080030dc       0x10 ./Core/Src/syscalls.o
                0x00000000080030dc                _getpid
 .text._kill    0x00000000080030ec       0x20 ./Core/Src/syscalls.o
                0x00000000080030ec                _kill
 .text._exit    0x000000000800310c       0x14 ./Core/Src/syscalls.o
                0x000000000800310c                _exit
 .text._read    0x0000000008003120       0x3a ./Core/Src/syscalls.o
                0x0000000008003120                _read
 .text._write   0x000000000800315a       0x38 ./Core/Src/syscalls.o
                0x000000000800315a                _write
 .text._close   0x0000000008003192       0x18 ./Core/Src/syscalls.o
                0x0000000008003192                _close
 .text._fstat   0x00000000080031aa       0x20 ./Core/Src/syscalls.o
                0x00000000080031aa                _fstat
 .text._isatty  0x00000000080031ca       0x16 ./Core/Src/syscalls.o
                0x00000000080031ca                _isatty
 .text._lseek   0x00000000080031e0       0x1a ./Core/Src/syscalls.o
                0x00000000080031e0                _lseek
 *fill*         0x00000000080031fa        0x2 
 .text._sbrk    0x00000000080031fc       0x6c ./Core/Src/sysmem.o
                0x00000000080031fc                _sbrk
 .text.SystemInit
                0x0000000008003268       0x24 ./Core/Src/system_stm32f4xx.o
                0x0000000008003268                SystemInit
 .text.Reset_Handler
                0x000000000800328c       0x50 ./Core/Startup/startup_stm32f411retx.o
                0x000000000800328c                Reset_Handler
 .text.Default_Handler
                0x00000000080032dc        0x2 ./Core/Startup/startup_stm32f411retx.o
                0x00000000080032dc                DMA1_Stream3_IRQHandler
                0x00000000080032dc                EXTI2_IRQHandler
                0x00000000080032dc                SPI4_IRQHandler
                0x00000000080032dc                TIM1_CC_IRQHandler
                0x00000000080032dc                DMA2_Stream5_IRQHandler
                0x00000000080032dc                DMA1_Stream5_IRQHandler
                0x00000000080032dc                PVD_IRQHandler
                0x00000000080032dc                SDIO_IRQHandler
                0x00000000080032dc                TAMP_STAMP_IRQHandler
                0x00000000080032dc                EXTI3_IRQHandler
                0x00000000080032dc                TIM1_UP_TIM10_IRQHandler
                0x00000000080032dc                I2C3_ER_IRQHandler
                0x00000000080032dc                EXTI0_IRQHandler
                0x00000000080032dc                I2C2_EV_IRQHandler
                0x00000000080032dc                DMA1_Stream2_IRQHandler
                0x00000000080032dc                FPU_IRQHandler
                0x00000000080032dc                DMA2_Stream2_IRQHandler
                0x00000000080032dc                SPI1_IRQHandler
                0x00000000080032dc                DMA2_Stream3_IRQHandler
                0x00000000080032dc                USART6_IRQHandler
                0x00000000080032dc                DMA2_Stream0_IRQHandler
                0x00000000080032dc                TIM4_IRQHandler
                0x00000000080032dc                I2C1_EV_IRQHandler
                0x00000000080032dc                DMA1_Stream6_IRQHandler
                0x00000000080032dc                DMA1_Stream1_IRQHandler
                0x00000000080032dc                TIM3_IRQHandler
                0x00000000080032dc                RCC_IRQHandler
                0x00000000080032dc                Default_Handler
                0x00000000080032dc                EXTI15_10_IRQHandler
                0x00000000080032dc                ADC_IRQHandler
                0x00000000080032dc                DMA1_Stream7_IRQHandler
                0x00000000080032dc                SPI5_IRQHandler
                0x00000000080032dc                DMA2_Stream7_IRQHandler
                0x00000000080032dc                I2C3_EV_IRQHandler
                0x00000000080032dc                EXTI9_5_IRQHandler
                0x00000000080032dc                RTC_WKUP_IRQHandler
                0x00000000080032dc                SPI2_IRQHandler
                0x00000000080032dc                DMA1_Stream0_IRQHandler
                0x00000000080032dc                EXTI4_IRQHandler
                0x00000000080032dc                WWDG_IRQHandler
                0x00000000080032dc                TIM2_IRQHandler
                0x00000000080032dc                OTG_FS_WKUP_IRQHandler
                0x00000000080032dc                TIM1_TRG_COM_TIM11_IRQHandler
                0x00000000080032dc                EXTI1_IRQHandler
                0x00000000080032dc                USART2_IRQHandler
                0x00000000080032dc                I2C2_ER_IRQHandler
                0x00000000080032dc                DMA2_Stream1_IRQHandler
                0x00000000080032dc                FLASH_IRQHandler
                0x00000000080032dc                DMA2_Stream4_IRQHandler
                0x00000000080032dc                USART1_IRQHandler
                0x00000000080032dc                OTG_FS_IRQHandler
                0x00000000080032dc                SPI3_IRQHandler
                0x00000000080032dc                DMA1_Stream4_IRQHandler
                0x00000000080032dc                I2C1_ER_IRQHandler
                0x00000000080032dc                DMA2_Stream6_IRQHandler
                0x00000000080032dc                RTC_Alarm_IRQHandler
 .text.LL_ADC_SetCommonClock
                0x00000000080032de       0x26 ./Drivers/STM32F4xx_HAL_Driver/Src/stm32f4xx_ll_adc.o
 .text.LL_ADC_REG_SetSequencerLength
                0x0000000008003304       0x26 ./Drivers/STM32F4xx_HAL_Driver/Src/stm32f4xx_ll_adc.o
 .text.LL_ADC_IsEnabled
                0x000000000800332a       0x26 ./Drivers/STM32F4xx_HAL_Driver/Src/stm32f4xx_ll_adc.o
 .text.LL_ADC_CommonInit
                0x0000000008003350       0x3c ./Drivers/STM32F4xx_HAL_Driver/Src/stm32f4xx_ll_adc.o
                0x0000000008003350                LL_ADC_CommonInit
 .text.LL_ADC_Init
                0x000000000800338c       0x58 ./Drivers/STM32F4xx_HAL_Driver/Src/stm32f4xx_ll_adc.o
                0x000000000800338c                LL_ADC_Init
 .text.LL_ADC_REG_Init
                0x00000000080033e4       0x84 ./Drivers/STM32F4xx_HAL_Driver/Src/stm32f4xx_ll_adc.o
                0x00000000080033e4                LL_ADC_REG_Init
 .text.LL_EXTI_EnableIT_0_31
                0x0000000008003468       0x24 ./Drivers/STM32F4xx_HAL_Driver/Src/stm32f4xx_ll_exti.o
 .text.LL_EXTI_DisableIT_0_31
                0x000000000800348c       0x28 ./Drivers/STM32F4xx_HAL_Driver/Src/stm32f4xx_ll_exti.o
 .text.LL_EXTI_EnableEvent_0_31
                0x00000000080034b4       0x24 ./Drivers/STM32F4xx_HAL_Driver/Src/stm32f4xx_ll_exti.o
 .text.LL_EXTI_DisableEvent_0_31
                0x00000000080034d8       0x28 ./Drivers/STM32F4xx_HAL_Driver/Src/stm32f4xx_ll_exti.o
 .text.LL_EXTI_EnableRisingTrig_0_31
                0x0000000008003500       0x24 ./Drivers/STM32F4xx_HAL_Driver/Src/stm32f4xx_ll_exti.o
 .text.LL_EXTI_DisableRisingTrig_0_31
                0x0000000008003524       0x28 ./Drivers/STM32F4xx_HAL_Driver/Src/stm32f4xx_ll_exti.o
 .text.LL_EXTI_EnableFallingTrig_0_31
                0x000000000800354c       0x24 ./Drivers/STM32F4xx_HAL_Driver/Src/stm32f4xx_ll_exti.o
 .text.LL_EXTI_DisableFallingTrig_0_31
                0x0000000008003570       0x28 ./Drivers/STM32F4xx_HAL_Driver/Src/stm32f4xx_ll_exti.o
 .text.LL_EXTI_Init
                0x0000000008003598       0xfe ./Drivers/STM32F4xx_HAL_Driver/Src/stm32f4xx_ll_exti.o
                0x0000000008003598                LL_EXTI_Init
 .text.LL_GPIO_SetPinMode
                0x0000000008003696       0x5e ./Drivers/STM32F4xx_HAL_Driver/Src/stm32f4xx_ll_gpio.o
 .text.LL_GPIO_SetPinOutputType
                0x00000000080036f4       0x30 ./Drivers/STM32F4xx_HAL_Driver/Src/stm32f4xx_ll_gpio.o
 .text.LL_GPIO_SetPinSpeed
                0x0000000008003724       0x5e ./Drivers/STM32F4xx_HAL_Driver/Src/stm32f4xx_ll_gpio.o
 .text.LL_GPIO_SetPinPull
                0x0000000008003782       0x5e ./Drivers/STM32F4xx_HAL_Driver/Src/stm32f4xx_ll_gpio.o
 .text.LL_GPIO_SetAFPin_0_7
                0x00000000080037e0       0x5e ./Drivers/STM32F4xx_HAL_Driver/Src/stm32f4xx_ll_gpio.o
 .text.LL_GPIO_SetAFPin_8_15
                0x000000000800383e       0x62 ./Drivers/STM32F4xx_HAL_Driver/Src/stm32f4xx_ll_gpio.o
 .text.LL_GPIO_Init
                0x00000000080038a0       0xe6 ./Drivers/STM32F4xx_HAL_Driver/Src/stm32f4xx_ll_gpio.o
                0x00000000080038a0                LL_GPIO_Init
 .text.LL_I2C_Enable
                0x0000000008003986       0x20 ./Drivers/STM32F4xx_HAL_Driver/Src/stm32f4xx_ll_i2c.o
 .text.LL_I2C_Disable
                0x00000000080039a6       0x20 ./Drivers/STM32F4xx_HAL_Driver/Src/stm32f4xx_ll_i2c.o
 .text.LL_I2C_ConfigFilters
                0x00000000080039c6       0x2c ./Drivers/STM32F4xx_HAL_Driver/Src/stm32f4xx_ll_i2c.o
 .text.LL_I2C_SetOwnAddress1
                0x00000000080039f2       0x30 ./Drivers/STM32F4xx_HAL_Driver/Src/stm32f4xx_ll_i2c.o
 *fill*         0x0000000008003a22        0x2 
 .text.LL_I2C_ConfigSpeed
                0x0000000008003a24      0x130 ./Drivers/STM32F4xx_HAL_Driver/Src/stm32f4xx_ll_i2c.o
 .text.LL_I2C_SetMode
                0x0000000008003b54       0x26 ./Drivers/STM32F4xx_HAL_Driver/Src/stm32f4xx_ll_i2c.o
 .text.LL_I2C_AcknowledgeNextData
                0x0000000008003b7a       0x26 ./Drivers/STM32F4xx_HAL_Driver/Src/stm32f4xx_ll_i2c.o
 .text.LL_I2C_Init
                0x0000000008003ba0       0x72 ./Drivers/STM32F4xx_HAL_Driver/Src/stm32f4xx_ll_i2c.o
                0x0000000008003ba0                LL_I2C_Init
 *fill*         0x0000000008003c12        0x2 
 .text.LL_RCC_GetSysClkSource
                0x0000000008003c14       0x1c ./Drivers/STM32F4xx_HAL_Driver/Src/stm32f4xx_ll_rcc.o
 .text.LL_RCC_GetAHBPrescaler
                0x0000000008003c30       0x1c ./Drivers/STM32F4xx_HAL_Driver/Src/stm32f4xx_ll_rcc.o
 .text.LL_RCC_GetAPB1Prescaler
                0x0000000008003c4c       0x1c ./Drivers/STM32F4xx_HAL_Driver/Src/stm32f4xx_ll_rcc.o
 .text.LL_RCC_GetAPB2Prescaler
                0x0000000008003c68       0x1c ./Drivers/STM32F4xx_HAL_Driver/Src/stm32f4xx_ll_rcc.o
 .text.LL_RCC_PLL_GetMainSource
                0x0000000008003c84       0x1c ./Drivers/STM32F4xx_HAL_Driver/Src/stm32f4xx_ll_rcc.o
 .text.LL_RCC_PLL_GetN
                0x0000000008003ca0       0x1c ./Drivers/STM32F4xx_HAL_Driver/Src/stm32f4xx_ll_rcc.o
 .text.LL_RCC_PLL_GetP
                0x0000000008003cbc       0x1c ./Drivers/STM32F4xx_HAL_Driver/Src/stm32f4xx_ll_rcc.o
 .text.LL_RCC_PLL_GetDivider
                0x0000000008003cd8       0x1c ./Drivers/STM32F4xx_HAL_Driver/Src/stm32f4xx_ll_rcc.o
 .text.LL_RCC_GetSystemClocksFreq
                0x0000000008003cf4       0x4a ./Drivers/STM32F4xx_HAL_Driver/Src/stm32f4xx_ll_rcc.o
                0x0000000008003cf4                LL_RCC_GetSystemClocksFreq
 *fill*         0x0000000008003d3e        0x2 
 .text.RCC_GetSystemClockFreq
                0x0000000008003d40       0x50 ./Drivers/STM32F4xx_HAL_Driver/Src/stm32f4xx_ll_rcc.o
                0x0000000008003d40                RCC_GetSystemClockFreq
 .text.RCC_GetHCLKClockFreq
                0x0000000008003d90       0x2c ./Drivers/STM32F4xx_HAL_Driver/Src/stm32f4xx_ll_rcc.o
                0x0000000008003d90                RCC_GetHCLKClockFreq
 .text.RCC_GetPCLK1ClockFreq
                0x0000000008003dbc       0x28 ./Drivers/STM32F4xx_HAL_Driver/Src/stm32f4xx_ll_rcc.o
                0x0000000008003dbc                RCC_GetPCLK1ClockFreq
 .text.RCC_GetPCLK2ClockFreq
                0x0000000008003de4       0x28 ./Drivers/STM32F4xx_HAL_Driver/Src/stm32f4xx_ll_rcc.o
                0x0000000008003de4                RCC_GetPCLK2ClockFreq
 .text.RCC_PLL_GetFreqDomain_SYS
                0x0000000008003e0c       0x7c ./Drivers/STM32F4xx_HAL_Driver/Src/stm32f4xx_ll_rcc.o
                0x0000000008003e0c                RCC_PLL_GetFreqDomain_SYS
 .text.LL_SPI_IsEnabled
                0x0000000008003e88       0x26 ./Drivers/STM32F4xx_HAL_Driver/Src/stm32f4xx_ll_spi.o
 .text.LL_SPI_SetCRCPolynomial
                0x0000000008003eae       0x20 ./Drivers/STM32F4xx_HAL_Driver/Src/stm32f4xx_ll_spi.o
 .text.LL_SPI_Init
                0x0000000008003ece       0xa4 ./Drivers/STM32F4xx_HAL_Driver/Src/stm32f4xx_ll_spi.o
                0x0000000008003ece                LL_SPI_Init
 .text.LL_TIM_SetPrescaler
                0x0000000008003f72       0x1c ./Drivers/STM32F4xx_HAL_Driver/Src/stm32f4xx_ll_tim.o
 .text.LL_TIM_SetAutoReload
                0x0000000008003f8e       0x1c ./Drivers/STM32F4xx_HAL_Driver/Src/stm32f4xx_ll_tim.o
 .text.LL_TIM_SetRepetitionCounter
                0x0000000008003faa       0x1c ./Drivers/STM32F4xx_HAL_Driver/Src/stm32f4xx_ll_tim.o
 .text.LL_TIM_OC_SetCompareCH1
                0x0000000008003fc6       0x1c ./Drivers/STM32F4xx_HAL_Driver/Src/stm32f4xx_ll_tim.o
 .text.LL_TIM_OC_SetCompareCH2
                0x0000000008003fe2       0x1c ./Drivers/STM32F4xx_HAL_Driver/Src/stm32f4xx_ll_tim.o
 .text.LL_TIM_OC_SetCompareCH3
                0x0000000008003ffe       0x1c ./Drivers/STM32F4xx_HAL_Driver/Src/stm32f4xx_ll_tim.o
 .text.LL_TIM_OC_SetCompareCH4
                0x000000000800401a       0x1c ./Drivers/STM32F4xx_HAL_Driver/Src/stm32f4xx_ll_tim.o
 .text.LL_TIM_GenerateEvent_UPDATE
                0x0000000008004036       0x20 ./Drivers/STM32F4xx_HAL_Driver/Src/stm32f4xx_ll_tim.o
 *fill*         0x0000000008004056        0x2 
 .text.LL_TIM_Init
                0x0000000008004058       0xf4 ./Drivers/STM32F4xx_HAL_Driver/Src/stm32f4xx_ll_tim.o
                0x0000000008004058                LL_TIM_Init
 .text.LL_TIM_OC_Init
                0x000000000800414c       0x82 ./Drivers/STM32F4xx_HAL_Driver/Src/stm32f4xx_ll_tim.o
                0x000000000800414c                LL_TIM_OC_Init
 *fill*         0x00000000080041ce        0x2 
 .text.OC1Config
                0x00000000080041d0       0xcc ./Drivers/STM32F4xx_HAL_Driver/Src/stm32f4xx_ll_tim.o
 .text.OC2Config
                0x000000000800429c       0xd4 ./Drivers/STM32F4xx_HAL_Driver/Src/stm32f4xx_ll_tim.o
 .text.OC3Config
                0x0000000008004370       0xd4 ./Drivers/STM32F4xx_HAL_Driver/Src/stm32f4xx_ll_tim.o
 .text.OC4Config
                0x0000000008004444       0xa4 ./Drivers/STM32F4xx_HAL_Driver/Src/stm32f4xx_ll_tim.o
 .text.LL_USART_IsEnabled
                0x00000000080044e8       0x28 ./Drivers/STM32F4xx_HAL_Driver/Src/stm32f4xx_ll_usart.o
 .text.LL_USART_SetStopBitsLength
                0x0000000008004510       0x26 ./Drivers/STM32F4xx_HAL_Driver/Src/stm32f4xx_ll_usart.o
 .text.LL_USART_SetHWFlowCtrl
                0x0000000008004536       0x26 ./Drivers/STM32F4xx_HAL_Driver/Src/stm32f4xx_ll_usart.o
 .text.LL_USART_SetBaudRate
                0x000000000800455c      0x45c ./Drivers/STM32F4xx_HAL_Driver/Src/stm32f4xx_ll_usart.o
 .text.LL_USART_Init
                0x00000000080049b8       0xc8 ./Drivers/STM32F4xx_HAL_Driver/Src/stm32f4xx_ll_usart.o
                0x00000000080049b8                LL_USART_Init
 .text.LL_InitTick
                0x0000000008004a80       0x34 ./Drivers/STM32F4xx_HAL_Driver/Src/stm32f4xx_ll_utils.o
 .text.LL_Init1msTick
                0x0000000008004ab4       0x1a ./Drivers/STM32F4xx_HAL_Driver/Src/stm32f4xx_ll_utils.o
                0x0000000008004ab4                LL_Init1msTick
 *fill*         0x0000000008004ace        0x2 
 .text.LL_SetSystemCoreClock
                0x0000000008004ad0       0x20 ./Drivers/STM32F4xx_HAL_Driver/Src/stm32f4xx_ll_utils.o
                0x0000000008004ad0                LL_SetSystemCoreClock
 .text.__Custom_Exception_Set_Message
                0x0000000008004af0       0x38 ./External Library/Src/custom_exception.o
                0x0000000008004af0                __Custom_Exception_Set_Message
 .text.Custom_FileSystem_Load
                0x0000000008004b28       0x20 ./External Library/Src/custom_filesystem.o
                0x0000000008004b28                Custom_FileSystem_Load
 .text.Custom_Flash_Check_Error
                0x0000000008004b48       0x90 ./External Library/Src/custom_flash.o
                0x0000000008004b48                Custom_Flash_Check_Error
 .text.Custom_Flash_Read
                0x0000000008004bd8       0x64 ./External Library/Src/custom_flash.o
                0x0000000008004bd8                Custom_Flash_Read
 .text.LL_SPI_Enable
                0x0000000008004c3c       0x20 ./External Library/Src/custom_oled.o
 .text.LL_SPI_SetTransferDirection
                0x0000000008004c5c       0x26 ./External Library/Src/custom_oled.o
 .text.LL_SPI_IsActiveFlag_TXE
                0x0000000008004c82       0x26 ./External Library/Src/custom_oled.o
 .text.LL_SPI_IsActiveFlag_BSY
                0x0000000008004ca8       0x26 ./External Library/Src/custom_oled.o
 .text.LL_SPI_TransmitData8
                0x0000000008004cce       0x24 ./External Library/Src/custom_oled.o
 .text.Custom_GPIO_Set
                0x0000000008004cf2       0x3a ./External Library/Src/custom_oled.o
 .text.Custom_OLED_SPI_Tramsnit_Blocking
                0x0000000008004d2c       0x40 ./External Library/Src/custom_oled.o
 .text.Custom_OLED_Write_Command
                0x0000000008004d6c       0x5c ./External Library/Src/custom_oled.o
 .text.Custom_OLED_Write_Data
                0x0000000008004dc8       0x74 ./External Library/Src/custom_oled.o
 .text.Custom_OLED_Set_Window
                0x0000000008004e3c       0x4a ./External Library/Src/custom_oled.o
 .text.Custom_OLED_Clear
                0x0000000008004e86       0x3e ./External Library/Src/custom_oled.o
                0x0000000008004e86                Custom_OLED_Clear
 .text.Custom_OLED_Init
                0x0000000008004ec4       0x4c ./External Library/Src/custom_oled.o
                0x0000000008004ec4                Custom_OLED_Init
 .text.Custom_OLED_Putchar
                0x0000000008004f10      0x140 ./External Library/Src/custom_oled.o
                0x0000000008004f10                Custom_OLED_Putchar
 .text.Custom_OLED_Printf
                0x0000000008005050      0x4c8 ./External Library/Src/custom_oled.o
                0x0000000008005050                Custom_OLED_Printf
 .text.LL_GPIO_ReadInputPort
                0x0000000008005518       0x18 ./External Library/Src/custom_switch.o
 .text.Custom_Delay_Get_SysTick
                0x0000000008005530       0x18 ./External Library/Src/custom_switch.o
 .text.Custom_Switch_Init_ButtonState
                0x0000000008005548       0x36 ./External Library/Src/custom_switch.o
 *fill*         0x000000000800557e        0x2 
 .text.Custom_Switch_State_Machine
                0x0000000008005580      0x130 ./External Library/Src/custom_switch.o
 .text.Custom_Switch_Read
                0x00000000080056b0      0x180 ./External Library/Src/custom_switch.o
                0x00000000080056b0                Custom_Switch_Read
 .text.Print_Drive_Data
                0x0000000008005830      0x27c ./Main/Src/drive_data_tools.o
                0x0000000008005830                Print_Drive_Data
 .text.Pre_Drive_Setting
                0x0000000008005aac       0x20 ./Main/Src/drive_preset.o
                0x0000000008005aac                Pre_Drive_Setting
 .text.Pre_Drive_Var_Adjust_First_Drive
                0x0000000008005acc       0x5c ./Main/Src/drive_preset.o
 .text.Pre_Drive_Var_Adjust_Second_Drive
                0x0000000008005b28      0x164 ./Main/Src/drive_preset.o
 .text.Pre_Drive_Var_Adjust_Switch_Cntl
                0x0000000008005c8c      0x290 ./Main/Src/drive_preset.o
 .text.Pre_Drive_Var_Init
                0x0000000008005f1c      0x248 ./Main/Src/drive_preset.o
                0x0000000008005f1c                Pre_Drive_Var_Init
 .text.Position_Windowing
                0x0000000008006164       0x60 ./Main/Src/first_drive.o
 .text.Sum_Position_Val
                0x00000000080061c4       0x78 ./Main/Src/first_drive.o
 .text.Make_Position_Val
                0x000000000800623c       0x38 ./Main/Src/first_drive.o
 .text.Positioning
                0x0000000008006274       0x5a ./Main/Src/first_drive.o
 .text.Custom_Delay_us
                0x00000000080062ce       0x50 ./Main/Src/first_drive.o
 .text.Custom_Delay_ms
                0x000000000800631e       0x20 ./Main/Src/first_drive.o
 *fill*         0x000000000800633e        0x2 
 .text.Drive_Fit_In
                0x0000000008006340       0xb0 ./Main/Src/first_drive.o
 .text.Is_Drive_End
                0x00000000080063f0       0x90 ./Main/Src/first_drive.o
 .text.Mark_Masking
                0x0000000008006480       0xf0 ./Main/Src/first_drive.o
 .text.Mark_Accumming
                0x0000000008006570       0xd0 ./Main/Src/first_drive.o
 .text.Mark_Accumming_Reset
                0x0000000008006640       0x18 ./Main/Src/first_drive.o
 .text.Is_Line_Out
                0x0000000008006658       0x24 ./Main/Src/first_drive.o
 .text.Is_Passed_Marker
                0x000000000800667c       0x30 ./Main/Src/first_drive.o
 .text.Decision
                0x00000000080066ac       0x90 ./Main/Src/first_drive.o
 .text.Drive_State_Machine
                0x000000000800673c      0x164 ./Main/Src/first_drive.o
 .text.First_Drive
                0x00000000080068a0       0x64 ./Main/Src/first_drive.o
                0x00000000080068a0                First_Drive
 .text.First_Drive_Cntl
                0x0000000008006904      0x108 ./Main/Src/first_drive.o
 .text.Set_First_Drive_Data
                0x0000000008006a0c       0xc8 ./Main/Src/first_drive.o
 .text.First_Drive_Data_Cntl
                0x0000000008006ad4      0x17c ./Main/Src/first_drive.o
 .text.First_Drive_Data_Update_Cntl
                0x0000000008006c50      0x144 ./Main/Src/first_drive.o
 .text.LL_USART_Enable
                0x0000000008006d94       0x20 ./Main/Src/init.o
 .text.LL_USART_IsActiveFlag_TXE
                0x0000000008006db4       0x26 ./Main/Src/init.o
 .text.LL_USART_TransmitData8
                0x0000000008006dda       0x1e ./Main/Src/init.o
 .text.Custom_Delay_us
                0x0000000008006df8       0x50 ./Main/Src/init.o
 .text.Custom_Delay_ms
                0x0000000008006e48       0x20 ./Main/Src/init.o
 .text.Custom_Delay_Init_SysTick
                0x0000000008006e68       0x28 ./Main/Src/init.o
 .text.__io_putchar
                0x0000000008006e90       0x30 ./Main/Src/init.o
                0x0000000008006e90                __io_putchar
 .text.Init     0x0000000008006ec0      0x128 ./Main/Src/init.o
                0x0000000008006ec0                Init
 .text.LL_TIM_EnableCounter
                0x0000000008006fe8       0x20 ./Main/Src/linetracer_test.o
 .text.LL_TIM_DisableCounter
                0x0000000008007008       0x20 ./Main/Src/linetracer_test.o
 .text.LL_TIM_CC_EnableChannel
                0x0000000008007028       0x22 ./Main/Src/linetracer_test.o
 .text.LL_TIM_CC_DisableChannel
                0x000000000800704a       0x24 ./Main/Src/linetracer_test.o
 .text.LL_TIM_OC_SetCompareCH2
                0x000000000800706e       0x1c ./Main/Src/linetracer_test.o
 .text.Custom_GPIO_Set
                0x000000000800708a       0x3a ./Main/Src/linetracer_test.o
 .text.Position_Windowing
                0x00000000080070c4       0x60 ./Main/Src/linetracer_test.o
 .text.Sum_Position_Val
                0x0000000008007124       0x78 ./Main/Src/linetracer_test.o
 .text.Make_Position_Val
                0x000000000800719c       0x38 ./Main/Src/linetracer_test.o
 .text.Positioning
                0x00000000080071d4       0x5a ./Main/Src/linetracer_test.o
 *fill*         0x000000000800722e        0x2 
 .text.Mark_Masking
                0x0000000008007230       0xf0 ./Main/Src/linetracer_test.o
 .text.Mark_Accumming
                0x0000000008007320       0xd0 ./Main/Src/linetracer_test.o
 .text.Mark_Accumming_Reset
                0x00000000080073f0       0x18 ./Main/Src/linetracer_test.o
 .text.Is_Line_Out
                0x0000000008007408       0x24 ./Main/Src/linetracer_test.o
 .text.Is_Passed_Marker
                0x000000000800742c       0x30 ./Main/Src/linetracer_test.o
 .text.Decision
                0x000000000800745c       0x90 ./Main/Src/linetracer_test.o
 .text.Drive_State_Machine
                0x00000000080074ec      0x164 ./Main/Src/linetracer_test.o
 .text.Sensor_Test_Raw
                0x0000000008007650       0xe0 ./Main/Src/linetracer_test.o
                0x0000000008007650                Sensor_Test_Raw
 .text.Sensor_Test_Normalized
                0x0000000008007730       0xe0 ./Main/Src/linetracer_test.o
                0x0000000008007730                Sensor_Test_Normalized
 .text.Sensor_Test_State
                0x0000000008007810      0x19c ./Main/Src/linetracer_test.o
                0x0000000008007810                Sensor_Test_State
 .text.Battery_Test_Voltage
                0x00000000080079ac       0x40 ./Main/Src/linetracer_test.o
                0x00000000080079ac                Battery_Test_Voltage
 .text.MotorR_Test_Duty
                0x00000000080079ec      0x188 ./Main/Src/linetracer_test.o
                0x00000000080079ec                MotorR_Test_Duty
 .text.MotorL_Test_Duty
                0x0000000008007b74      0x188 ./Main/Src/linetracer_test.o
                0x0000000008007b74                MotorL_Test_Duty
 .text.MotorL_Test_PD
                0x0000000008007cfc      0x168 ./Main/Src/linetracer_test.o
                0x0000000008007cfc                MotorL_Test_PD
 .text.MotorR_Test_PD
                0x0000000008007e64      0x168 ./Main/Src/linetracer_test.o
                0x0000000008007e64                MotorR_Test_PD
 .text.Motor_Test_Speed
                0x0000000008007fcc      0x108 ./Main/Src/linetracer_test.o
                0x0000000008007fcc                Motor_Test_Speed
 .text.Drive_Test_Position
                0x00000000080080d4       0xec ./Main/Src/linetracer_test.o
                0x00000000080080d4                Drive_Test_Position
 .text.Mark_Live_Test
                0x00000000080081c0      0x2fc ./Main/Src/linetracer_test.o
                0x00000000080081c0                Mark_Live_Test
 .text.LL_TIM_EnableCounter
                0x00000000080084bc       0x20 ./Main/Src/motor.o
 .text.LL_TIM_DisableCounter
                0x00000000080084dc       0x20 ./Main/Src/motor.o
 .text.LL_TIM_CC_EnableChannel
                0x00000000080084fc       0x22 ./Main/Src/motor.o
 .text.LL_TIM_CC_DisableChannel
                0x000000000800851e       0x24 ./Main/Src/motor.o
 .text.LL_TIM_OC_SetCompareCH2
                0x0000000008008542       0x1c ./Main/Src/motor.o
 .text.LL_TIM_EnableIT_UPDATE
                0x000000000800855e       0x20 ./Main/Src/motor.o
 .text.LL_TIM_DisableIT_UPDATE
                0x000000000800857e       0x20 ./Main/Src/motor.o
 *fill*         0x000000000800859e        0x2 
 .text.MotorL_Start
                0x00000000080085a0       0x2c ./Main/Src/motor.o
                0x00000000080085a0                MotorL_Start
 .text.MotorR_Start
                0x00000000080085cc       0x2c ./Main/Src/motor.o
                0x00000000080085cc                MotorR_Start
 .text.Motor_Start
                0x00000000080085f8       0x10 ./Main/Src/motor.o
                0x00000000080085f8                Motor_Start
 .text.MotorL_Power_Off
                0x0000000008008608       0x18 ./Main/Src/motor.o
                0x0000000008008608                MotorL_Power_Off
 .text.MotorR_Power_Off
                0x0000000008008620       0x18 ./Main/Src/motor.o
                0x0000000008008620                MotorR_Power_Off
 .text.Motor_Power_Off
                0x0000000008008638       0x10 ./Main/Src/motor.o
                0x0000000008008638                Motor_Power_Off
 .text.MotorL_Stop
                0x0000000008008648       0x28 ./Main/Src/motor.o
                0x0000000008008648                MotorL_Stop
 .text.MotorR_Stop
                0x0000000008008670       0x28 ./Main/Src/motor.o
                0x0000000008008670                MotorR_Stop
 .text.Motor_Stop
                0x0000000008008698       0x10 ./Main/Src/motor.o
                0x0000000008008698                Motor_Stop
 .text.Speed_Control_Start
                0x00000000080086a8       0x18 ./Main/Src/motor.o
                0x00000000080086a8                Speed_Control_Start
 .text.Speed_Control_Stop
                0x00000000080086c0       0x18 ./Main/Src/motor.o
                0x00000000080086c0                Speed_Control_Stop
 .text.Position_Windowing
                0x00000000080086d8       0x60 ./Main/Src/second_drive.o
 .text.Sum_Position_Val
                0x0000000008008738       0x78 ./Main/Src/second_drive.o
 .text.Make_Position_Val
                0x00000000080087b0       0x38 ./Main/Src/second_drive.o
 .text.Positioning
                0x00000000080087e8       0x5a ./Main/Src/second_drive.o
 .text.Custom_Delay_us
                0x0000000008008842       0x50 ./Main/Src/second_drive.o
 .text.Custom_Delay_ms
                0x0000000008008892       0x20 ./Main/Src/second_drive.o
 *fill*         0x00000000080088b2        0x2 
 .text.Drive_Fit_In
                0x00000000080088b4       0xb0 ./Main/Src/second_drive.o
 .text.Is_Drive_End
                0x0000000008008964       0x90 ./Main/Src/second_drive.o
 .text.Mark_Masking
                0x00000000080089f4       0xf0 ./Main/Src/second_drive.o
 .text.Mark_Accumming
                0x0000000008008ae4       0xd0 ./Main/Src/second_drive.o
 .text.Mark_Accumming_Reset
                0x0000000008008bb4       0x18 ./Main/Src/second_drive.o
 .text.Is_Line_Out
                0x0000000008008bcc       0x24 ./Main/Src/second_drive.o
 .text.Is_Passed_Marker
                0x0000000008008bf0       0x30 ./Main/Src/second_drive.o
 .text.Decision
                0x0000000008008c20       0x90 ./Main/Src/second_drive.o
 .text.Drive_State_Machine
                0x0000000008008cb0      0x164 ./Main/Src/second_drive.o
 .text.Second_Drive
                0x0000000008008e14       0xc4 ./Main/Src/second_drive.o
                0x0000000008008e14                Second_Drive
 .text.Second_Drive_Cntl
                0x0000000008008ed8      0x100 ./Main/Src/second_drive.o
 .text.Set_Second_Drive_Data
                0x0000000008008fd8       0xb4 ./Main/Src/second_drive.o
 *fill*         0x000000000800908c        0x4 
 .text.Second_Drive_Straight_Boost_Cntl
                0x0000000008009090      0x408 ./Main/Src/second_drive.o
 .text.Second_Drive_Curve_Inline_Cntl
                0x0000000008009498      0x244 ./Main/Src/second_drive.o
 .text.LL_ADC_Enable
                0x00000000080096dc       0x20 ./Main/Src/sensor.o
 .text.LL_ADC_Disable
                0x00000000080096fc       0x20 ./Main/Src/sensor.o
 .text.LL_TIM_EnableCounter
                0x000000000800971c       0x20 ./Main/Src/sensor.o
 .text.LL_TIM_DisableCounter
                0x000000000800973c       0x20 ./Main/Src/sensor.o
 .text.LL_TIM_EnableIT_UPDATE
                0x000000000800975c       0x20 ./Main/Src/sensor.o
 .text.LL_TIM_DisableIT_UPDATE
                0x000000000800977c       0x20 ./Main/Src/sensor.o
 .text.Custom_Delay_us
                0x000000000800979c       0x50 ./Main/Src/sensor.o
 .text.Custom_Delay_ms
                0x00000000080097ec       0x20 ./Main/Src/sensor.o
 .text.Sensor_Start
                0x000000000800980c       0x30 ./Main/Src/sensor.o
                0x000000000800980c                Sensor_Start
 .text.Sensor_Stop
                0x000000000800983c       0x24 ./Main/Src/sensor.o
                0x000000000800983c                Sensor_Stop
 .text.Sensor_Calibration
                0x0000000008009860      0x27c ./Main/Src/sensor.o
                0x0000000008009860                Sensor_Calibration
 .text.__cvt    0x0000000008009adc       0xc4 /Applications/STM32CubeIDE.app/Contents/Eclipse/plugins/com.st.stm32cube.ide.mcu.externaltools.gnu-tools-for-stm32.11.3.rel1.macos64_1.1.100.202310310803/tools/bin/../lib/gcc/arm-none-eabi/11.3.1/../../../../arm-none-eabi/lib/thumb/v7e-m+fp/hard/libc_nano.a(libc_a-nano-vfprintf_float.o)
                0x0000000008009adc                __cvt
 .text.__exponent
                0x0000000008009ba0       0x7c /Applications/STM32CubeIDE.app/Contents/Eclipse/plugins/com.st.stm32cube.ide.mcu.externaltools.gnu-tools-for-stm32.11.3.rel1.macos64_1.1.100.202310310803/tools/bin/../lib/gcc/arm-none-eabi/11.3.1/../../../../arm-none-eabi/lib/thumb/v7e-m+fp/hard/libc_nano.a(libc_a-nano-vfprintf_float.o)
                0x0000000008009ba0                __exponent
 .text._printf_float
                0x0000000008009c1c      0x46c /Applications/STM32CubeIDE.app/Contents/Eclipse/plugins/com.st.stm32cube.ide.mcu.externaltools.gnu-tools-for-stm32.11.3.rel1.macos64_1.1.100.202310310803/tools/bin/../lib/gcc/arm-none-eabi/11.3.1/../../../../arm-none-eabi/lib/thumb/v7e-m+fp/hard/libc_nano.a(libc_a-nano-vfprintf_float.o)
                0x0000000008009c1c                _printf_float
 .text._printf_common
                0x000000000800a088       0xda /Applications/STM32CubeIDE.app/Contents/Eclipse/plugins/com.st.stm32cube.ide.mcu.externaltools.gnu-tools-for-stm32.11.3.rel1.macos64_1.1.100.202310310803/tools/bin/../lib/gcc/arm-none-eabi/11.3.1/../../../../arm-none-eabi/lib/thumb/v7e-m+fp/hard/libc_nano.a(libc_a-nano-vfprintf_i.o)
                0x000000000800a088                _printf_common
 *fill*         0x000000000800a162        0x2 
 .text._printf_i
                0x000000000800a164      0x244 /Applications/STM32CubeIDE.app/Contents/Eclipse/plugins/com.st.stm32cube.ide.mcu.externaltools.gnu-tools-for-stm32.11.3.rel1.macos64_1.1.100.202310310803/tools/bin/../lib/gcc/arm-none-eabi/11.3.1/../../../../arm-none-eabi/lib/thumb/v7e-m+fp/hard/libc_nano.a(libc_a-nano-vfprintf_i.o)
                0x000000000800a164                _printf_i
 .text.std      0x000000000800a3a8       0x6c /Applications/STM32CubeIDE.app/Contents/Eclipse/plugins/com.st.stm32cube.ide.mcu.externaltools.gnu-tools-for-stm32.11.3.rel1.macos64_1.1.100.202310310803/tools/bin/../lib/gcc/arm-none-eabi/11.3.1/../../../../arm-none-eabi/lib/thumb/v7e-m+fp/hard/libc_nano.a(libc_a-findfp.o)
 .text.stdio_exit_handler
                0x000000000800a414       0x18 /Applications/STM32CubeIDE.app/Contents/Eclipse/plugins/com.st.stm32cube.ide.mcu.externaltools.gnu-tools-for-stm32.11.3.rel1.macos64_1.1.100.202310310803/tools/bin/../lib/gcc/arm-none-eabi/11.3.1/../../../../arm-none-eabi/lib/thumb/v7e-m+fp/hard/libc_nano.a(libc_a-findfp.o)
 .text.cleanup_stdio
                0x000000000800a42c       0x40 /Applications/STM32CubeIDE.app/Contents/Eclipse/plugins/com.st.stm32cube.ide.mcu.externaltools.gnu-tools-for-stm32.11.3.rel1.macos64_1.1.100.202310310803/tools/bin/../lib/gcc/arm-none-eabi/11.3.1/../../../../arm-none-eabi/lib/thumb/v7e-m+fp/hard/libc_nano.a(libc_a-findfp.o)
 .text.global_stdio_init.part.0
                0x000000000800a46c       0x3c /Applications/STM32CubeIDE.app/Contents/Eclipse/plugins/com.st.stm32cube.ide.mcu.externaltools.gnu-tools-for-stm32.11.3.rel1.macos64_1.1.100.202310310803/tools/bin/../lib/gcc/arm-none-eabi/11.3.1/../../../../arm-none-eabi/lib/thumb/v7e-m+fp/hard/libc_nano.a(libc_a-findfp.o)
 .text.__sfp_lock_acquire
                0x000000000800a4a8        0xc /Applications/STM32CubeIDE.app/Contents/Eclipse/plugins/com.st.stm32cube.ide.mcu.externaltools.gnu-tools-for-stm32.11.3.rel1.macos64_1.1.100.202310310803/tools/bin/../lib/gcc/arm-none-eabi/11.3.1/../../../../arm-none-eabi/lib/thumb/v7e-m+fp/hard/libc_nano.a(libc_a-findfp.o)
                0x000000000800a4a8                __sfp_lock_acquire
 .text.__sfp_lock_release
                0x000000000800a4b4        0xc /Applications/STM32CubeIDE.app/Contents/Eclipse/plugins/com.st.stm32cube.ide.mcu.externaltools.gnu-tools-for-stm32.11.3.rel1.macos64_1.1.100.202310310803/tools/bin/../lib/gcc/arm-none-eabi/11.3.1/../../../../arm-none-eabi/lib/thumb/v7e-m+fp/hard/libc_nano.a(libc_a-findfp.o)
                0x000000000800a4b4                __sfp_lock_release
 .text.__sinit  0x000000000800a4c0       0x30 /Applications/STM32CubeIDE.app/Contents/Eclipse/plugins/com.st.stm32cube.ide.mcu.externaltools.gnu-tools-for-stm32.11.3.rel1.macos64_1.1.100.202310310803/tools/bin/../lib/gcc/arm-none-eabi/11.3.1/../../../../arm-none-eabi/lib/thumb/v7e-m+fp/hard/libc_nano.a(libc_a-findfp.o)
                0x000000000800a4c0                __sinit
 .text._fwalk_sglue
                0x000000000800a4f0       0x3c /Applications/STM32CubeIDE.app/Contents/Eclipse/plugins/com.st.stm32cube.ide.mcu.externaltools.gnu-tools-for-stm32.11.3.rel1.macos64_1.1.100.202310310803/tools/bin/../lib/gcc/arm-none-eabi/11.3.1/../../../../arm-none-eabi/lib/thumb/v7e-m+fp/hard/libc_nano.a(libc_a-fwalk.o)
                0x000000000800a4f0                _fwalk_sglue
 .text._vsprintf_r
                0x000000000800a52c       0x2c /Applications/STM32CubeIDE.app/Contents/Eclipse/plugins/com.st.stm32cube.ide.mcu.externaltools.gnu-tools-for-stm32.11.3.rel1.macos64_1.1.100.202310310803/tools/bin/../lib/gcc/arm-none-eabi/11.3.1/../../../../arm-none-eabi/lib/thumb/v7e-m+fp/hard/libc_nano.a(libc_a-vsprintf.o)
                0x000000000800a52c                _vsiprintf_r
                0x000000000800a52c                _vsprintf_r
 .text.vsprintf
                0x000000000800a558       0x14 /Applications/STM32CubeIDE.app/Contents/Eclipse/plugins/com.st.stm32cube.ide.mcu.externaltools.gnu-tools-for-stm32.11.3.rel1.macos64_1.1.100.202310310803/tools/bin/../lib/gcc/arm-none-eabi/11.3.1/../../../../arm-none-eabi/lib/thumb/v7e-m+fp/hard/libc_nano.a(libc_a-vsprintf.o)
                0x000000000800a558                vsprintf
                0x000000000800a558                vsiprintf
 .text.memset   0x000000000800a56c       0x10 /Applications/STM32CubeIDE.app/Contents/Eclipse/plugins/com.st.stm32cube.ide.mcu.externaltools.gnu-tools-for-stm32.11.3.rel1.macos64_1.1.100.202310310803/tools/bin/../lib/gcc/arm-none-eabi/11.3.1/../../../../arm-none-eabi/lib/thumb/v7e-m+fp/hard/libc_nano.a(libc_a-memset.o)
                0x000000000800a56c                memset
 .text._localeconv_r
                0x000000000800a57c        0x8 /Applications/STM32CubeIDE.app/Contents/Eclipse/plugins/com.st.stm32cube.ide.mcu.externaltools.gnu-tools-for-stm32.11.3.rel1.macos64_1.1.100.202310310803/tools/bin/../lib/gcc/arm-none-eabi/11.3.1/../../../../arm-none-eabi/lib/thumb/v7e-m+fp/hard/libc_nano.a(libc_a-localeconv.o)
                0x000000000800a57c                _localeconv_r
 .text.__errno  0x000000000800a584        0xc /Applications/STM32CubeIDE.app/Contents/Eclipse/plugins/com.st.stm32cube.ide.mcu.externaltools.gnu-tools-for-stm32.11.3.rel1.macos64_1.1.100.202310310803/tools/bin/../lib/gcc/arm-none-eabi/11.3.1/../../../../arm-none-eabi/lib/thumb/v7e-m+fp/hard/libc_nano.a(libc_a-errno.o)
                0x000000000800a584                __errno
 .text.__libc_init_array
                0x000000000800a590       0x48 /Applications/STM32CubeIDE.app/Contents/Eclipse/plugins/com.st.stm32cube.ide.mcu.externaltools.gnu-tools-for-stm32.11.3.rel1.macos64_1.1.100.202310310803/tools/bin/../lib/gcc/arm-none-eabi/11.3.1/../../../../arm-none-eabi/lib/thumb/v7e-m+fp/hard/libc_nano.a(libc_a-init.o)
                0x000000000800a590                __libc_init_array
 .text.__retarget_lock_init_recursive
                0x000000000800a5d8        0x2 /Applications/STM32CubeIDE.app/Contents/Eclipse/plugins/com.st.stm32cube.ide.mcu.externaltools.gnu-tools-for-stm32.11.3.rel1.macos64_1.1.100.202310310803/tools/bin/../lib/gcc/arm-none-eabi/11.3.1/../../../../arm-none-eabi/lib/thumb/v7e-m+fp/hard/libc_nano.a(libc_a-lock.o)
                0x000000000800a5d8                __retarget_lock_init_recursive
 .text.__retarget_lock_acquire_recursive
                0x000000000800a5da        0x2 /Applications/STM32CubeIDE.app/Contents/Eclipse/plugins/com.st.stm32cube.ide.mcu.externaltools.gnu-tools-for-stm32.11.3.rel1.macos64_1.1.100.202310310803/tools/bin/../lib/gcc/arm-none-eabi/11.3.1/../../../../arm-none-eabi/lib/thumb/v7e-m+fp/hard/libc_nano.a(libc_a-lock.o)
                0x000000000800a5da                __retarget_lock_acquire_recursive
 .text.__retarget_lock_release_recursive
                0x000000000800a5dc        0x2 /Applications/STM32CubeIDE.app/Contents/Eclipse/plugins/com.st.stm32cube.ide.mcu.externaltools.gnu-tools-for-stm32.11.3.rel1.macos64_1.1.100.202310310803/tools/bin/../lib/gcc/arm-none-eabi/11.3.1/../../../../arm-none-eabi/lib/thumb/v7e-m+fp/hard/libc_nano.a(libc_a-lock.o)
                0x000000000800a5dc                __retarget_lock_release_recursive
 .text.memcpy   0x000000000800a5de       0x1c /Applications/STM32CubeIDE.app/Contents/Eclipse/plugins/com.st.stm32cube.ide.mcu.externaltools.gnu-tools-for-stm32.11.3.rel1.macos64_1.1.100.202310310803/tools/bin/../lib/gcc/arm-none-eabi/11.3.1/../../../../arm-none-eabi/lib/thumb/v7e-m+fp/hard/libc_nano.a(libc_a-memcpy-stub.o)
                0x000000000800a5de                memcpy
 .text.quorem   0x000000000800a5fa      0x110 /Applications/STM32CubeIDE.app/Contents/Eclipse/plugins/com.st.stm32cube.ide.mcu.externaltools.gnu-tools-for-stm32.11.3.rel1.macos64_1.1.100.202310310803/tools/bin/../lib/gcc/arm-none-eabi/11.3.1/../../../../arm-none-eabi/lib/thumb/v7e-m+fp/hard/libc_nano.a(libc_a-dtoa.o)
 *fill*         0x000000000800a70a        0x6 
 .text._dtoa_r  0x000000000800a710      0xbe4 /Applications/STM32CubeIDE.app/Contents/Eclipse/plugins/com.st.stm32cube.ide.mcu.externaltools.gnu-tools-for-stm32.11.3.rel1.macos64_1.1.100.202310310803/tools/bin/../lib/gcc/arm-none-eabi/11.3.1/../../../../arm-none-eabi/lib/thumb/v7e-m+fp/hard/libc_nano.a(libc_a-dtoa.o)
                0x000000000800a710                _dtoa_r
 .text.__ssputs_r
                0x000000000800b2f4       0xb4 /Applications/STM32CubeIDE.app/Contents/Eclipse/plugins/com.st.stm32cube.ide.mcu.externaltools.gnu-tools-for-stm32.11.3.rel1.macos64_1.1.100.202310310803/tools/bin/../lib/gcc/arm-none-eabi/11.3.1/../../../../arm-none-eabi/lib/thumb/v7e-m+fp/hard/libc_nano.a(libc_a-nano-svfprintf.o)
                0x000000000800b2f4                __ssputs_r
 .text._svfprintf_r
                0x000000000800b3a8      0x1fc /Applications/STM32CubeIDE.app/Contents/Eclipse/plugins/com.st.stm32cube.ide.mcu.externaltools.gnu-tools-for-stm32.11.3.rel1.macos64_1.1.100.202310310803/tools/bin/../lib/gcc/arm-none-eabi/11.3.1/../../../../arm-none-eabi/lib/thumb/v7e-m+fp/hard/libc_nano.a(libc_a-nano-svfprintf.o)
                0x000000000800b3a8                _svfprintf_r
                0x000000000800b3a8                _svfiprintf_r
 .text.malloc   0x000000000800b5a4       0x10 /Applications/STM32CubeIDE.app/Contents/Eclipse/plugins/com.st.stm32cube.ide.mcu.externaltools.gnu-tools-for-stm32.11.3.rel1.macos64_1.1.100.202310310803/tools/bin/../lib/gcc/arm-none-eabi/11.3.1/../../../../arm-none-eabi/lib/thumb/v7e-m+fp/hard/libc_nano.a(libc_a-malloc.o)
                0x000000000800b5a4                malloc
 .text.sbrk_aligned
                0x000000000800b5b4       0x40 /Applications/STM32CubeIDE.app/Contents/Eclipse/plugins/com.st.stm32cube.ide.mcu.externaltools.gnu-tools-for-stm32.11.3.rel1.macos64_1.1.100.202310310803/tools/bin/../lib/gcc/arm-none-eabi/11.3.1/../../../../arm-none-eabi/lib/thumb/v7e-m+fp/hard/libc_nano.a(libc_a-mallocr.o)
 .text._malloc_r
                0x000000000800b5f4      0x100 /Applications/STM32CubeIDE.app/Contents/Eclipse/plugins/com.st.stm32cube.ide.mcu.externaltools.gnu-tools-for-stm32.11.3.rel1.macos64_1.1.100.202310310803/tools/bin/../lib/gcc/arm-none-eabi/11.3.1/../../../../arm-none-eabi/lib/thumb/v7e-m+fp/hard/libc_nano.a(libc_a-mallocr.o)
                0x000000000800b5f4                _malloc_r
 .text.__sflush_r
                0x000000000800b6f4      0x10c /Applications/STM32CubeIDE.app/Contents/Eclipse/plugins/com.st.stm32cube.ide.mcu.externaltools.gnu-tools-for-stm32.11.3.rel1.macos64_1.1.100.202310310803/tools/bin/../lib/gcc/arm-none-eabi/11.3.1/../../../../arm-none-eabi/lib/thumb/v7e-m+fp/hard/libc_nano.a(libc_a-fflush.o)
                0x000000000800b6f4                __sflush_r
 .text._fflush_r
                0x000000000800b800       0x50 /Applications/STM32CubeIDE.app/Contents/Eclipse/plugins/com.st.stm32cube.ide.mcu.externaltools.gnu-tools-for-stm32.11.3.rel1.macos64_1.1.100.202310310803/tools/bin/../lib/gcc/arm-none-eabi/11.3.1/../../../../arm-none-eabi/lib/thumb/v7e-m+fp/hard/libc_nano.a(libc_a-fflush.o)
                0x000000000800b800                _fflush_r
 .text.__malloc_lock
                0x000000000800b850        0xc /Applications/STM32CubeIDE.app/Contents/Eclipse/plugins/com.st.stm32cube.ide.mcu.externaltools.gnu-tools-for-stm32.11.3.rel1.macos64_1.1.100.202310310803/tools/bin/../lib/gcc/arm-none-eabi/11.3.1/../../../../arm-none-eabi/lib/thumb/v7e-m+fp/hard/libc_nano.a(libc_a-mlock.o)
                0x000000000800b850                __malloc_lock
 .text.__malloc_unlock
                0x000000000800b85c        0xc /Applications/STM32CubeIDE.app/Contents/Eclipse/plugins/com.st.stm32cube.ide.mcu.externaltools.gnu-tools-for-stm32.11.3.rel1.macos64_1.1.100.202310310803/tools/bin/../lib/gcc/arm-none-eabi/11.3.1/../../../../arm-none-eabi/lib/thumb/v7e-m+fp/hard/libc_nano.a(libc_a-mlock.o)
                0x000000000800b85c                __malloc_unlock
 .text._Balloc  0x000000000800b868       0x80 /Applications/STM32CubeIDE.app/Contents/Eclipse/plugins/com.st.stm32cube.ide.mcu.externaltools.gnu-tools-for-stm32.11.3.rel1.macos64_1.1.100.202310310803/tools/bin/../lib/gcc/arm-none-eabi/11.3.1/../../../../arm-none-eabi/lib/thumb/v7e-m+fp/hard/libc_nano.a(libc_a-mprec.o)
                0x000000000800b868                _Balloc
 .text._Bfree   0x000000000800b8e8       0x44 /Applications/STM32CubeIDE.app/Contents/Eclipse/plugins/com.st.stm32cube.ide.mcu.externaltools.gnu-tools-for-stm32.11.3.rel1.macos64_1.1.100.202310310803/tools/bin/../lib/gcc/arm-none-eabi/11.3.1/../../../../arm-none-eabi/lib/thumb/v7e-m+fp/hard/libc_nano.a(libc_a-mprec.o)
                0x000000000800b8e8                _Bfree
 .text.__multadd
                0x000000000800b92c       0x8c /Applications/STM32CubeIDE.app/Contents/Eclipse/plugins/com.st.stm32cube.ide.mcu.externaltools.gnu-tools-for-stm32.11.3.rel1.macos64_1.1.100.202310310803/tools/bin/../lib/gcc/arm-none-eabi/11.3.1/../../../../arm-none-eabi/lib/thumb/v7e-m+fp/hard/libc_nano.a(libc_a-mprec.o)
                0x000000000800b92c                __multadd
 .text.__hi0bits
                0x000000000800b9b8       0x40 /Applications/STM32CubeIDE.app/Contents/Eclipse/plugins/com.st.stm32cube.ide.mcu.externaltools.gnu-tools-for-stm32.11.3.rel1.macos64_1.1.100.202310310803/tools/bin/../lib/gcc/arm-none-eabi/11.3.1/../../../../arm-none-eabi/lib/thumb/v7e-m+fp/hard/libc_nano.a(libc_a-mprec.o)
                0x000000000800b9b8                __hi0bits
 .text.__lo0bits
                0x000000000800b9f8       0x5a /Applications/STM32CubeIDE.app/Contents/Eclipse/plugins/com.st.stm32cube.ide.mcu.externaltools.gnu-tools-for-stm32.11.3.rel1.macos64_1.1.100.202310310803/tools/bin/../lib/gcc/arm-none-eabi/11.3.1/../../../../arm-none-eabi/lib/thumb/v7e-m+fp/hard/libc_nano.a(libc_a-mprec.o)
                0x000000000800b9f8                __lo0bits
 *fill*         0x000000000800ba52        0x2 
 .text.__i2b    0x000000000800ba54       0x2c /Applications/STM32CubeIDE.app/Contents/Eclipse/plugins/com.st.stm32cube.ide.mcu.externaltools.gnu-tools-for-stm32.11.3.rel1.macos64_1.1.100.202310310803/tools/bin/../lib/gcc/arm-none-eabi/11.3.1/../../../../arm-none-eabi/lib/thumb/v7e-m+fp/hard/libc_nano.a(libc_a-mprec.o)
                0x000000000800ba54                __i2b
 .text.__multiply
                0x000000000800ba80      0x154 /Applications/STM32CubeIDE.app/Contents/Eclipse/plugins/com.st.stm32cube.ide.mcu.externaltools.gnu-tools-for-stm32.11.3.rel1.macos64_1.1.100.202310310803/tools/bin/../lib/gcc/arm-none-eabi/11.3.1/../../../../arm-none-eabi/lib/thumb/v7e-m+fp/hard/libc_nano.a(libc_a-mprec.o)
                0x000000000800ba80                __multiply
 .text.__pow5mult
                0x000000000800bbd4       0xb4 /Applications/STM32CubeIDE.app/Contents/Eclipse/plugins/com.st.stm32cube.ide.mcu.externaltools.gnu-tools-for-stm32.11.3.rel1.macos64_1.1.100.202310310803/tools/bin/../lib/gcc/arm-none-eabi/11.3.1/../../../../arm-none-eabi/lib/thumb/v7e-m+fp/hard/libc_nano.a(libc_a-mprec.o)
                0x000000000800bbd4                __pow5mult
 .text.__lshift
                0x000000000800bc88       0xd8 /Applications/STM32CubeIDE.app/Contents/Eclipse/plugins/com.st.stm32cube.ide.mcu.externaltools.gnu-tools-for-stm32.11.3.rel1.macos64_1.1.100.202310310803/tools/bin/../lib/gcc/arm-none-eabi/11.3.1/../../../../arm-none-eabi/lib/thumb/v7e-m+fp/hard/libc_nano.a(libc_a-mprec.o)
                0x000000000800bc88                __lshift
 .text.__mcmp   0x000000000800bd60       0x38 /Applications/STM32CubeIDE.app/Contents/Eclipse/plugins/com.st.stm32cube.ide.mcu.externaltools.gnu-tools-for-stm32.11.3.rel1.macos64_1.1.100.202310310803/tools/bin/../lib/gcc/arm-none-eabi/11.3.1/../../../../arm-none-eabi/lib/thumb/v7e-m+fp/hard/libc_nano.a(libc_a-mprec.o)
                0x000000000800bd60                __mcmp
 .text.__mdiff  0x000000000800bd98      0x114 /Applications/STM32CubeIDE.app/Contents/Eclipse/plugins/com.st.stm32cube.ide.mcu.externaltools.gnu-tools-for-stm32.11.3.rel1.macos64_1.1.100.202310310803/tools/bin/../lib/gcc/arm-none-eabi/11.3.1/../../../../arm-none-eabi/lib/thumb/v7e-m+fp/hard/libc_nano.a(libc_a-mprec.o)
                0x000000000800bd98                __mdiff
 .text.__d2b    0x000000000800beac       0xb4 /Applications/STM32CubeIDE.app/Contents/Eclipse/plugins/com.st.stm32cube.ide.mcu.externaltools.gnu-tools-for-stm32.11.3.rel1.macos64_1.1.100.202310310803/tools/bin/../lib/gcc/arm-none-eabi/11.3.1/../../../../arm-none-eabi/lib/thumb/v7e-m+fp/hard/libc_nano.a(libc_a-mprec.o)
                0x000000000800beac                __d2b
 .text.__sread  0x000000000800bf60       0x22 /Applications/STM32CubeIDE.app/Contents/Eclipse/plugins/com.st.stm32cube.ide.mcu.externaltools.gnu-tools-for-stm32.11.3.rel1.macos64_1.1.100.202310310803/tools/bin/../lib/gcc/arm-none-eabi/11.3.1/../../../../arm-none-eabi/lib/thumb/v7e-m+fp/hard/libc_nano.a(libc_a-stdio.o)
                0x000000000800bf60                __sread
 .text.__swrite
                0x000000000800bf82       0x38 /Applications/STM32CubeIDE.app/Contents/Eclipse/plugins/com.st.stm32cube.ide.mcu.externaltools.gnu-tools-for-stm32.11.3.rel1.macos64_1.1.100.202310310803/tools/bin/../lib/gcc/arm-none-eabi/11.3.1/../../../../arm-none-eabi/lib/thumb/v7e-m+fp/hard/libc_nano.a(libc_a-stdio.o)
                0x000000000800bf82                __swrite
 .text.__sseek  0x000000000800bfba       0x24 /Applications/STM32CubeIDE.app/Contents/Eclipse/plugins/com.st.stm32cube.ide.mcu.externaltools.gnu-tools-for-stm32.11.3.rel1.macos64_1.1.100.202310310803/tools/bin/../lib/gcc/arm-none-eabi/11.3.1/../../../../arm-none-eabi/lib/thumb/v7e-m+fp/hard/libc_nano.a(libc_a-stdio.o)
                0x000000000800bfba                __sseek
 .text.__sclose
                0x000000000800bfde        0x8 /Applications/STM32CubeIDE.app/Contents/Eclipse/plugins/com.st.stm32cube.ide.mcu.externaltools.gnu-tools-for-stm32.11.3.rel1.macos64_1.1.100.202310310803/tools/bin/../lib/gcc/arm-none-eabi/11.3.1/../../../../arm-none-eabi/lib/thumb/v7e-m+fp/hard/libc_nano.a(libc_a-stdio.o)
                0x000000000800bfde                __sclose
 .text._realloc_r
                0x000000000800bfe6       0x5e /Applications/STM32CubeIDE.app/Contents/Eclipse/plugins/com.st.stm32cube.ide.mcu.externaltools.gnu-tools-for-stm32.11.3.rel1.macos64_1.1.100.202310310803/tools/bin/../lib/gcc/arm-none-eabi/11.3.1/../../../../arm-none-eabi/lib/thumb/v7e-m+fp/hard/libc_nano.a(libc_a-reallocr.o)
                0x000000000800bfe6                _realloc_r
 .text.memmove  0x000000000800c044       0x34 /Applications/STM32CubeIDE.app/Contents/Eclipse/plugins/com.st.stm32cube.ide.mcu.externaltools.gnu-tools-for-stm32.11.3.rel1.macos64_1.1.100.202310310803/tools/bin/../lib/gcc/arm-none-eabi/11.3.1/../../../../arm-none-eabi/lib/thumb/v7e-m+fp/hard/libc_nano.a(libc_a-memmove.o)
                0x000000000800c044                memmove
 .text._close_r
                0x000000000800c078       0x20 /Applications/STM32CubeIDE.app/Contents/Eclipse/plugins/com.st.stm32cube.ide.mcu.externaltools.gnu-tools-for-stm32.11.3.rel1.macos64_1.1.100.202310310803/tools/bin/../lib/gcc/arm-none-eabi/11.3.1/../../../../arm-none-eabi/lib/thumb/v7e-m+fp/hard/libc_nano.a(libc_a-closer.o)
                0x000000000800c078                _close_r
 .text._lseek_r
                0x000000000800c098       0x24 /Applications/STM32CubeIDE.app/Contents/Eclipse/plugins/com.st.stm32cube.ide.mcu.externaltools.gnu-tools-for-stm32.11.3.rel1.macos64_1.1.100.202310310803/tools/bin/../lib/gcc/arm-none-eabi/11.3.1/../../../../arm-none-eabi/lib/thumb/v7e-m+fp/hard/libc_nano.a(libc_a-lseekr.o)
                0x000000000800c098                _lseek_r
 .text._read_r  0x000000000800c0bc       0x24 /Applications/STM32CubeIDE.app/Contents/Eclipse/plugins/com.st.stm32cube.ide.mcu.externaltools.gnu-tools-for-stm32.11.3.rel1.macos64_1.1.100.202310310803/tools/bin/../lib/gcc/arm-none-eabi/11.3.1/../../../../arm-none-eabi/lib/thumb/v7e-m+fp/hard/libc_nano.a(libc_a-readr.o)
                0x000000000800c0bc                _read_r
 .text._sbrk_r  0x000000000800c0e0       0x20 /Applications/STM32CubeIDE.app/Contents/Eclipse/plugins/com.st.stm32cube.ide.mcu.externaltools.gnu-tools-for-stm32.11.3.rel1.macos64_1.1.100.202310310803/tools/bin/../lib/gcc/arm-none-eabi/11.3.1/../../../../arm-none-eabi/lib/thumb/v7e-m+fp/hard/libc_nano.a(libc_a-sbrkr.o)
                0x000000000800c0e0                _sbrk_r
 .text._write_r
                0x000000000800c100       0x24 /Applications/STM32CubeIDE.app/Contents/Eclipse/plugins/com.st.stm32cube.ide.mcu.externaltools.gnu-tools-for-stm32.11.3.rel1.macos64_1.1.100.202310310803/tools/bin/../lib/gcc/arm-none-eabi/11.3.1/../../../../arm-none-eabi/lib/thumb/v7e-m+fp/hard/libc_nano.a(libc_a-writer.o)
                0x000000000800c100                _write_r
 .text.__assert_func
                0x000000000800c124       0x3c /Applications/STM32CubeIDE.app/Contents/Eclipse/plugins/com.st.stm32cube.ide.mcu.externaltools.gnu-tools-for-stm32.11.3.rel1.macos64_1.1.100.202310310803/tools/bin/../lib/gcc/arm-none-eabi/11.3.1/../../../../arm-none-eabi/lib/thumb/v7e-m+fp/hard/libc_nano.a(libc_a-assert.o)
                0x000000000800c124                __assert_func
 .text._calloc_r
                0x000000000800c160       0x2c /Applications/STM32CubeIDE.app/Contents/Eclipse/plugins/com.st.stm32cube.ide.mcu.externaltools.gnu-tools-for-stm32.11.3.rel1.macos64_1.1.100.202310310803/tools/bin/../lib/gcc/arm-none-eabi/11.3.1/../../../../arm-none-eabi/lib/thumb/v7e-m+fp/hard/libc_nano.a(libc_a-callocr.o)
                0x000000000800c160                _calloc_r
 .text._free_r  0x000000000800c18c       0x98 /Applications/STM32CubeIDE.app/Contents/Eclipse/plugins/com.st.stm32cube.ide.mcu.externaltools.gnu-tools-for-stm32.11.3.rel1.macos64_1.1.100.202310310803/tools/bin/../lib/gcc/arm-none-eabi/11.3.1/../../../../arm-none-eabi/lib/thumb/v7e-m+fp/hard/libc_nano.a(libc_a-freer.o)
                0x000000000800c18c                _free_r
 .text.__ascii_mbtowc
                0x000000000800c224       0x24 /Applications/STM32CubeIDE.app/Contents/Eclipse/plugins/com.st.stm32cube.ide.mcu.externaltools.gnu-tools-for-stm32.11.3.rel1.macos64_1.1.100.202310310803/tools/bin/../lib/gcc/arm-none-eabi/11.3.1/../../../../arm-none-eabi/lib/thumb/v7e-m+fp/hard/libc_nano.a(libc_a-mbtowc_r.o)
                0x000000000800c224                __ascii_mbtowc
 .text._malloc_usable_size_r
                0x000000000800c248       0x10 /Applications/STM32CubeIDE.app/Contents/Eclipse/plugins/com.st.stm32cube.ide.mcu.externaltools.gnu-tools-for-stm32.11.3.rel1.macos64_1.1.100.202310310803/tools/bin/../lib/gcc/arm-none-eabi/11.3.1/../../../../arm-none-eabi/lib/thumb/v7e-m+fp/hard/libc_nano.a(libc_a-msizer.o)
                0x000000000800c248                _malloc_usable_size_r
 .text.fprintf  0x000000000800c258       0x24 /Applications/STM32CubeIDE.app/Contents/Eclipse/plugins/com.st.stm32cube.ide.mcu.externaltools.gnu-tools-for-stm32.11.3.rel1.macos64_1.1.100.202310310803/tools/bin/../lib/gcc/arm-none-eabi/11.3.1/../../../../arm-none-eabi/lib/thumb/v7e-m+fp/hard/libc_nano.a(libc_a-fprintf.o)
                0x000000000800c258                fprintf
                0x000000000800c258                fiprintf
 .text.__ascii_wctomb
                0x000000000800c27c       0x1a /Applications/STM32CubeIDE.app/Contents/Eclipse/plugins/com.st.stm32cube.ide.mcu.externaltools.gnu-tools-for-stm32.11.3.rel1.macos64_1.1.100.202310310803/tools/bin/../lib/gcc/arm-none-eabi/11.3.1/../../../../arm-none-eabi/lib/thumb/v7e-m+fp/hard/libc_nano.a(libc_a-wctomb_r.o)
                0x000000000800c27c                __ascii_wctomb
 .text.abort    0x000000000800c296        0xe /Applications/STM32CubeIDE.app/Contents/Eclipse/plugins/com.st.stm32cube.ide.mcu.externaltools.gnu-tools-for-stm32.11.3.rel1.macos64_1.1.100.202310310803/tools/bin/../lib/gcc/arm-none-eabi/11.3.1/../../../../arm-none-eabi/lib/thumb/v7e-m+fp/hard/libc_nano.a(libc_a-abort.o)
                0x000000000800c296                abort
 .text.__sfputc_r
                0x000000000800c2a4       0x2e /Applications/STM32CubeIDE.app/Contents/Eclipse/plugins/com.st.stm32cube.ide.mcu.externaltools.gnu-tools-for-stm32.11.3.rel1.macos64_1.1.100.202310310803/tools/bin/../lib/gcc/arm-none-eabi/11.3.1/../../../../arm-none-eabi/lib/thumb/v7e-m+fp/hard/libc_nano.a(libc_a-nano-vfprintf.o)
 .text.__sfputs_r
                0x000000000800c2d2       0x24 /Applications/STM32CubeIDE.app/Contents/Eclipse/plugins/com.st.stm32cube.ide.mcu.externaltools.gnu-tools-for-stm32.11.3.rel1.macos64_1.1.100.202310310803/tools/bin/../lib/gcc/arm-none-eabi/11.3.1/../../../../arm-none-eabi/lib/thumb/v7e-m+fp/hard/libc_nano.a(libc_a-nano-vfprintf.o)
                0x000000000800c2d2                __sfputs_r
 *fill*         0x000000000800c2f6        0x2 
 .text._vfprintf_r
                0x000000000800c2f8      0x234 /Applications/STM32CubeIDE.app/Contents/Eclipse/plugins/com.st.stm32cube.ide.mcu.externaltools.gnu-tools-for-stm32.11.3.rel1.macos64_1.1.100.202310310803/tools/bin/../lib/gcc/arm-none-eabi/11.3.1/../../../../arm-none-eabi/lib/thumb/v7e-m+fp/hard/libc_nano.a(libc_a-nano-vfprintf.o)
                0x000000000800c2f8                _vfiprintf_r
                0x000000000800c2f8                _vfprintf_r
 .text.__swbuf_r
                0x000000000800c52c       0x7a /Applications/STM32CubeIDE.app/Contents/Eclipse/plugins/com.st.stm32cube.ide.mcu.externaltools.gnu-tools-for-stm32.11.3.rel1.macos64_1.1.100.202310310803/tools/bin/../lib/gcc/arm-none-eabi/11.3.1/../../../../arm-none-eabi/lib/thumb/v7e-m+fp/hard/libc_nano.a(libc_a-wbuf.o)
                0x000000000800c52c                __swbuf_r
 *fill*         0x000000000800c5a6        0x2 
 .text.__swsetup_r
                0x000000000800c5a8       0xb0 /Applications/STM32CubeIDE.app/Contents/Eclipse/plugins/com.st.stm32cube.ide.mcu.externaltools.gnu-tools-for-stm32.11.3.rel1.macos64_1.1.100.202310310803/tools/bin/../lib/gcc/arm-none-eabi/11.3.1/../../../../arm-none-eabi/lib/thumb/v7e-m+fp/hard/libc_nano.a(libc_a-wsetup.o)
                0x000000000800c5a8                __swsetup_r
 .text.__swhatbuf_r
                0x000000000800c658       0x4c /Applications/STM32CubeIDE.app/Contents/Eclipse/plugins/com.st.stm32cube.ide.mcu.externaltools.gnu-tools-for-stm32.11.3.rel1.macos64_1.1.100.202310310803/tools/bin/../lib/gcc/arm-none-eabi/11.3.1/../../../../arm-none-eabi/lib/thumb/v7e-m+fp/hard/libc_nano.a(libc_a-makebuf.o)
                0x000000000800c658                __swhatbuf_r
 .text.__smakebuf_r
                0x000000000800c6a4       0x78 /Applications/STM32CubeIDE.app/Contents/Eclipse/plugins/com.st.stm32cube.ide.mcu.externaltools.gnu-tools-for-stm32.11.3.rel1.macos64_1.1.100.202310310803/tools/bin/../lib/gcc/arm-none-eabi/11.3.1/../../../../arm-none-eabi/lib/thumb/v7e-m+fp/hard/libc_nano.a(libc_a-makebuf.o)
                0x000000000800c6a4                __smakebuf_r
 .text._fstat_r
                0x000000000800c71c       0x24 /Applications/STM32CubeIDE.app/Contents/Eclipse/plugins/com.st.stm32cube.ide.mcu.externaltools.gnu-tools-for-stm32.11.3.rel1.macos64_1.1.100.202310310803/tools/bin/../lib/gcc/arm-none-eabi/11.3.1/../../../../arm-none-eabi/lib/thumb/v7e-m+fp/hard/libc_nano.a(libc_a-fstatr.o)
                0x000000000800c71c                _fstat_r
 .text._isatty_r
                0x000000000800c740       0x20 /Applications/STM32CubeIDE.app/Contents/Eclipse/plugins/com.st.stm32cube.ide.mcu.externaltools.gnu-tools-for-stm32.11.3.rel1.macos64_1.1.100.202310310803/tools/bin/../lib/gcc/arm-none-eabi/11.3.1/../../../../arm-none-eabi/lib/thumb/v7e-m+fp/hard/libc_nano.a(libc_a-isattyr.o)
                0x000000000800c740                _isatty_r
 .text._raise_r
                0x000000000800c760       0x50 /Applications/STM32CubeIDE.app/Contents/Eclipse/plugins/com.st.stm32cube.ide.mcu.externaltools.gnu-tools-for-stm32.11.3.rel1.macos64_1.1.100.202310310803/tools/bin/../lib/gcc/arm-none-eabi/11.3.1/../../../../arm-none-eabi/lib/thumb/v7e-m+fp/hard/libc_nano.a(libc_a-signal.o)
                0x000000000800c760                _raise_r
 .text.raise    0x000000000800c7b0       0x10 /Applications/STM32CubeIDE.app/Contents/Eclipse/plugins/com.st.stm32cube.ide.mcu.externaltools.gnu-tools-for-stm32.11.3.rel1.macos64_1.1.100.202310310803/tools/bin/../lib/gcc/arm-none-eabi/11.3.1/../../../../arm-none-eabi/lib/thumb/v7e-m+fp/hard/libc_nano.a(libc_a-signal.o)
                0x000000000800c7b0                raise
 .text._kill_r  0x000000000800c7c0       0x24 /Applications/STM32CubeIDE.app/Contents/Eclipse/plugins/com.st.stm32cube.ide.mcu.externaltools.gnu-tools-for-stm32.11.3.rel1.macos64_1.1.100.202310310803/tools/bin/../lib/gcc/arm-none-eabi/11.3.1/../../../../arm-none-eabi/lib/thumb/v7e-m+fp/hard/libc_nano.a(libc_a-signalr.o)
                0x000000000800c7c0                _kill_r
 .text._getpid_r
                0x000000000800c7e4        0x4 /Applications/STM32CubeIDE.app/Contents/Eclipse/plugins/com.st.stm32cube.ide.mcu.externaltools.gnu-tools-for-stm32.11.3.rel1.macos64_1.1.100.202310310803/tools/bin/../lib/gcc/arm-none-eabi/11.3.1/../../../../arm-none-eabi/lib/thumb/v7e-m+fp/hard/libc_nano.a(libc_a-signalr.o)
                0x000000000800c7e4                _getpid_r
 *(.glue_7)
 .glue_7        0x000000000800c7e8        0x0 linker stubs
 *(.glue_7t)
 .glue_7t       0x000000000800c7e8        0x0 linker stubs
 *(.eh_frame)
 .eh_frame      0x000000000800c7e8        0x0 /Applications/STM32CubeIDE.app/Contents/Eclipse/plugins/com.st.stm32cube.ide.mcu.externaltools.gnu-tools-for-stm32.11.3.rel1.macos64_1.1.100.202310310803/tools/bin/../lib/gcc/arm-none-eabi/11.3.1/thumb/v7e-m+fp/hard/crtbegin.o
 *(.init)
 .init          0x000000000800c7e8        0x4 /Applications/STM32CubeIDE.app/Contents/Eclipse/plugins/com.st.stm32cube.ide.mcu.externaltools.gnu-tools-for-stm32.11.3.rel1.macos64_1.1.100.202310310803/tools/bin/../lib/gcc/arm-none-eabi/11.3.1/thumb/v7e-m+fp/hard/crti.o
                0x000000000800c7e8                _init
 .init          0x000000000800c7ec        0x8 /Applications/STM32CubeIDE.app/Contents/Eclipse/plugins/com.st.stm32cube.ide.mcu.externaltools.gnu-tools-for-stm32.11.3.rel1.macos64_1.1.100.202310310803/tools/bin/../lib/gcc/arm-none-eabi/11.3.1/thumb/v7e-m+fp/hard/crtn.o
 *(.fini)
 .fini          0x000000000800c7f4        0x4 /Applications/STM32CubeIDE.app/Contents/Eclipse/plugins/com.st.stm32cube.ide.mcu.externaltools.gnu-tools-for-stm32.11.3.rel1.macos64_1.1.100.202310310803/tools/bin/../lib/gcc/arm-none-eabi/11.3.1/thumb/v7e-m+fp/hard/crti.o
                0x000000000800c7f4                _fini
 .fini          0x000000000800c7f8        0x8 /Applications/STM32CubeIDE.app/Contents/Eclipse/plugins/com.st.stm32cube.ide.mcu.externaltools.gnu-tools-for-stm32.11.3.rel1.macos64_1.1.100.202310310803/tools/bin/../lib/gcc/arm-none-eabi/11.3.1/thumb/v7e-m+fp/hard/crtn.o
                0x000000000800c800                . = ALIGN (0x4)
                0x000000000800c800                _etext = .

.vfp11_veneer   0x000000000800c800        0x0
 .vfp11_veneer  0x000000000800c800        0x0 linker stubs

.v4_bx          0x000000000800c800        0x0
 .v4_bx         0x000000000800c800        0x0 linker stubs

.iplt           0x000000000800c800        0x0
 .iplt          0x000000000800c800        0x0 /Applications/STM32CubeIDE.app/Contents/Eclipse/plugins/com.st.stm32cube.ide.mcu.externaltools.gnu-tools-for-stm32.11.3.rel1.macos64_1.1.100.202310310803/tools/bin/../lib/gcc/arm-none-eabi/11.3.1/thumb/v7e-m+fp/hard/crtbegin.o

.rodata         0x000000000800c800      0xeec
                0x000000000800c800                . = ALIGN (0x4)
 *(.rodata)
 .rodata        0x000000000800c800       0xe3 ./External Library/Src/custom_flash.o
 *fill*         0x000000000800c8e3        0x1 
 .rodata        0x000000000800c8e4       0x25 ./External Library/Src/custom_oled.o
 *fill*         0x000000000800c909        0x3 
 .rodata        0x000000000800c90c       0x69 ./Main/Src/drive_data_tools.o
 *fill*         0x000000000800c975        0x3 
 .rodata        0x000000000800c978      0x140 ./Main/Src/drive_preset.o
 .rodata        0x000000000800cab8       0x76 ./Main/Src/first_drive.o
 *fill*         0x000000000800cb2e        0x2 
 .rodata        0x000000000800cb30      0x144 ./Main/Src/init.o
 .rodata        0x000000000800cc74      0x3b7 ./Main/Src/linetracer_test.o
 *fill*         0x000000000800d02b        0x1 
 .rodata        0x000000000800d02c       0x27 ./Main/Src/second_drive.o
 *fill*         0x000000000800d053        0x1 
 .rodata        0x000000000800d054       0x70 ./Main/Src/sensor.o
 *(.rodata*)
 .rodata.OFFSET_TAB_CCMRx
                0x000000000800d0c4        0x7 ./Core/Src/main.o
 *fill*         0x000000000800d0cb        0x1 
 .rodata.SHIFT_TAB_OCxx
                0x000000000800d0cc        0x7 ./Core/Src/main.o
 *fill*         0x000000000800d0d3        0x1 
 .rodata.SHIFT_TAB_ICxx
                0x000000000800d0d4        0x7 ./Core/Src/main.o
 *fill*         0x000000000800d0db        0x1 
 .rodata.SHIFT_TAB_CCxP
                0x000000000800d0dc        0x7 ./Core/Src/main.o
 *fill*         0x000000000800d0e3        0x1 
 .rodata.AHBPrescTable
                0x000000000800d0e4       0x10 ./Core/Src/system_stm32f4xx.o
                0x000000000800d0e4                AHBPrescTable
 .rodata.APBPrescTable
                0x000000000800d0f4        0x8 ./Core/Src/system_stm32f4xx.o
                0x000000000800d0f4                APBPrescTable
 .rodata.STARFONT_ASCII
                0x000000000800d0fc      0x280 ./External Library/Src/custom_oled.o
                0x000000000800d0fc                STARFONT_ASCII
 .rodata._printf_float.str1.1
                0x000000000800d37c       0x12 /Applications/STM32CubeIDE.app/Contents/Eclipse/plugins/com.st.stm32cube.ide.mcu.externaltools.gnu-tools-for-stm32.11.3.rel1.macos64_1.1.100.202310310803/tools/bin/../lib/gcc/arm-none-eabi/11.3.1/../../../../arm-none-eabi/lib/thumb/v7e-m+fp/hard/libc_nano.a(libc_a-nano-vfprintf_float.o)
 .rodata._printf_i.str1.1
                0x000000000800d38e       0x22 /Applications/STM32CubeIDE.app/Contents/Eclipse/plugins/com.st.stm32cube.ide.mcu.externaltools.gnu-tools-for-stm32.11.3.rel1.macos64_1.1.100.202310310803/tools/bin/../lib/gcc/arm-none-eabi/11.3.1/../../../../arm-none-eabi/lib/thumb/v7e-m+fp/hard/libc_nano.a(libc_a-nano-vfprintf_i.o)
 .rodata._dtoa_r.str1.1
                0x000000000800d3b0       0x8d /Applications/STM32CubeIDE.app/Contents/Eclipse/plugins/com.st.stm32cube.ide.mcu.externaltools.gnu-tools-for-stm32.11.3.rel1.macos64_1.1.100.202310310803/tools/bin/../lib/gcc/arm-none-eabi/11.3.1/../../../../arm-none-eabi/lib/thumb/v7e-m+fp/hard/libc_nano.a(libc_a-dtoa.o)
                                         0x8f (size before relaxing)
 .rodata._svfprintf_r.str1.1
                0x000000000800d43d       0x11 /Applications/STM32CubeIDE.app/Contents/Eclipse/plugins/com.st.stm32cube.ide.mcu.externaltools.gnu-tools-for-stm32.11.3.rel1.macos64_1.1.100.202310310803/tools/bin/../lib/gcc/arm-none-eabi/11.3.1/../../../../arm-none-eabi/lib/thumb/v7e-m+fp/hard/libc_nano.a(libc_a-nano-svfprintf.o)
 .rodata._Balloc.str1.1
                0x000000000800d44e       0x59 /Applications/STM32CubeIDE.app/Contents/Eclipse/plugins/com.st.stm32cube.ide.mcu.externaltools.gnu-tools-for-stm32.11.3.rel1.macos64_1.1.100.202310310803/tools/bin/../lib/gcc/arm-none-eabi/11.3.1/../../../../arm-none-eabi/lib/thumb/v7e-m+fp/hard/libc_nano.a(libc_a-mprec.o)
                                         0x70 (size before relaxing)
 .rodata.__multadd.str1.1
                0x000000000800d4a7       0x11 /Applications/STM32CubeIDE.app/Contents/Eclipse/plugins/com.st.stm32cube.ide.mcu.externaltools.gnu-tools-for-stm32.11.3.rel1.macos64_1.1.100.202310310803/tools/bin/../lib/gcc/arm-none-eabi/11.3.1/../../../../arm-none-eabi/lib/thumb/v7e-m+fp/hard/libc_nano.a(libc_a-mprec.o)
 *fill*         0x000000000800d4a7        0x1 
 .rodata.__mprec_bigtens
                0x000000000800d4a8       0x28 /Applications/STM32CubeIDE.app/Contents/Eclipse/plugins/com.st.stm32cube.ide.mcu.externaltools.gnu-tools-for-stm32.11.3.rel1.macos64_1.1.100.202310310803/tools/bin/../lib/gcc/arm-none-eabi/11.3.1/../../../../arm-none-eabi/lib/thumb/v7e-m+fp/hard/libc_nano.a(libc_a-mprec.o)
                0x000000000800d4a8                __mprec_bigtens
 .rodata.__mprec_tens
                0x000000000800d4d0       0xc8 /Applications/STM32CubeIDE.app/Contents/Eclipse/plugins/com.st.stm32cube.ide.mcu.externaltools.gnu-tools-for-stm32.11.3.rel1.macos64_1.1.100.202310310803/tools/bin/../lib/gcc/arm-none-eabi/11.3.1/../../../../arm-none-eabi/lib/thumb/v7e-m+fp/hard/libc_nano.a(libc_a-mprec.o)
                0x000000000800d4d0                __mprec_tens
 .rodata.p05.0  0x000000000800d598        0xc /Applications/STM32CubeIDE.app/Contents/Eclipse/plugins/com.st.stm32cube.ide.mcu.externaltools.gnu-tools-for-stm32.11.3.rel1.macos64_1.1.100.202310310803/tools/bin/../lib/gcc/arm-none-eabi/11.3.1/../../../../arm-none-eabi/lib/thumb/v7e-m+fp/hard/libc_nano.a(libc_a-mprec.o)
 .rodata._setlocale_r.str1.1
                0x000000000800d5a4        0x8 /Applications/STM32CubeIDE.app/Contents/Eclipse/plugins/com.st.stm32cube.ide.mcu.externaltools.gnu-tools-for-stm32.11.3.rel1.macos64_1.1.100.202310310803/tools/bin/../lib/gcc/arm-none-eabi/11.3.1/../../../../arm-none-eabi/lib/thumb/v7e-m+fp/hard/libc_nano.a(libc_a-locale.o)
                                          0x9 (size before relaxing)
 .rodata.str1.1
                0x000000000800d5ac        0x2 /Applications/STM32CubeIDE.app/Contents/Eclipse/plugins/com.st.stm32cube.ide.mcu.externaltools.gnu-tools-for-stm32.11.3.rel1.macos64_1.1.100.202310310803/tools/bin/../lib/gcc/arm-none-eabi/11.3.1/../../../../arm-none-eabi/lib/thumb/v7e-m+fp/hard/libc_nano.a(libc_a-locale.o)
 .rodata._ctype_
                0x000000000800d5ae      0x101 /Applications/STM32CubeIDE.app/Contents/Eclipse/plugins/com.st.stm32cube.ide.mcu.externaltools.gnu-tools-for-stm32.11.3.rel1.macos64_1.1.100.202310310803/tools/bin/../lib/gcc/arm-none-eabi/11.3.1/../../../../arm-none-eabi/lib/thumb/v7e-m+fp/hard/libc_nano.a(libc_a-ctype_.o)
                0x000000000800d5ae                _ctype_
 .rodata.__assert_func.str1.1