/Users/j93es/workspace/c/step_tracer_masterCode/Nucleo-Linetracer/External Library/Inc/custom_delay.h:20:22:Custom_Delay_us	16	static
/Users/j93es/workspace/c/step_tracer_masterCode/Nucleo-Linetracer/External Library/Inc/custom_delay.h:28:22:Custom_Delay_ms	16	static
../Main/Src/first_drive.c:18:9:Get_Line_Sensor_Cnt	4	static
../Main/Src/first_drive.c:25:9:Get_Marker_Sensor_Cnt	4	static
../Main/Src/first_drive.c:33:6:First_Drive	24	static
../Main/Src/first_drive.c:84:6:Drive_State_Machine	8	static
../Main/Src/first_drive.c:193:6:Decision	16	static
../Main/Src/first_drive.c:248:6:Drive_Fit_In	16	static
../Main/Src/first_drive.c:258:9:Is_Drive_End	16	static
