../Drivers/STM32F4xx_HAL_Driver/Inc/stm32f4xx_ll_tim.h:1446:22:LL_TIM_SetAutoReload	16	static
/Users/j93es/workspace/c/step_tracer_masterCode/Nucleo-Linetracer/External Library/Inc/custom_delay.h:20:22:Custom_Delay_us	16	static
/Users/j93es/workspace/c/step_tracer_masterCode/Nucleo-Linetracer/External Library/Inc/custom_delay.h:28:22:Custom_Delay_ms	16	static
/Users/j93es/workspace/c/step_tracer_masterCode/Nucleo-Linetracer/Main/Inc/drive_speed_ctrl.h:108:22:Motor_L_Speed_Control	16	static
/Users/j93es/workspace/c/step_tracer_masterCode/Nucleo-Linetracer/Main/Inc/drive_speed_ctrl.h:113:22:Motor_R_Speed_Control	16	static
/Users/j93es/workspace/c/step_tracer_masterCode/Nucleo-Linetracer/External Library/Inc/custom_gpio.h:54:20:Custom_GPIO_Set_t	16	static
../Main/Src/linetracer_test.c:25:6:Sensor_Test_Raw	48	static
../Main/Src/linetracer_test.c:47:6:Sensor_Test_Normalized	48	static
../Main/Src/linetracer_test.c:67:6:Sensor_Test_State	56	static
../Main/Src/linetracer_test.c:111:6:Motor_Test_Phase	16	static
../Main/Src/linetracer_test.c:178:6:Motor_Test_Velocity	32	static
../Main/Src/linetracer_test.c:218:6:Drive_Test_Position	16	static
../Main/Src/linetracer_test.c:248:6:Current_Setting	24	static
