../Drivers/STM32F4xx_HAL_Driver/Inc/stm32f4xx_ll_tim.h:1446:22:LL_TIM_SetAutoReload	16	static
../Drivers/STM32F4xx_HAL_Driver/Inc/stm32f4xx_ll_tim.h:3182:22:LL_TIM_ClearFlag_UPDATE	16	static
/Users/j93es/workspace/c/step_tracer_masterCode/Nucleo-Linetracer/Main/Inc/sensor.h:69:22:Sensor_TIM5_IRQ	8	static
/Users/j93es/workspace/c/step_tracer_masterCode/Nucleo-Linetracer/Main/Inc/drive_speed_ctrl.h:108:22:Motor_L_Speed_Control	16	static
/Users/j93es/workspace/c/step_tracer_masterCode/Nucleo-Linetracer/Main/Inc/drive_speed_ctrl.h:113:22:Motor_R_Speed_Control	16	static
/Users/j93es/workspace/c/step_tracer_masterCode/Nucleo-Linetracer/Main/Inc/drive_speed_ctrl.h:119:22:Drive_Speed_Accele_Cntl	4	static
/Users/j93es/workspace/c/step_tracer_masterCode/Nucleo-Linetracer/Main/Inc/drive_speed_ctrl.h:149:22:Make_Position_Val	24	static
/Users/j93es/workspace/c/step_tracer_masterCode/Nucleo-Linetracer/Main/Inc/drive_speed_ctrl.h:170:22:Drive_TIM9_IRQ	16	static
/Users/j93es/workspace/c/step_tracer_masterCode/Nucleo-Linetracer/External Library/Inc/custom_gpio.h:54:20:Custom_GPIO_Set_t	16	static
/Users/j93es/workspace/c/step_tracer_masterCode/Nucleo-Linetracer/Main/Inc/motor.h:43:22:Motor_L_TIM3_IRQ	8	static
/Users/j93es/workspace/c/step_tracer_masterCode/Nucleo-Linetracer/Main/Inc/motor.h:62:22:Motor_R_TIM4_IRQ	8	static
../Core/Src/stm32f4xx_it.c:72:6:NMI_Handler	4	static
../Core/Src/stm32f4xx_it.c:86:6:HardFault_Handler	8	static
../Core/Src/stm32f4xx_it.c:102:6:MemManage_Handler	8	static
../Core/Src/stm32f4xx_it.c:118:6:BusFault_Handler	8	static
../Core/Src/stm32f4xx_it.c:134:6:UsageFault_Handler	8	static
../Core/Src/stm32f4xx_it.c:150:6:SVC_Handler	4	static
../Core/Src/stm32f4xx_it.c:163:6:DebugMon_Handler	4	static
../Core/Src/stm32f4xx_it.c:176:6:PendSV_Handler	4	static
../Core/Src/stm32f4xx_it.c:188:6:SysTick_Handler	4	static
../Core/Src/stm32f4xx_it.c:208:6:TIM1_BRK_TIM9_IRQHandler	8	static
../Core/Src/stm32f4xx_it.c:222:6:TIM3_IRQHandler	8	static
../Core/Src/stm32f4xx_it.c:235:6:TIM4_IRQHandler	8	static
../Core/Src/stm32f4xx_it.c:248:6:TIM5_IRQHandler	8	static
